# gmm-latgen-faster --max-active=7000 --beam=13.0 --lattice-beam=6.0 --acoustic-scale=0.083333 --allow-partial=true --word-symbol-table=exp_254102311/tri_8_2000/graph_254102311/words.txt exp_254102311/tri_8_2000/final.mdl exp_254102311/tri_8_2000/graph_254102311/HCLG.fst "ark,s,cs:apply-cmvn  --utt2spk=ark:data/test/split1/1/utt2spk scp:data/test/split1/1/cmvn.scp scp:data/test/split1/1/feats.scp ark:- | add-deltas  ark:- ark:- |" "ark:|gzip -c > exp_254102311/tri_8_2000/decode_254102311/lat.1.gz" 
# Started at Thu Apr 30 11:09:19 IST 2026
#
gmm-latgen-faster --max-active=7000 --beam=13.0 --lattice-beam=6.0 --acoustic-scale=0.083333 --allow-partial=true --word-symbol-table=exp_254102311/tri_8_2000/graph_254102311/words.txt exp_254102311/tri_8_2000/final.mdl exp_254102311/tri_8_2000/graph_254102311/HCLG.fst 'ark,s,cs:apply-cmvn  --utt2spk=ark:data/test/split1/1/utt2spk scp:data/test/split1/1/cmvn.scp scp:data/test/split1/1/feats.scp ark:- | add-deltas  ark:- ark:- |' 'ark:|gzip -c > exp_254102311/tri_8_2000/decode_254102311/lat.1.gz' 
add-deltas ark:- ark:- 
apply-cmvn --utt2spk=ark:data/test/split1/1/utt2spk scp:data/test/split1/1/cmvn.scp scp:data/test/split1/1/feats.scp ark:- 
103-1240-0013 HE WAS THE SHYNESS MAN OF LIFE AND HE DID HAVE TO GO AMONG STRANGERS OR TO ANY PLACE WHERE HE MIGHT HAVE TO TALK KNAPP YOU DRESSED UP WITH A WHITE COLLAR AND DRIVING IN A BODY WAS SOMETHING THAT DIDN'T HAVE BEEN OFTEN MISSUS GRATEFUL PONDEROUS SHE MIGHT COULD MAKE NOTHING OF IT 
LOG (gmm-latgen-faster[5.5.1182~1-e02e3]:DecodeUtteranceLatticeFaster():decoder-wrappers.cc:375) Log-like per frame for utterance 103-1240-0013 is -8.49319 over 1524 frames.
103-1240-0027 THEY WERE THREE PLAY PLAYED SO THAT TO ALLOW MUST BE EXPECTING SOMEWHAT HOME WITH THAT THE DUTY BY PETITIONS FOR EVERYDAY DISHES AND I WAS ON A CREDIBLE PRESERVE SOME ONE KIND OF TAKE SO THAT THE EXPECTED COMPANY COULD NOT BE ANY PARTICULAR COMPANY 
LOG (gmm-latgen-faster[5.5.1182~1-e02e3]:DecodeUtteranceLatticeFaster():decoder-wrappers.cc:375) Log-like per frame for utterance 103-1240-0027 is -8.48468 over 1395 frames.
103-1240-0044 SO THAT HE WENT BY PREFER TO MEET HIM WITH THE SPENSER WHAT TROTTED OFF THEIR OF COURSE HE GOES ON TO LIGHT SENSATION HERSELF WITH HIS RIGHT TO A PRIVATE HERSELF AND ALWAYS SPEAKING HER MIND SHE PROCEEDED TO SPEAK IT NOW HAVING EXHAUSTED HER MENTAL ATTITUDE TO THIS AMAZING PIECE OF NEWS 
LOG (gmm-latgen-faster[5.5.1182~1-e02e3]:DecodeUtteranceLatticeFaster():decoder-wrappers.cc:375) Log-like per frame for utterance 103-1240-0044 is -8.45365 over 1637 frames.
103-1241-0035 AND IN FATE HAD ALL FLOWERS AND NODDING PLUME IS A GOLD WATCHING KEEP WANTS AND BOOTS AND FELT SURE THAT WIDE AWAKE AND I DON'T LET IT TO THE IRELAND ALL MY MIND I WASN'T IT TAKES A CUNNING OF WENT ABOUT THAT IT WAS MISSUS SPENSER ALTHOUGH SHE GENERALLY USE 
LOG (gmm-latgen-faster[5.5.1182~1-e02e3]:DecodeUtteranceLatticeFaster():decoder-wrappers.cc:375) Log-like per frame for utterance 103-1241-0035 is -8.69427 over 1553 frames.
103-1241-0037 I'LL THEREIN NOT MORE A CHILLY PEACE ALL WIND BLEW THE SKY LADIES THE GLOOMY ITS PLACE IT IS NOT ALREADY AND SO GLAD AM GOING TO LIVE HERE HAVE ALWAYS TRIED TO PRINCESS REQUIRED THAT THE PRIEST PLACE IN THE WEALTH 
LOG (gmm-latgen-faster[5.5.1182~1-e02e3]:DecodeUtteranceLatticeFaster():decoder-wrappers.cc:375) Log-like per frame for utterance 103-1241-0037 is -8.76584 over 1276 frames.
118-121721-0002 HANDS AND AT JUSTINIAN WAS ANY LADY MAY STEAK THICK TO WORK IS STOP GONE BACK FIGHTER THE MOSQUITO BALANCE SOMETHING OR AT MY BOOK KEEPERS AND OFTEN MUST VITAL BIRDS 
LOG (gmm-latgen-faster[5.5.1182~1-e02e3]:DecodeUtteranceLatticeFaster():decoder-wrappers.cc:375) Log-like per frame for utterance 118-121721-0002 is -8.08201 over 1400 frames.
118-121721-0011 STILL WISH FROM A NEW LIFE FIGURES IN THE RAIN CALMED BY A LAUGH CARRY OFF TO CARTHAGE ARE TAKING OF WHICH ILLUSIONS FROM EYES VERY 
LOG (gmm-latgen-faster[5.5.1182~1-e02e3]:DecodeUtteranceLatticeFaster():decoder-wrappers.cc:375) Log-like per frame for utterance 118-121721-0011 is -8.06479 over 1073 frames.
118-124588-0004 WAS SOMETHING TO RECOVER IT THIS AFFAIR TO LEAD DISPOSED OF IMPOSSIBLE TO ERIE ASKED A GENTLEMAN IN HIS WIFE HAVING MISTAKE AND SOME ONE ELSE FOR SOME REMOTE SQUARE HELMS AND LIKEWISE LEARN ALL ABOUT THE MAN'S DOINGS ON THE PRIEST AFTERNOON 
LOG (gmm-latgen-faster[5.5.1182~1-e02e3]:DecodeUtteranceLatticeFaster():decoder-wrappers.cc:375) Log-like per frame for utterance 118-124588-0004 is -8.48673 over 1355 frames.
118-124588-0007 OR VERY OUTSIDE TWO HUNDRED YARDS FOR THE RING MUST INEVITABLY HEAVEN ENCOUNTERED BY A LOOK HERE 
LOG (gmm-latgen-faster[5.5.1182~1-e02e3]:DecodeUtteranceLatticeFaster():decoder-wrappers.cc:375) Log-like per frame for utterance 118-124588-0007 is -8.40947 over 637 frames.
118-124588-0020 THEIR LIVES FOR WHICH TO THROW ANY LED THE PIOUSLY AND BILLS OR PLAIN ENGLISH SWORD IN DESCRIBE THE MAN'S PERSON PARENTS WERE EXHIBITED IN EVERY BAR ROOM AND OTHER GOODS BUT HE WAS PLACE FOR A LAST CHANCE TYRANNY ADJACENT HOUSE IT IS 
LOG (gmm-latgen-faster[5.5.1182~1-e02e3]:DecodeUtteranceLatticeFaster():decoder-wrappers.cc:375) Log-like per frame for utterance 118-124588-0020 is -8.50863 over 1429 frames.
118-47824-0011 TRANSFORMED INTO THE BELIEVE HE HAD ANY CONNECTION WITH HER SWEET BLOODLESS MIGHT YET SAYS CLEAR IS EVER THE HOLY IN YOUR DISCERNMENT IN WHICH A FIGURE HE SHOULD BE UNTIL BARLEY PERSISTED IN A PRIM ADVISED 
LOG (gmm-latgen-faster[5.5.1182~1-e02e3]:DecodeUtteranceLatticeFaster():decoder-wrappers.cc:375) Log-like per frame for utterance 118-47824-0011 is -8.74037 over 1344 frames.
118-47824-0029 IN HIM AS FOR MONEY ONLY A CONFLICT SO THE GRAND OR GRASPED THE FACT SUPPORTER LURCHED AS SHE FEARED HIS IS UNRIVALLED POSSESSED ONE VIRTUE DID DIVERTED BODIES THE STUMP EARLY FROM LONG DORMANT FOR HIS INABILITY TO TROT A COURSE 
LOG (gmm-latgen-faster[5.5.1182~1-e02e3]:DecodeUtteranceLatticeFaster():decoder-wrappers.cc:375) Log-like per frame for utterance 118-47824-0029 is -8.84502 over 1521 frames.
118-47824-0033 SUPPORT OF MISTER AND CUT OFF ON THIS WAS ROUSED UP INTO THE STEEL ACTUALLY DICTATE AND WHEN THE LOWER RIVER SINCE THE COST ME FOR WHICH I ONCE WORKED HIS OPPONENT WERE IN HEAT WHEN IT WAS SOME LOCAL FALL WERE BOUND AWAY INTO THE OPENING AND WHAT'S MORE 
LOG (gmm-latgen-faster[5.5.1182~1-e02e3]:DecodeUtteranceLatticeFaster():decoder-wrappers.cc:375) Log-like per frame for utterance 118-47824-0033 is -9.03936 over 1460 frames.
118-47824-0045 AND WENT ABOUT ME YES TO THE HOUSE CORNER USE NO OBJECTION TO THE GENTLEMAN AS A NEW FROCK THE PRESENT IF YOU WISHES BARLEY ANSWERED 
LOG (gmm-latgen-faster[5.5.1182~1-e02e3]:DecodeUtteranceLatticeFaster():decoder-wrappers.cc:375) Log-like per frame for utterance 118-47824-0045 is -8.65287 over 879 frames.
118-47824-0064 HE ASKED HE ATE NOR IS WHAT HAPPENED JUST A SUBTLE SOME SUBTLE CONSIDER CERTAIN UNKNOWN TO FIT OF A BODY ANSWERED THIS MORNING POST AND THE CREEKS 
LOG (gmm-latgen-faster[5.5.1182~1-e02e3]:DecodeUtteranceLatticeFaster():decoder-wrappers.cc:375) Log-like per frame for utterance 118-47824-0064 is -8.72222 over 1038 frames.
118-47824-0077 GET A FLASH OF TEMPER HAD GIVEN AND COURAGE TO FACE YOUR DEAL BUILDING YOUR AND RESENTMENT AND RAN SUGGESTION LESSON THE DIFFICULTY OF HIS POSITION AND TURNED THE COURT IS SCARCELY GLANCE OF THE BLACK WIND IN THE MORE BUT WHAT MAN IN THE WHOLE WON'T EVER TURN 
LOG (gmm-latgen-faster[5.5.1182~1-e02e3]:DecodeUtteranceLatticeFaster():decoder-wrappers.cc:375) Log-like per frame for utterance 118-47824-0077 is -8.78175 over 1617 frames.
118-47824-0079 HIS EYES STARTING THE FIRE HIS FINGERS ON THE TERRIBLE RESTLESS DOCTOR GROOM TOOK THE FOR THE STAIRS TALKING THE CLERGY WOULD BESTOW UNCONSCIOUS FIGURE 
LOG (gmm-latgen-faster[5.5.1182~1-e02e3]:DecodeUtteranceLatticeFaster():decoder-wrappers.cc:375) Log-like per frame for utterance 118-47824-0079 is -8.75479 over 991 frames.
125-121124-0002 HE SLEEVES INDEED ON THIS IS THE MORE STRANGE SINCE THE LEAST CONTRADICTION KEEPS AND AWAKE ALL NIGHT 
LOG (gmm-latgen-faster[5.5.1182~1-e02e3]:DecodeUtteranceLatticeFaster():decoder-wrappers.cc:375) Log-like per frame for utterance 125-121124-0002 is -8.57841 over 691 frames.
125-121124-0004 GREAT DOES NOT STAND ME I HAVE NOT BEEN IN BED FOR TO NIGHT'S BUT THEN LIFTED MY DESK SEE WHAT I HAVE RING DURING THESE TWO DAYS AND NIGHTS I HAVE FAIL THOSE PAPERS AND HAVE MADE OUT THE ACCUSATION AGAINST THE INCESSANT BENEDETTO 
LOG (gmm-latgen-faster[5.5.1182~1-e02e3]:DecodeUtteranceLatticeFaster():decoder-wrappers.cc:375) Log-like per frame for utterance 125-121124-0004 is -8.35289 over 1486 frames.
125-121124-0025 AND ADVANCED TO MEET HIM WITH A SAD WILL AFFABLE SMILE WELL SAID THE EXTENDING HIS HAND TO MONTE CRISTO 
LOG (gmm-latgen-faster[5.5.1182~1-e02e3]:DecodeUtteranceLatticeFaster():decoder-wrappers.cc:375) Log-like per frame for utterance 125-121124-0025 is -8.28423 over 796 frames.
125-121124-0034 FAMILY GRAVES OR INDEED ANY OTHER REFLECTION WHICH THE CRASH OF MEN WHOSE CHILD WAS HIS ONLY TREASURER WORE A DURABLE TO A MILLIONAIRE FALL ALL SUFFER AS MAY WELL SAID A AND PRACTICAL MAN WILL ALWAYS SUPPORT THE OPINION 
LOG (gmm-latgen-faster[5.5.1182~1-e02e3]:DecodeUtteranceLatticeFaster():decoder-wrappers.cc:375) Log-like per frame for utterance 125-121124-0034 is -8.38119 over 1426 frames.
125-121124-0044 IT IS INDEED SAID AND THUS IT IS A FINE EATING TO HAVE SUCH CAUGHT IT REALLY IT IS ONLY IN FRANCE THESE THINGS ARE DONE FIVE MILLION AND FIVE SUBTLE SCRAPS OF PAPER IT MUST BE SEEN TO BE BELIEVED 
LOG (gmm-latgen-faster[5.5.1182~1-e02e3]:DecodeUtteranceLatticeFaster():decoder-wrappers.cc:375) Log-like per frame for utterance 125-121124-0044 is -8.30752 over 1368 frames.
125-121124-0073 FOR WHAT REASON BECAUSE THEY WOULD NOT SPEND MONEY SO BEAUTIFULLY ACQUIRED 
LOG (gmm-latgen-faster[5.5.1182~1-e02e3]:DecodeUtteranceLatticeFaster():decoder-wrappers.cc:375) Log-like per frame for utterance 125-121124-0073 is -8.26453 over 518 frames.
125-121124-0079 CERTAINLY IF ONLY COST YOU IT IS COUNT OF FIVE THOUSAND A SIX THOUSAND FRANCS THE RECEIVER STARTED BACK NOT FOR HE SAID I PREFER WAY INTO TO MORROW WHAT A PROPOSITION 
LOG (gmm-latgen-faster[5.5.1182~1-e02e3]:DecodeUtteranceLatticeFaster():decoder-wrappers.cc:375) Log-like per frame for utterance 125-121124-0079 is -8.3363 over 1196 frames.
125-121124-0082 NOW SAID THE BANK AND I HAD APPEARED RATHER RIDICULOUS AS THE AFFAIRS BENEDETTO SIGH REMAIN IN THE BACKGROUND BACH YOUR WRONG HOW YOU TO BLAME AND THAT A FAIR 
LOG (gmm-latgen-faster[5.5.1182~1-e02e3]:DecodeUtteranceLatticeFaster():decoder-wrappers.cc:375) Log-like per frame for utterance 125-121124-0082 is -8.3033 over 1072 frames.
125-121342-0000 A THOUSAND TEETH AND SLEEP I'M FLY WITH COLD DESIRES RESTRAINED BEFORE TO CLEVER LIFE FOR IT WITH THE CRY AS DARK FLY SOUND A GRAIN DOOR AND SO IN QUEST OF CREED TO SHARE I SEE TO SEARCH OF DAY CAN 
LOG (gmm-latgen-faster[5.5.1182~1-e02e3]:DecodeUtteranceLatticeFaster():decoder-wrappers.cc:375) Log-like per frame for utterance 125-121342-0000 is -8.2014 over 1402 frames.
125-121342-0013 AND ALWAYS THERE WAS ECONOMICAL STEPHANUS OF AND ARE WINTER AND ALONG SUMMERS NIGHT MESS OF PERSPIRATION TWINS STICKY AND FELT THE WALLS THIRTY RESTAURANTS ARE CAROLINE'S TIRED PEOPLE HELPED THEMSELVES TO SHIVER WITH THEIR OWN USED COFFEE SPOONS 
LOG (gmm-latgen-faster[5.5.1182~1-e02e3]:DecodeUtteranceLatticeFaster():decoder-wrappers.cc:375) Log-like per frame for utterance 125-121342-0013 is -8.29346 over 1507 frames.
125-121342-0017 HOW THE SMELL OF IT HAD SUDDENLY CLEARED THE AIR AND GET IN EVERY ONE IN THE CAR A MOMENTARY GLOW HAD TO TEST THE PEOPLE THOUGHT IN RECENTLY FOR HE COMFORTING POUR POVERTY MAY HAVE BEEN BEAUTIFUL ONCE BUT AT BRIGHT AND NOW 
LOG (gmm-latgen-faster[5.5.1182~1-e02e3]:DecodeUtteranceLatticeFaster():decoder-wrappers.cc:375) Log-like per frame for utterance 125-121342-0017 is -8.28176 over 1457 frames.
150-126107-0007 HE FOUND THAT HE WAS APPROACHING THE OF SPIRITS OF THIS FOREST FOR THE TRAINS HAD NOT SO THIN THAT HE COULD SEE THE SOUNDS OF THROUGH THEM AND HE SENT HIM UPON A KIND OF HE NEXT HE CAME UPON SIGNS OF HEALING NEIGHBORHOOD 
LOG (gmm-latgen-faster[5.5.1182~1-e02e3]:DecodeUtteranceLatticeFaster():decoder-wrappers.cc:375) Log-like per frame for utterance 150-126107-0007 is -8.46365 over 1447 frames.
150-126107-0017 WHAT DOES HIS HEAD YOU CALL ME DOWN OUT OF THE WATER AND FROM EACH THE BOTTOM OF THE AIR I NEVER DID YOU ANY HARM PARDON ME I DID NOT MEAN TO HER TO I DON'T BELIEVE YOU HAVE ANY BRAINS AND THAT IS THE WORDS LOST IN YOUR READY GRAVITY 
LOG (gmm-latgen-faster[5.5.1182~1-e02e3]:DecodeUtteranceLatticeFaster():decoder-wrappers.cc:375) Log-like per frame for utterance 150-126107-0017 is -8.4908 over 1539 frames.
150-126107-0022 ANSWER THE PRINCESS COME THEN SAID THE PRINCE THE CONDITION OF HER DRESS INCREASING HER USUAL DIFFICULTY IN WALKING COMPELLED HEARD INCLINED HIM AND HE COULD HARDLY PERSUADE HIMSELF THAT HE WAS NOT IN A DELIGHTFUL DREAM 
LOG (gmm-latgen-faster[5.5.1182~1-e02e3]:DecodeUtteranceLatticeFaster():decoder-wrappers.cc:375) Log-like per frame for utterance 150-126107-0022 is -8.37944 over 1599 frames.
150-126107-0025 IT SEEMED TO ME LIKE GOING OUT REJOINED HE LIVED FEELING WAS CERTAINLY ONE OF ELEVATION TO THE PRINCE CONCEDED THE PRINCESS DID NOT APPEAR TO UNDERSTAND HIM FOR SEA RETORTED HIS QUESTION 
LOG (gmm-latgen-faster[5.5.1182~1-e02e3]:DecodeUtteranceLatticeFaster():decoder-wrappers.cc:375) Log-like per frame for utterance 150-126107-0025 is -8.16361 over 1433 frames.
150-126112-0000 THIS IS VERY KIND OF VIEW THE PRINCE WHAT TO DRESS FOR THE OCCASION FOR HE WAS RESOLVED TO DILATE THE PRINCE WHEN THE PRINCESS HEARD THAT A MAN HAD OFFERED TO DIVE FOR HER 
LOG (gmm-latgen-faster[5.5.1182~1-e02e3]:DecodeUtteranceLatticeFaster():decoder-wrappers.cc:375) Log-like per frame for utterance 150-126112-0000 is -7.96742 over 1329 frames.
150-126112-0011 TO THEIR EAT FOR HOURS PASSED IN THIS WAY THE PRINCESS APPARENTLY ASLEEP AND THE PRINCE VERY PATIENT BUT HE WILL AS MUCH DISAPPOINTED IN HIS POSITION FOR HE HAD NONE OF THE CONSOLATION HE HAD HOPED BEFORE 
LOG (gmm-latgen-faster[5.5.1182~1-e02e3]:DecodeUtteranceLatticeFaster():decoder-wrappers.cc:375) Log-like per frame for utterance 150-126112-0011 is -8.18104 over 1570 frames.
150-126112-0019 AND SOON SHE WAS CONSCIOUS ANCIENT AND SITTING DOWN SHE DID LOOK AT HIM AND KEPT LOOKING AT HIM WITH WONDERFUL STEADINESS CONSIDERING ALL THINGS THE SUN WENT DOWN AND THE MOON AROSE 
LOG (gmm-latgen-faster[5.5.1182~1-e02e3]:DecodeUtteranceLatticeFaster():decoder-wrappers.cc:375) Log-like per frame for utterance 150-126112-0019 is -8.25414 over 1395 frames.
150-126112-0025 HE DID NOT SPEAK AGAIN THE PRINCESS GAVE HIM SOME LINE FOR THE LAST TIME HE WAS PASSED EATING THEN SHE SAT DOWN AGAIN AND LOOKED AT HIM THE WATER ROSE AND AROSE 
LOG (gmm-latgen-faster[5.5.1182~1-e02e3]:DecodeUtteranceLatticeFaster():decoder-wrappers.cc:375) Log-like per frame for utterance 150-126112-0025 is -7.8462 over 1403 frames.
150-126112-0027 HE BREATHE THROUGH HIS NOSTRILS THE PRINCESS LEARNT WILD AND COVERED HIS NOSTRILS HER EYES TO A SCARED AND SHONE STRANGE IN THE MOONLIGHT HIS HEAD FELL BACK THE WATER CLOSED OVER IT 
LOG (gmm-latgen-faster[5.5.1182~1-e02e3]:DecodeUtteranceLatticeFaster():decoder-wrappers.cc:375) Log-like per frame for utterance 150-126112-0027 is -8.0211 over 1581 frames.
150-126112-0028 AND THE BOTTLES OF HIS LAST BREATH A BULL BUT THROUGH THE WATER THE PRINCESS GAVE A SHRIEK AND SPRANG INTO THE LATE SHE LAID HOLD FIRST OF ONE LEG AND THEN OF THE OTHER AND COLD AND COULD THAT SHE COULD NOT MOVE I DARE HE STOPPED TO TAKE BREATH 
LOG (gmm-latgen-faster[5.5.1182~1-e02e3]:DecodeUtteranceLatticeFaster():decoder-wrappers.cc:375) Log-like per frame for utterance 150-126112-0028 is -8.35005 over 1644 frames.
150-126112-0031 BUT WHEN SHE DID SHE FAINTED AWAY COMING TO HERSELF SHE SEES THE OARS KEPT OR SO STUDY AS BEST SHE COULD AND WROTE A ROAD THAT SHE HAD NEVER ROAD BEFORE ROUND ROCKS AND OVER SHALLOWS AND THREW MUD HE RODE 
LOG (gmm-latgen-faster[5.5.1182~1-e02e3]:DecodeUtteranceLatticeFaster():decoder-wrappers.cc:375) Log-like per frame for utterance 150-126112-0031 is -8.37453 over 1484 frames.
150-132655-0021 I CONTENT MYSELF OFFENDING THERE FOR SALE THE FRUITS OF THE GARDEN WHICH I CALLED BUT HAVING SO THESE WORDS HE INVITED TO STRANGERS AND HIS HOUSE HIS TWO SONS AND HER DAUGHTERS PRISON TO THEM WITH SEVERAL SWORDS AND SURE THAT WHICH THEY MADE THEMSELVES 
LOG (gmm-latgen-faster[5.5.1182~1-e02e3]:DecodeUtteranceLatticeFaster():decoder-wrappers.cc:375) Log-like per frame for utterance 150-132655-0021 is -8.58319 over 1458 frames.
150-132655-0025 OR ENDURE SAID KIND LOSSES EXTREMELY DANGEROUS ACCORDING TO THE TESTIMONY OF THE FULL OFFERS FOR IN SHORT AND LONGED KING OF ALL AT WAS A FASCINATED BY A GOOD OUNCE ALARM OF ONE BY HIS HAIR AND PIERCED OF FREEDOM OR ITS 
LOG (gmm-latgen-faster[5.5.1182~1-e02e3]:DecodeUtteranceLatticeFaster():decoder-wrappers.cc:375) Log-like per frame for utterance 150-132655-0025 is -8.52611 over 1422 frames.
150-132655-0029 THAT WE MUST CULTIVATE FOR BARTON YOU ARE RIGHT SAID PAYNE LOSS FOR ONE MAN WAS FIRST PLACED IN THE GARDEN OF THE GLOOM HE WAS PUT THEIR GOOD TO ALL THERE ARE INTO HIM THAT HE MIGHT CULTIVATED WHICH SHOWS THAT MAN WAS NOT BORN TO BE IDOL 
LOG (gmm-latgen-faster[5.5.1182~1-e02e3]:DecodeUtteranceLatticeFaster():decoder-wrappers.cc:375) Log-like per frame for utterance 150-132655-0029 is -8.51942 over 1519 frames.
163-121908-0006 NEXT NIGHT A LOW FOR IT HAS ITS PROPER CAUSES THE UNFORESEEN AN UNEXPECTED CONCURRENCE OF WHICH HAS BROUGHT THE CHANTS ABOUT FOR HAD NOT TO CULTIVATE OR BEEN TAKING 
LOG (gmm-latgen-faster[5.5.1182~1-e02e3]:DecodeUtteranceLatticeFaster():decoder-wrappers.cc:375) Log-like per frame for utterance 163-121908-0006 is -8.01623 over 1435 frames.
163-122947-0074 CREATURE HAD A CREATOR HER UNITED A MAN DARES NOT ONLY MATTER SHRED EXCESS CLAY MY HAIR FOLLY CHAOS BUT THERE'S FAULTS OF THE CREATOR 
LOG (gmm-latgen-faster[5.5.1182~1-e02e3]:DecodeUtteranceLatticeFaster():decoder-wrappers.cc:375) Log-like per frame for utterance 163-122947-0074 is -7.87141 over 1539 frames.
163-122947-0083 HONESTY GRANTING THAT IT IS THE VIRTUE OF WHICH WE CANNOT WOULD OURSELVES WEEK FREE SPIRITS WELL WE WILL LABOUR IT WITH COLOR PERVERSE IN LOVE 
LOG (gmm-latgen-faster[5.5.1182~1-e02e3]:DecodeUtteranceLatticeFaster():decoder-wrappers.cc:375) Log-like per frame for utterance 163-122947-0083 is -8.10633 over 1182 frames.
163-122947-0094 HAD SINCE HE KNEW IN ITSELF FAULTS SO AND THESE MORE LUSTS AND ONE THAT CERTAINLY READ WITH A LIGHT OF THEIR MOTIVES IF ONE MUST REAP CONCEAL THIS TIME UNDER THE NEW FORM OF THE SCIENTIFIC SPIRIT 
LOG (gmm-latgen-faster[5.5.1182~1-e02e3]:DecodeUtteranceLatticeFaster():decoder-wrappers.cc:375) Log-like per frame for utterance 163-122947-0094 is -8.05513 over 1515 frames.
19-198-0003 BUT COME AND ARE IN TREAT HIM TO BEAR IN MIND THAT FIFTEEN YEARS HALF PAST SINCE IT WAS FINISHED MANY MORE OFFENSIVE WAS BE DONE AND THAT DARING THAT PERIOD PLACES MENACE BOOKS AND OPINIONS HAD UNDERGONE CONSIDERABLE CHANGES 
LOG (gmm-latgen-faster[5.5.1182~1-e02e3]:DecodeUtteranceLatticeFaster():decoder-wrappers.cc:375) Log-like per frame for utterance 19-198-0003 is -8.13851 over 1546 frames.
19-198-0036 WHO ALONE IN THE CHIEF OF THE PROPERTY OF THAT FALL WENT IN THE VILLAGE AND WELL SIR WHERE THE MORNIN'S MAN WAS ORDERED TO BACK FOR THE BENEFIT OF AND OUT THE CONSTITUTION IN HIS LADY AND GOOD HUMORED WOMAN FOND OF A SMILE AND THEN HE PROBABLY AWARE THAT IT 
LOG (gmm-latgen-faster[5.5.1182~1-e02e3]:DecodeUtteranceLatticeFaster():decoder-wrappers.cc:375) Log-like per frame for utterance 19-198-0036 is -8.26212 over 1583 frames.
19-227-0016 AS THE CAUSE OF HIS INFUSION HE DID NOT ADDRESSED HIMSELF TO AN AND HANDED JUDGE OR A RESENTFUL HOT FAR FROM COMPREHENDING HIM MORE HIS SISTER IN THEIR FATHERS TO HIS CONDUCT 
LOG (gmm-latgen-faster[5.5.1182~1-e02e3]:DecodeUtteranceLatticeFaster():decoder-wrappers.cc:375) Log-like per frame for utterance 19-227-0016 is -8.03998 over 1267 frames.
19-227-0038 HAD ACCIDENTALLY INQUIRED OF THE LARK IF HE KNEW MORE OF HER THAN HER NAME FELL ARE MOST HAPPY TO BE ON SPEAKING TERMS WITH A MAN OF GENERAL TO LEAVE IMPORTANCE HAD BEEN JOYFULLY AND PROUDLY COMMUNICATE HIM 
LOG (gmm-latgen-faster[5.5.1182~1-e02e3]:DecodeUtteranceLatticeFaster():decoder-wrappers.cc:375) Log-like per frame for utterance 19-227-0038 is -8.13959 over 1480 frames.
19-227-0046 UPON SENT INTELLIGENCE THE GENERAL HAD PRECEDED FAR NEVER HAD IT OCCURRED TO HIM TO DOUBT HIS AUTHORITY PHILIPS INTEREST IN THE FAMILY BY HIS SISTERS APPROACHING CONNECTION WITH ONE OF ITS MEMBERS 
LOG (gmm-latgen-faster[5.5.1182~1-e02e3]:DecodeUtteranceLatticeFaster():decoder-wrappers.cc:375) Log-like per frame for utterance 19-227-0046 is -8.0465 over 1382 frames.
19-227-0050 CAST THEIR AND HERSELF COULD NOT BE MORE IGNORANCE THAT THE TIME OF ALL THIS THAN HIS OWN CHILDREN HENRY AND ELLEN OR PERCEIVING NOTHING IN HIS SITUATION LIKELY TO ENGAGE THEIR FATHERS PARTICULAR RESPECTS 
LOG (gmm-latgen-faster[5.5.1182~1-e02e3]:DecodeUtteranceLatticeFaster():decoder-wrappers.cc:375) Log-like per frame for utterance 19-227-0050 is -8.06332 over 1380 frames.
19-227-0063 IN WHAT POINTS HIS OWN CONJUNCTURE IS MINE TO ASSIST HIM AND WHY PORTION MUST YET REMAINED TO BE TAUGHT IN A LETTER FROM JAMES 
LOG (gmm-latgen-faster[5.5.1182~1-e02e3]:DecodeUtteranceLatticeFaster():decoder-wrappers.cc:375) Log-like per frame for utterance 19-227-0063 is -8.2449 over 847 frames.
19-227-0064 CAST THEIR IN AT ANY RATE HEARD ENOUGH TO FEEL THAT IN SUSPECT IN GENERAL TILL THE ABBEY THEIR MARGUERITE ARE SHOUTING UP HIS WIFE SHE HAD SCARCELY SEND AGAINST HIS CHARACTER ARE MEN OF FIVE HIS CRUELTY 
LOG (gmm-latgen-faster[5.5.1182~1-e02e3]:DecodeUtteranceLatticeFaster():decoder-wrappers.cc:375) Log-like per frame for utterance 19-227-0064 is -8.19177 over 1370 frames.
196-122150-0020 THE DETERMINATION TO WOUND SAFELY THROUGH EXISTENCE DID HIM THAT GOSSIPING CROWD THE YOU TO SEE MAN SEEMED AT FIRST MORE AND SUBSTANTIAL THAN SO MANY SHADOWS BUT AT LENGTH HE FOUND A FASCINATION IN THE SIDE OF THOSE MAN 
LOG (gmm-latgen-faster[5.5.1182~1-e02e3]:DecodeUtteranceLatticeFaster():decoder-wrappers.cc:375) Log-like per frame for utterance 196-122150-0020 is -8.13137 over 1603 frames.
196-122150-0024 THE STREAM THE BOARD OVER THREE GANGWAY IS THE STREAM THEN URGED BY FAITH IN THE HOPE OF PARADISE RESTRAINED IN WITH CONTINUOUS TRAMP AND SHOPFUL OF THEIR FEET WITHOUT A WORD A MURMURED OR A LOOKED BACK 
LOG (gmm-latgen-faster[5.5.1182~1-e02e3]:DecodeUtteranceLatticeFaster():decoder-wrappers.cc:375) Log-like per frame for utterance 196-122150-0024 is -8.13239 over 1442 frames.
196-122150-0025 AND ONE CLEAR OF CONFINED IN RAIL SPREAD ON ALL SIDES OVER THE DECK FLOWED FORWARD IN AFT OVER FLOWED DOWN THE AWNING HATCH WAY IS FILLED THE INNER WAS SENSES OF THE SHIP LIKE WATER FILLING THE SISTER 
LOG (gmm-latgen-faster[5.5.1182~1-e02e3]:DecodeUtteranceLatticeFaster():decoder-wrappers.cc:375) Log-like per frame for utterance 196-122150-0025 is -8.25279 over 1358 frames.
196-122150-0034 IT BY A FLAME AS IF AND TO RATION OF HER ERRAND OF FAITH SHE CLEAR THE STREET CROSSED THE BAY CONTINUED ON HER WAY THROUGH THE ONE DEGREE PASSAGE SHE HELD ON STRAIGHT FOR THE RED SEE UNDER A SERENE SKY 
LOG (gmm-latgen-faster[5.5.1182~1-e02e3]:DecodeUtteranceLatticeFaster():decoder-wrappers.cc:375) Log-like per frame for utterance 196-122150-0034 is -8.07773 over 1577 frames.
196-122150-0037 GLIDED PASSED ON HIS DESCENT AND SANK MYSTERIOUS FLEE INTO THE SEA EVENING AFTER EVENING A SERVING SAME DISTANCE THE HEAD OF HER ADVANCING BOUGHS THE FIVE WHAT'S ON BOARD LIVED IMAGE SHIPS ISOLATES IT FROM THE HUMAN CARGO 
LOG (gmm-latgen-faster[5.5.1182~1-e02e3]:DecodeUtteranceLatticeFaster():decoder-wrappers.cc:375) Log-like per frame for utterance 196-122150-0037 is -8.21134 over 1596 frames.
196-122152-0002 THE BIG FRAMEWORK OF POCKET IS MOVED GENTLY TO AND FRO A HIGH ABOUT HIS HEAD AND FROM BELOW MANY EYES WERE LOOKING AT HIM OUT OF DARK FACES SIDE OF WHITE FACES OF RED FACES OUT OF FACES ATTENTION SPELL BOUND 
LOG (gmm-latgen-faster[5.5.1182~1-e02e3]:DecodeUtteranceLatticeFaster():decoder-wrappers.cc:375) Log-like per frame for utterance 196-122152-0002 is -8.25371 over 1524 frames.
196-122152-0032 HARBOR TO SIGN OF CLOSE UNDER NOW AND THEN A SMALL RED GLOW WOULD MOVE ABRUPTLY HAND EXPANDING LIGHT OF THE FINGERS OF A LANGUAGE HAND PART OF THE FACE AND PROFOUND TOES WERE FLASHED CRIMSON GLEAM INTO A PAIR OF TEN SUPPLIES 
LOG (gmm-latgen-faster[5.5.1182~1-e02e3]:DecodeUtteranceLatticeFaster():decoder-wrappers.cc:375) Log-like per frame for utterance 196-122152-0032 is -8.24318 over 1539 frames.
196-122159-0018 HIS VOICE SOUNDED REASONABLE SUPPOSE I HAVE NOT I MEAN TO SAY SUPPOSE I HAD STOPPED TO THE SHIP WELL HOW MUCH LONGER SAME IT AND HALF A MINUTE 
LOG (gmm-latgen-faster[5.5.1182~1-e02e3]:DecodeUtteranceLatticeFaster():decoder-wrappers.cc:375) Log-like per frame for utterance 196-122159-0018 is -8.24376 over 1216 frames.
198-126831-0017 THAT IT FOR GATHERED AROUND A TINY WOULD SPRING COLD IMPLICIT BANTERED HIM MAPLES AND ATE THE CHILLY TO KEEP AN HISTORICAL TOLD US TO TELL OF THE HAUNTED SPRING IN AMERICAN LET HIM WHEN AT THEIR WHY IT LADY BELT 
LOG (gmm-latgen-faster[5.5.1182~1-e02e3]:DecodeUtteranceLatticeFaster():decoder-wrappers.cc:375) Log-like per frame for utterance 198-126831-0017 is -8.6938 over 1292 frames.
198-126831-0041 WAS LYING CLEAR AGAINST OF THE BACKGROUND OF SPICES WHO WERE WILL FULLY TIRED BUT WE COULD NOT SIT DOWN BECAUSE THE GRASS WAS MAKING DID THE FAMILY GHOSTLY PEAS AND THEY LIGHTED HISTORICAL 
LOG (gmm-latgen-faster[5.5.1182~1-e02e3]:DecodeUtteranceLatticeFaster():decoder-wrappers.cc:375) Log-like per frame for utterance 198-126831-0041 is -8.71173 over 1142 frames.
198-126831-0044 THERE'S NO USE ASKING THE MEANING OF THIS I SUPPOSE THAT I'M GLAD YOU BUT THE COMMONS DESPAIR I DID NOT FIND FAT AND YET ONCE HE THERE WERE STICKY WHAT YOU I HAVE GIVEN TELLING 
LOG (gmm-latgen-faster[5.5.1182~1-e02e3]:DecodeUtteranceLatticeFaster():decoder-wrappers.cc:375) Log-like per frame for utterance 198-126831-0044 is -8.74319 over 1036 frames.
198-126831-0052 I WOULD HAVE SAID THE STORY IT ON HIS LATE I THOUGHT WHAT THE BELL WHEN I HEARD IT IN THE DOOR OPENED TO LET US BE CAREFUL STUDY 
LOG (gmm-latgen-faster[5.5.1182~1-e02e3]:DecodeUtteranceLatticeFaster():decoder-wrappers.cc:375) Log-like per frame for utterance 198-126831-0052 is -8.52535 over 857 frames.
198-129977-0004 AS YOU ARE NOT YET READY FOR BREAKFAST 
LOG (gmm-latgen-faster[5.5.1182~1-e02e3]:DecodeUtteranceLatticeFaster():decoder-wrappers.cc:375) Log-like per frame for utterance 198-129977-0004 is -8.77808 over 236 frames.
198-129977-0010 CONFIDED AS THE TEACHERS OF MERRY AND THE WHY SHOULD TO BOAST OF IT I SUSPECT SAID ALBERT BUT TO AVOID ONE CRIME TO THE DICTATION AND WOULD HEAR FALLS INTO ANOTHER BECAUSE HE BELIEVES MANY PEOPLE PRETEND TO WHAT ADMIRATION OF THE BEAUTIES OF LATER THAN THEY REALLY WILL 
LOG (gmm-latgen-faster[5.5.1182~1-e02e3]:DecodeUtteranceLatticeFaster():decoder-wrappers.cc:375) Log-like per frame for utterance 198-129977-0010 is -8.80899 over 1587 frames.
198-129977-0013 BECAUSE I COULD FIND A WHEN WITH DESCRIBES THEM IN THOUGHT WHAT WAS BORNE AND HAT MADE OUT OF ALL SENSE OF MEANING UNTO ME THEN SAID THAT WERE THAT YOUTH REALLY FILL ALL THE DELIGHT IN A FINE COST THAT WHICH A PROFESSED A FELL 
LOG (gmm-latgen-faster[5.5.1182~1-e02e3]:DecodeUtteranceLatticeFaster():decoder-wrappers.cc:375) Log-like per frame for utterance 198-129977-0013 is -8.76362 over 1319 frames.
198-129977-0014 BUT THEY RETURNED HIS SISTER MUST ALLOW ME TO FEEL NO MORE THAN AT THE FACTS OF EX BRIGHT PROSPECTS BUT NOT AND PICTURESQUE PRINCIPLES I DO NOT LIKE THAT COULD TRUST AND BLASTED TREES ADMIRE THEM MUCH MORE IF THEY ARE TALL STREET AND FORTUNE 
LOG (gmm-latgen-faster[5.5.1182~1-e02e3]:DecodeUtteranceLatticeFaster():decoder-wrappers.cc:375) Log-like per frame for utterance 198-129977-0014 is -8.72685 over 1429 frames.
198-209-0002 AND THIS IS ALICE WAVERING PRODUCTIONS ONLY MADE MORE DOUBTFUL TO KNOW SOME STREET SHE WAS DROPPED IT AND HAVING MAKE YOURSELF PERFECT IN THE NUMBER HASTENED AWAY WITH VIGOR STEPS AND BECAME HEART TO TAKE A VISIT TO EXPLAIN OF CONDUCT OF THE THICKET THEN 
LOG (gmm-latgen-faster[5.5.1182~1-e02e3]:DecodeUtteranceLatticeFaster():decoder-wrappers.cc:375) Log-like per frame for utterance 198-209-0002 is -8.77258 over 1481 frames.
198-209-0013 HIS COMPASS WAS NOT WHAT TRIED TO THE STAGE TURNED TO ALL THINGS 
LOG (gmm-latgen-faster[5.5.1182~1-e02e3]:DecodeUtteranceLatticeFaster():decoder-wrappers.cc:375) Log-like per frame for utterance 198-209-0013 is -8.79593 over 351 frames.
198-209-0024 PERHAPS HE DID NOT KNOW I HAD BEEN THAN I WAS NOT WITH SAND AT THE TIME BUT I HEARD OF IT AND ELLEN OR ENCHANTER WISHING EVER SINCE TO SAY YOU TO SPLENDID REASON OF SENTENCE OF JEALOUSY THE PERHAPS I CAN DO IS AS WELL IT IS NOTHING MORE THAN THAT MY FATHER 
LOG (gmm-latgen-faster[5.5.1182~1-e02e3]:DecodeUtteranceLatticeFaster():decoder-wrappers.cc:375) Log-like per frame for utterance 198-209-0024 is -8.73024 over 1475 frames.
200-124140-0002 SHE WOULD NOT LISTEN THEREFORE TO HER DAUGHTERS PROPOSALS BEING CARRIED HOME IT NEEDED TO THE UPON TO CARRY TO RIDE ABOUT THE SAME TIME THE GOOD AT ALL APPLIES BUT I HAVE SETTING A LITTLE WHILE WITH SEEN 
LOG (gmm-latgen-faster[5.5.1182~1-e02e3]:DecodeUtteranceLatticeFaster():decoder-wrappers.cc:375) Log-like per frame for utterance 200-124140-0002 is -8.11938 over 1446 frames.
200-124140-0003 ON THIS THING THESE APPEARANCE IN THE INVITATION THE MOTHER AND THREE DAUGHTER'S ALL ATTENDED HER INTO THE BREAKFAST PAPA DAY BEING WE MET THEM WITH HOPES THAT MISSUS THEN IT HAD NOT COME IF THEN IT WORSE THAN SHE EXPECTED 
LOG (gmm-latgen-faster[5.5.1182~1-e02e3]:DecodeUtteranceLatticeFaster():decoder-wrappers.cc:375) Log-like per frame for utterance 200-124140-0003 is -8.2937 over 1373 frames.
200-126784-0000 CHAPTER FIVE A JOYOUS ALWAYS SAID THE TERRACE MILES MINDFUL OF HE KNEW THE PATH ACROSS BY WHILE THE PARENTS BY DESPERATE BOUNDS HAD BAFFLED PERCEIVED BEST BLOW AT HAND 
LOG (gmm-latgen-faster[5.5.1182~1-e02e3]:DecodeUtteranceLatticeFaster():decoder-wrappers.cc:375) Log-like per frame for utterance 200-126784-0000 is -8.14078 over 1431 frames.
200-126784-0002 WALTER SCOFFED AT ALL THE MEMBERS OF THE ONE FAMILY LAY THERE HAD SOME OF PILLARS THAT NIGHT WITH THE FOREBODING OF SOME INTERRUPT HIM TO THEIR ORDINARY QUIET I UNEASINESS KEPT THE SISTERS I'M ENJOYING VERY USUAL WERE POE'S 
LOG (gmm-latgen-faster[5.5.1182~1-e02e3]:DecodeUtteranceLatticeFaster():decoder-wrappers.cc:375) Log-like per frame for utterance 200-126784-0002 is -8.15439 over 1550 frames.
200-126784-0028 HE APPROACHED THE USE WITH AN AIR A COMMON GRAVITY AND WITH A LOW BOW CONTINUED I'M SORRY FOR THE SEVERE COLD YOU HAVE IN YOUR HEAD SIR I EXCLAIMED THE CAPTAIN SURPRISE 
LOG (gmm-latgen-faster[5.5.1182~1-e02e3]:DecodeUtteranceLatticeFaster():decoder-wrappers.cc:375) Log-like per frame for utterance 200-126784-0028 is -7.88599 over 1342 frames.
201-122255-0025 SO BEING VEXED TO HIS HEART BY THIS HE SET FORTH THE DAWN OF DAY TO SEE THAT OLD ON THAT THE BLUE MORE OR AT LEAST TO MEET THE OMEN ON THE WAY AND EASE HIS HEART WHAT HE THOUGHT OF THE MATTER 
LOG (gmm-latgen-faster[5.5.1182~1-e02e3]:DecodeUtteranceLatticeFaster():decoder-wrappers.cc:375) Log-like per frame for utterance 201-122255-0025 is -8.48687 over 1023 frames.
201-122255-0031 I FEAR ME THOUGH THERE IS BUT PORCH AND SOME I SEEMED SUCH A PLEASANT SIGHT SO SAYING HE STRETCHED HIMSELF PUBLIC UPON THE GROUND BUT HE MIGHT NOT ONLY SEE THE SPORT THE BETTER BUT THAT HE MIGHT ENJOY THE MARRY SIGHT OF HIS EASE 
LOG (gmm-latgen-faster[5.5.1182~1-e02e3]:DecodeUtteranceLatticeFaster():decoder-wrappers.cc:375) Log-like per frame for utterance 201-122255-0031 is -8.45016 over 1309 frames.
201-122255-0044 THERE ARE OTHER IN THIS BUT THOU KNOWEST GESTURE OF BATHS 
LOG (gmm-latgen-faster[5.5.1182~1-e02e3]:DecodeUtteranceLatticeFaster():decoder-wrappers.cc:375) Log-like per frame for utterance 201-122255-0044 is -8.48633 over 307 frames.
201-127786-0010 OR DELICATE THE BEAN UNABLE TO BEAR THE ROUGHNESS OF THE STONES SAYING WHICH THE THREE DECENT ORDER IN THE CURATE A DRESSING HER FOR SAID STATION IN YOUR ALL WHO EVER YOU MAY BE FOR THOSE WHOM YOU SEE HERE ONLY DESIRE TO BE OF SERVICE TO YOU 
LOG (gmm-latgen-faster[5.5.1182~1-e02e3]:DecodeUtteranceLatticeFaster():decoder-wrappers.cc:375) Log-like per frame for utterance 201-127786-0010 is -8.37289 over 1459 frames.
201-127786-0025 AND AS THEY HAVE NO OTHER CHILD TO MAKE THEIR HAIR AND ARE AFFECTION APPEARANCE I WAS ONE OF THE MOST AND GOLDS DAUGHTER'S THAT EVER PARENTS INDULGE 
LOG (gmm-latgen-faster[5.5.1182~1-e02e3]:DecodeUtteranceLatticeFaster():decoder-wrappers.cc:375) Log-like per frame for utterance 201-127786-0025 is -8.19558 over 902 frames.
201-127786-0056 AND SO I WAS LEFT GLADLY MADE AN CEASE TO BE ONE AND HE BECAME A TRADER UP RICHARD MAN THE DAY WHICH FOLLOWED THE NIGHT TO MY MISFORTUNE DID NOT COME SO QUICKLY I IMAGINE IS DONE FOR WANT A WISH 
LOG (gmm-latgen-faster[5.5.1182~1-e02e3]:DecodeUtteranceLatticeFaster():decoder-wrappers.cc:375) Log-like per frame for utterance 201-127786-0056 is -8.50457 over 1230 frames.
201-127786-0068 AND THAT ON THE BRIGHT THE APPROACHING TO UNLESS THE BOSOM OF HER DRESS TO GIVE HER HAIR 
LOG (gmm-latgen-faster[5.5.1182~1-e02e3]:DecodeUtteranceLatticeFaster():decoder-wrappers.cc:375) Log-like per frame for utterance 201-127786-0068 is -8.64427 over 464 frames.
201-127786-0076 AND GIVING THE PARTICULARS OF MY AGE AND OF THE VERY DRESS I WORE THAT I HEARD IT SAID THAT THE LAD WHO CAME WITH ME HAD TAKEN ME AWAY FOR MY FATHER'S HOUSE THE THING THE CUT ME TO THE HEART SHOWING HOW LOW MY COULD NAME THAT FALL ONCE WITH WAS NOT OFTEN OF THE ISSUE GOES IT BUT BY FLIGHT 
LOG (gmm-latgen-faster[5.5.1182~1-e02e3]:DecodeUtteranceLatticeFaster():decoder-wrappers.cc:375) Log-like per frame for utterance 201-127786-0076 is -8.64184 over 1516 frames.
201-127786-0081 BUT ALL MY CARRIED THINGS WERE ON A FEELING FOR MY MASTER ME THE DISCOVERY THAT I WAS NOT A MAN AND A HARBOR THE SAME BASE THE SIDE OF MY CERTAIN 
LOG (gmm-latgen-faster[5.5.1182~1-e02e3]:DecodeUtteranceLatticeFaster():decoder-wrappers.cc:375) Log-like per frame for utterance 201-127786-0081 is -8.52523 over 810 frames.
211-122425-0023 THERE A YOUNG MAN MURMURED KING WELL HE DETERMINED THEN AM YOUR MAJESTY HAS IN HIMSELF FROM THE CHAMPION THAT OF A FEW GOOD YOU THOUGHT TERRIBLE FOR DRESSED WHICH IS MADE THE CART ALSO ANGRY 
LOG (gmm-latgen-faster[5.5.1182~1-e02e3]:DecodeUtteranceLatticeFaster():decoder-wrappers.cc:375) Log-like per frame for utterance 211-122425-0023 is -8.40593 over 1374 frames.
211-122425-0024 HE WHO WANTED SHE SAW CRIED THE KING HE HELD POLITE 
LOG (gmm-latgen-faster[5.5.1182~1-e02e3]:DecodeUtteranceLatticeFaster():decoder-wrappers.cc:375) Log-like per frame for utterance 211-122425-0024 is -8.53914 over 396 frames.
211-122425-0043 FROM HIS ILL WAS NOT REMAINED OUT SUCH A COMPLIMENT PAID TO HIM TO LIFE IN AN INSTANT HIS SWORD BLUE BIRD IN HIS HAND THE SPRING UP ON HIS ADVERSARY WHOM 
LOG (gmm-latgen-faster[5.5.1182~1-e02e3]:DecodeUtteranceLatticeFaster():decoder-wrappers.cc:375) Log-like per frame for utterance 211-122425-0043 is -8.6451 over 975 frames.
211-122425-0045 AND ENTERTAINED INSTANT FARM IT WAS HIS ADVERSARY AND MADE THE RETREATING STEP ENTERTAINED IN SEIZED THE MOMENT OF WHICH IN THIS MOVEMENT THE SORT OF DERISION SEE THE HEAD FROM MINE HE FREEST PLAY AND MADE THE LIONS DEN TEST HIS ADVERSARY ON HIS SHOULDER 
LOG (gmm-latgen-faster[5.5.1182~1-e02e3]:DecodeUtteranceLatticeFaster():decoder-wrappers.cc:375) Log-like per frame for utterance 211-122425-0045 is -8.60879 over 1620 frames.
211-122425-0048 AND THE MOMENT THE TWO PARTS MAY DETECT THE YOUNG COMPANIONS TRUMPETED BACK FURNISH HIM NOW FELL AND AS THE GUARDS MEN WERE ONLY TO AGAINST FOR THEY BEGAN TO CRY TO THE RESCUE 
LOG (gmm-latgen-faster[5.5.1182~1-e02e3]:DecodeUtteranceLatticeFaster():decoder-wrappers.cc:375) Log-like per frame for utterance 211-122425-0048 is -8.59214 over 1142 frames.
211-122425-0049 BUT THESE CRIED ALL YOU WERE IN THE HOTEL RUSHED OUT AND FELL UPON THE FOUR COMPANIONS TO ON THEIR SIDE CRIED ALOUD TO THE RESCUE MUSKETEER IS TO DESCRIBE IS GENERALLY HE AID 
LOG (gmm-latgen-faster[5.5.1182~1-e02e3]:DecodeUtteranceLatticeFaster():decoder-wrappers.cc:375) Log-like per frame for utterance 211-122425-0049 is -8.38845 over 1250 frames.
211-122425-0052 WHO HASTEN TO THE SUPPORT THEIR COMRADES THE MAN I BECAME GENERAL THE STREAM HAS ON THE FIRE DIDN'T THE TEARS 
LOG (gmm-latgen-faster[5.5.1182~1-e02e3]:DecodeUtteranceLatticeFaster():decoder-wrappers.cc:375) Log-like per frame for utterance 211-122425-0052 is -8.61912 over 698 frames.
211-122425-0066 HIS RELATIVES AS THE ALREADY KNEW FURNISH ALLIES 
LOG (gmm-latgen-faster[5.5.1182~1-e02e3]:DecodeUtteranceLatticeFaster():decoder-wrappers.cc:375) Log-like per frame for utterance 211-122425-0066 is -8.51469 over 346 frames.
211-122442-0002 WHEN HE WAS LEFT STAFF OF THE RUSH IN LONDON AND INTO THE MEANTIME BUCKINGHAM PERHAPS HUNTED PATH OF THE TIP OF COURSE I HAVE ANY ONE TROT A LETTER FROM ME ASKED D'ARTAGNAN EAGERLY 
LOG (gmm-latgen-faster[5.5.1182~1-e02e3]:DecodeUtteranceLatticeFaster():decoder-wrappers.cc:375) Log-like per frame for utterance 211-122442-0002 is -8.47569 over 1237 frames.
211-122442-0003 BUT ONE OF COMMONS THAT FELL PRETTY MEAN BLACK AND I MEAN TO SAY THAT WHEN I CAME AND ALTHOUGH I HAD THE KEY OF YOUR PARDON AND IN MY POCKET 
LOG (gmm-latgen-faster[5.5.1182~1-e02e3]:DecodeUtteranceLatticeFaster():decoder-wrappers.cc:375) Log-like per frame for utterance 211-122442-0003 is -8.29901 over 1012 frames.
211-122442-0011 EXACTLY BUT IT IS NOT THE LESS TRUE THAT LETTERS WHICH COME IN THIS WAY AND SHOUTED HOUSES BALL FROM HEAD AND MY FRIEND ALL FROM HEAD MEN 
LOG (gmm-latgen-faster[5.5.1182~1-e02e3]:DecodeUtteranceLatticeFaster():decoder-wrappers.cc:375) Log-like per frame for utterance 211-122442-0011 is -8.30238 over 900 frames.
211-122442-0021 THE ANTENNAE AND INTENTIONS WAS TO GO OUT WITHOUT SPEAKING TO THE WORTHY MERCER THAT THE LATTER MADE SO KIND FRIENDLY IF SALUTATION IT IF HE MEANT FELT OBLIGED NOT ONLY TO STOP TO ENTER INTO CONVERSATION WITH HIM 
LOG (gmm-latgen-faster[5.5.1182~1-e02e3]:DecodeUtteranceLatticeFaster():decoder-wrappers.cc:375) Log-like per frame for utterance 211-122442-0021 is -8.44028 over 1470 frames.
211-122442-0029 ARE MY FRIEND STORMING ANY LIVER TURNED HAPPY NOT 
LOG (gmm-latgen-faster[5.5.1182~1-e02e3]:DecodeUtteranceLatticeFaster():decoder-wrappers.cc:375) Log-like per frame for utterance 211-122442-0029 is -8.47404 over 403 frames.
211-122442-0032 SO TRIFLING INDEED THE D'ARTAGNAN DID NOT PERCEIVE THAT ANY MORE THAN HE HAD A MOMENTARY SHADE WHICH AN INSTANT BEFORE HAD DARTED A COUNTENANCE AT THE WORTHY MAN ON A YOU BE A TRUE PROFITS THE DARTING AND LAUGHING NOW 
LOG (gmm-latgen-faster[5.5.1182~1-e02e3]:DecodeUtteranceLatticeFaster():decoder-wrappers.cc:375) Log-like per frame for utterance 211-122442-0032 is -8.61613 over 1439 frames.
211-122442-0048 WHY IT IS INDEED A TRUE FOR LITTLE TURTLE 
LOG (gmm-latgen-faster[5.5.1182~1-e02e3]:DecodeUtteranceLatticeFaster():decoder-wrappers.cc:375) Log-like per frame for utterance 211-122442-0048 is -8.27008 over 352 frames.
211-122442-0078 HAVE THOUGHT I AM TO SEE HIM I FELT MUCH A PRESS BEGAN MAN 
LOG (gmm-latgen-faster[5.5.1182~1-e02e3]:DecodeUtteranceLatticeFaster():decoder-wrappers.cc:375) Log-like per frame for utterance 211-122442-0078 is -8.43023 over 447 frames.
226-122538-0006 THAT SHE WAS GOING TO HIM TO A NEW BUT SHE FELT OF EARLY UNABLE TO ARRANGE HOW OR IN WHAT WAY FOR GOING TO BE MANAGED TO THAT IT WAS A COMPLICATED PROBLEM HER COMMON SENSE TOLD HER 
LOG (gmm-latgen-faster[5.5.1182~1-e02e3]:DecodeUtteranceLatticeFaster():decoder-wrappers.cc:375) Log-like per frame for utterance 226-122538-0006 is -8.05025 over 1374 frames.
226-122538-0017 HERE YOU HAD DONE VERY WELL FOR ME KNOW IT NEVER MIND THE CHANGE COFFEE HAD A MOMENTS NOTE I SHOULD BUT TO FANCY PRICE THAN BY THE TRAIN MOVED ON AN THE PORTER STOOD LOOKING AFTER IT WITH TEARS AND HIS EYES 
LOG (gmm-latgen-faster[5.5.1182~1-e02e3]:DecodeUtteranceLatticeFaster():decoder-wrappers.cc:375) Log-like per frame for utterance 226-122538-0017 is -8.07948 over 1514 frames.
226-122538-0018 OVER THE FIRST HALF CROWN HE HAD SAID TO HIMSELF MILK A NEW LAID EGGS ARE NOW AS HE POCKETED THE SECOND HE ADDED THE OTHER TWO THINGS MENTIONED BY THE PARISH DOCTOR SUIT AND SHELLEY AND HIS HEART CLOSED 
LOG (gmm-latgen-faster[5.5.1182~1-e02e3]:DecodeUtteranceLatticeFaster():decoder-wrappers.cc:375) Log-like per frame for utterance 226-122538-0018 is -8.22866 over 1450 frames.
226-122538-0029 ALL ONE THING TO BREAK EVERY POSSIBLE ROLL AND REGULATION AND EACH TRYING TO BE THE FIRST PERSON IN THE FRENCH ROW REALLY THE PATIENTS IN GOOD TEMPER OF RAILWAY OFFICIAL SHOULD TEACH THE REST OF MANKIND A LESSON THE DOCTOR TALKING ALL THE TIME 
LOG (gmm-latgen-faster[5.5.1182~1-e02e3]:DecodeUtteranceLatticeFaster():decoder-wrappers.cc:375) Log-like per frame for utterance 226-122538-0029 is -8.27436 over 1579 frames.
226-131532-0011 HE RAN TO PERFORM MY BATHING AND QUICKLY RETURNED WITH HIS MOTHER HOW A LOVELY SHE LOOKED WITH HER DARK BRING LET'S STREAMING IN THE LIGHT SUMMER BREEZE FOR FEAR CHEEKS LIGHTLY FLASHED FROM HER COUNTENANCE RADIANT WITH SMILES 
LOG (gmm-latgen-faster[5.5.1182~1-e02e3]:DecodeUtteranceLatticeFaster():decoder-wrappers.cc:375) Log-like per frame for utterance 226-131532-0011 is -8.1884 over 1402 frames.
226-131532-0013 WHILE MISTER MARK HIM WHAT IS IT SAID THE ANOTHER COSTING ME WITH A PLEASANT SMILE AT ONE YOU TO LOOK AT THE SPOT LORD IF HE PLEASED TO TAKE IT AND WHO ROSE AND AT YOUR LEISURE 
LOG (gmm-latgen-faster[5.5.1182~1-e02e3]:DecodeUtteranceLatticeFaster():decoder-wrappers.cc:375) Log-like per frame for utterance 226-131532-0013 is -8.2622 over 1172 frames.
226-131532-0017 BUT STILL I SAID NOTHING CAN DOUBLE AND SHE ATTEMPTED NO REPULSE UNTIL IN PASSING AND MOSS ROSE TREES BUT I HAD BROUGHT HER SON WEEK SINCE IN MY SISTERS NAME 
LOG (gmm-latgen-faster[5.5.1182~1-e02e3]:DecodeUtteranceLatticeFaster():decoder-wrappers.cc:375) Log-like per frame for utterance 226-131532-0017 is -8.24417 over 1085 frames.
226-131532-0023 AND NEVER BUILT HER PUT ME TO THE PAINFUL NECESSITY OF REPEATING WHEN I HAVE JUST NOW SAID TO YOU SHE EARNESTLY ADDED GIVEN IN HER HAND AND SERIOUS KINDNESS HOW SWEET ONE MUSICAL MY OWN NAME SOUNDED IN HER MOUTH 
LOG (gmm-latgen-faster[5.5.1182~1-e02e3]:DecodeUtteranceLatticeFaster():decoder-wrappers.cc:375) Log-like per frame for utterance 226-131532-0023 is -8.05145 over 1479 frames.
226-131532-0026 BUT AS I WENT THE TRAP OF HORSE'S HOOFS FELL ON MY EAR AND BROKE THE STILLNESS OF THE DULY EVENING AND LOOKING TOWARDS THE LAMENESS I SAW SOLITARY OF WESTERN IN COMING OF INCLINE INTO DUSK AS IT WAS 
LOG (gmm-latgen-faster[5.5.1182~1-e02e3]:DecodeUtteranceLatticeFaster():decoder-wrappers.cc:375) Log-like per frame for utterance 226-131532-0026 is -8.22362 over 1453 frames.
226-131533-0023 WITH HIS HANDS CLASSED UPON ITS HEAD AND I HAD BEEN EASY I SAID FOR AN APOLOGY WAS EVIDENTLY DEMANDED BUSY REPEATED HE TO RISE SIMPLY A YES YOU KNOW I THINK GETTING IN MY HEAD A 
LOG (gmm-latgen-faster[5.5.1182~1-e02e3]:DecodeUtteranceLatticeFaster():decoder-wrappers.cc:375) Log-like per frame for utterance 226-131533-0023 is -8.08424 over 1445 frames.
226-131533-0036 I MUST SEE HER TO AND SPEAK TO HER THAT WAS CERTAIN BUT WHAT TO SAY FOR HOW TO ACT I HAVE NO DEFINITE IDEA 
LOG (gmm-latgen-faster[5.5.1182~1-e02e3]:DecodeUtteranceLatticeFaster():decoder-wrappers.cc:375) Log-like per frame for utterance 226-131533-0036 is -8.07313 over 862 frames.
229-130880-0011 THE SEASONS CHINA AND TO PAN THUS THOSE SEES THE SOUTH OF THE UNITED STATES THE GULF OF POWER MIND A GULF COUNT FOR HIM BUT SO SUBLIME THAT SUCH FISHING REGIONS RICHEST REWARDS NO DOUBT WILL BE A RISING A LITTLE EARLY 
LOG (gmm-latgen-faster[5.5.1182~1-e02e3]:DecodeUtteranceLatticeFaster():decoder-wrappers.cc:375) Log-like per frame for utterance 229-130880-0011 is -8.45178 over 1600 frames.
229-130880-0052 TO BOAST NAILS JACK CLAMS AND SAW OR SCOWL UPS ROUGHLY ALL THOSE OF THE SECRETE MOTHER OF PERU ANOTHER WORD THAT BLEW THE AZURE VIOLENT OR WHITE SUBSTANCE 
LOG (gmm-latgen-faster[5.5.1182~1-e02e3]:DecodeUtteranceLatticeFaster():decoder-wrappers.cc:375) Log-like per frame for utterance 229-130880-0052 is -8.16093 over 1451 frames.
229-130880-0062 AT FIRST THEY ARE MOVED THE LAYERS OF MOTHER FOR ALL WHICH ARE KNOWN HIM INDUSTRY BY THE NAMES ILLEGITIMATE SO FOR FASTER QUITE WORN FASTENED BLACK 
LOG (gmm-latgen-faster[5.5.1182~1-e02e3]:DecodeUtteranceLatticeFaster():decoder-wrappers.cc:375) Log-like per frame for utterance 229-130880-0062 is -8.44001 over 976 frames.
229-130880-0091 OPENING THE VALET RIPPING OUT THE HARDENED HOUSE IN USE OF THE SEA SO AS AN ISSUE OR ON YES PRECISELY AND THE WATER IN THE WATER THE GODS JUST GIVE ME A GOOD HARP ALONE 
LOG (gmm-latgen-faster[5.5.1182~1-e02e3]:DecodeUtteranceLatticeFaster():decoder-wrappers.cc:375) Log-like per frame for utterance 229-130880-0091 is -8.01974 over 1554 frames.
233-134440-0004 THERE WOULD HAVE BEEN FOR YOU KNOW MYSTERY HAD REGARD TO THE BEAST IN HIS CAGE IT IS LIKE CLAWS WILLIAMS YOU HAVE SAID I SEE SINCE IN THE CORNER OF THEIR GOOD BASIS OF THAT I LIKE WILL WATCH 
LOG (gmm-latgen-faster[5.5.1182~1-e02e3]:DecodeUtteranceLatticeFaster():decoder-wrappers.cc:375) Log-like per frame for utterance 233-134440-0004 is -7.89429 over 1392 frames.
233-134440-0005 SITTING ON THE GRASS IN THE STATION THE IRON AND SUMMER EVEN AT HIS CLOTHES HIS OFFICE FOR THE NIGHT WATCH WILLIAMS THE TELEGRAPH OPERATE OR OF WIND BYRD WAS THE LOVELIEST THING IN TOWN HIS TRUTH WAS IMMENSE 
LOG (gmm-latgen-faster[5.5.1182~1-e02e3]:DecodeUtteranceLatticeFaster():decoder-wrappers.cc:375) Log-like per frame for utterance 233-134440-0005 is -7.91921 over 1541 frames.
233-134440-0007 HE TOOK CARE OF HIS HANDS HIS FINGERS WERE FAST BUT THERE WAS SOMETHING SENSITIVE PLANT SHAPELY AND THE HAND I LAY ON THE TABLE BY THE INSTRUMENT IN TELEGRAPH OFFICE AND HIS YOUTH 
LOG (gmm-latgen-faster[5.5.1182~1-e02e3]:DecodeUtteranceLatticeFaster():decoder-wrappers.cc:375) Log-like per frame for utterance 233-134440-0007 is -7.83516 over 1366 frames.
233-134440-0031 AND WITH HIM I SAW YOU WILL HAVE A BOUGH YESTERDAY ALL OF THEM THE ROAD DID NOT DELAY IN THEIR SOMETHING BROUGHT ABOUT THE HOWL WAS MARRIED SHARE MY WIFE WAS DEAD BEFORE SHE MARRIED ME 
LOG (gmm-latgen-faster[5.5.1182~1-e02e3]:DecodeUtteranceLatticeFaster():decoder-wrappers.cc:375) Log-like per frame for utterance 233-134440-0031 is -7.98277 over 1429 frames.
233-134440-0049 I KISSED HER SHOES AND THE ANKLES THE LOVERS SHOOT ONE I HAVE OVERCOME WITH SUCH LONG FACE OFF TREMBLED WOULD AFTER TWO YEARS OF THEM ALIVE 
LOG (gmm-latgen-faster[5.5.1182~1-e02e3]:DecodeUtteranceLatticeFaster():decoder-wrappers.cc:375) Log-like per frame for utterance 233-134440-0049 is -7.83891 over 1294 frames.
233-155990-0009 AND THE FEELING FOR HIM TO NATIONAL RESPONSIBILITY OF JUSTICE AMONG THE GREAT CIVILIZED NATIONS DURING THE PAST THREE STONE OR FORCE COURTIERS THERE IS BEEN A REAL GROWTH OF RECOGNITION OF THE FACT 
LOG (gmm-latgen-faster[5.5.1182~1-e02e3]:DecodeUtteranceLatticeFaster():decoder-wrappers.cc:375) Log-like per frame for utterance 233-155990-0009 is -8.26994 over 1276 frames.
233-155990-0012 REST ALL TIMIDLY UPON THE JEALOUS AND THE PLACE MEN AND THE COMPLETE ABSENCE OF THE PLACE MEN AND THE MOST COMPLETE ABSENCE OF THE JUDGE AND ENTERED NATIONAL AFFAIRS PREVENT FITTING AS YET ANY REAL A MILE OF THE 
LOG (gmm-latgen-faster[5.5.1182~1-e02e3]:DecodeUtteranceLatticeFaster():decoder-wrappers.cc:375) Log-like per frame for utterance 233-155990-0012 is -8.39846 over 1373 frames.
233-155990-0024 BECAUSE IT IS EXPENSIVE THIS IS PRECISELY LIKE ARE DOING THAT WE SHOULD THIS PEN THE POLICE AND DEVOTED ARE SOUL ATTENTION TO BRISTLING CRIMINALS 
LOG (gmm-latgen-faster[5.5.1182~1-e02e3]:DecodeUtteranceLatticeFaster():decoder-wrappers.cc:375) Log-like per frame for utterance 233-155990-0024 is -8.36135 over 1005 frames.
233-155990-0037 UNDER THE MIGHTY FOR A DOZEN YEARS AND TEARING THOSE DOZEN YEARS OF THE BIGOTRY TYRANNY AND CRUEL RELIGIOUS AND TOWNS WERE SUCH AS FLOURISHED IN THE SEVENTH CENTURY AND IN SPITE A SYSTEM A SLAVE RATES 
LOG (gmm-latgen-faster[5.5.1182~1-e02e3]:DecodeUtteranceLatticeFaster():decoder-wrappers.cc:375) Log-like per frame for utterance 233-155990-0037 is -8.4827 over 1320 frames.
233-155990-0041 THE CESSATION OF UP AND IN THE NAVY AND THE PROMISED EVADE ARE BETRAYED ALL MATTERS INCLUDING THE IS AFFECTING THE NATIONAL AND JUST AN HONOUR WITH ALL FOR A NATIONS THE SPURS AND WOULD DO NO BOTTOM 
LOG (gmm-latgen-faster[5.5.1182~1-e02e3]:DecodeUtteranceLatticeFaster():decoder-wrappers.cc:375) Log-like per frame for utterance 233-155990-0041 is -8.28407 over 1378 frames.
233-155990-0045 IS NOT THESE PEOPLE WHO WILL PAY ANYTHING WILL STAY AT HOME AND SAFETY OF THE BRAVE MAN TO PAY IN BLOOD AND HONEST MAN TO PAY IN SHAME FOR THEIR FOLLY THE TROUBLE IS THAT ARE A POLICY IS AT TO GO WITH VAGUE THE EGGS 
LOG (gmm-latgen-faster[5.5.1182~1-e02e3]:DecodeUtteranceLatticeFaster():decoder-wrappers.cc:375) Log-like per frame for utterance 233-155990-0045 is -8.2973 over 1649 frames.
248-130644-0006 THAT SHE WAS TO NARRATE SOME TIME OR OTHER SHE WOULD HAVE FELT OBLIGED TO ADMIT AND THAT HER MARRIAGE WOULD NOT BE OF A MIDDLING PINES THAT HIS MOST GIRLS FOR CONTENTED WITH SHE FELT QUIETLY AND ARGUMENTS HIS LEISURE 
LOG (gmm-latgen-faster[5.5.1182~1-e02e3]:DecodeUtteranceLatticeFaster():decoder-wrappers.cc:375) Log-like per frame for utterance 248-130644-0006 is -8.30379 over 1502 frames.
248-130644-0013 AND HAVE THEIR LIVES BLOWN HITHER AND THITHER LIKE EMPTY SHIPS IN WHICH NO WILL WAS PRESENT IT WAS NOT TO BE SO WITH HER SHE WOULD NO LONGER BE SACRIFICE TO CREATURES WORK LESS THAN HERSELF 
LOG (gmm-latgen-faster[5.5.1182~1-e02e3]:DecodeUtteranceLatticeFaster():decoder-wrappers.cc:375) Log-like per frame for utterance 248-130644-0013 is -8.28445 over 1266 frames.
248-130644-0014 THAT WOULD MAKE THE VERY BEST OF THE CHANCE OF THE LIFE OFFER HER AND COPPER CIRCUMSTANCES BY HER EXCEPTIONAL CLEVERNESS 
LOG (gmm-latgen-faster[5.5.1182~1-e02e3]:DecodeUtteranceLatticeFaster():decoder-wrappers.cc:375) Log-like per frame for utterance 248-130644-0014 is -8.29257 over 751 frames.
248-130644-0016 SHE FELT SWELLING QUIT FOURTH OF MASTERY OF LIFE WITH REGARD TO MUCH IN HER LOCKS HITHERTO SHE HELD HERSELF RATHER HURT THE DELAWARE AT FASTER EDUCATION SHE WOULD HAVE ADMITTED THAT THEY HAD LEFT HER ON THEIR NOTICE ADVANTAGES 
LOG (gmm-latgen-faster[5.5.1182~1-e02e3]:DecodeUtteranceLatticeFaster():decoder-wrappers.cc:375) Log-like per frame for utterance 248-130644-0016 is -8.28452 over 1522 frames.
248-130644-0018 AND WHAT REMAINED OF ALL THINGS NOBLE SHE WAS CONSCIOUS OF BEING SUFFICIENTLY ACQUAINTED WITH RUDE NOVELS PLACE AND COLUMNS ABOUT HER FRIENDS IN MUSIC THE TWO JUSTIFYING ACCOMPLISHMENT TO THE YOUNG LADY SHE FELT NO GROUND FOR UNEASINESS 
LOG (gmm-latgen-faster[5.5.1182~1-e02e3]:DecodeUtteranceLatticeFaster():decoder-wrappers.cc:375) Log-like per frame for utterance 248-130644-0018 is -8.30833 over 1556 frames.
248-130652-0007 GRANTING COURT LOOKED AT HER WITH MY UNCHANGED FACE HER HALF A MINUTE AND THEN TO THE TROUBLE TO LAY DOWN HIS GUARD WELL HE LIFTED THE TOWN IN PAST AND FLOW OF CLOSE TO MISS CHANNING AND GAVE A DRESSING PATH ALL THE WILD GRAVELY WATCHING FACT 
LOG (gmm-latgen-faster[5.5.1182~1-e02e3]:DecodeUtteranceLatticeFaster():decoder-wrappers.cc:375) Log-like per frame for utterance 248-130652-0007 is -8.21002 over 1504 frames.
248-130652-0015 THEN THERE ARE MISTER HOLLIS AND LADY FLORINA IN THE CREW SHAFTS AND GO OFF IT'S RATHER A RAGGED LOT REMARKED GRAND COURT AFTER A WHILE WHY DID YOU ASKED THE GO BLUFF 
LOG (gmm-latgen-faster[5.5.1182~1-e02e3]:DecodeUtteranceLatticeFaster():decoder-wrappers.cc:375) Log-like per frame for utterance 248-130652-0015 is -8.07175 over 1308 frames.
248-130652-0024 AND THEN HE SAID AND EIGHTY VOICE OF REMONSTRANCE COULD DIVE GRAND COURT AFTER YOUR EXPERIENCE WE LOOK AWAY AND INTERFERE WITH YOU CONSTABLE SENTIMENT OF LIFE SPARE YOU ARE FOR IT FOR A I KNOW WHAT I'M GOING TO DO 
LOG (gmm-latgen-faster[5.5.1182~1-e02e3]:DecodeUtteranceLatticeFaster():decoder-wrappers.cc:375) Log-like per frame for utterance 248-130652-0024 is -8.18277 over 1610 frames.
248-130697-0001 DID SO THAT PULSED OF TIME HIS FEET IN LIFE AND RIGHT TO SUPPORT I AM RIGHT AS BEING DONE MUST ROBBED AND AFTER THROBS TO TIME ITSELF THE LATE IN DARKNESS 
LOG (gmm-latgen-faster[5.5.1182~1-e02e3]:DecodeUtteranceLatticeFaster():decoder-wrappers.cc:375) Log-like per frame for utterance 248-130697-0001 is -8.22899 over 1121 frames.
248-130697-0002 AND THE UNIVERSE QUIVER AND BREATHE UPON NO MIRROR MORE IN THE EVENING SHE SENT FOR HIM AGAIN HE WAS ALREADY NEAR THE HOUR IN WHICH SHE HAD BEEN BROUGHT IN FROM THIS EVENING BEFORE 
LOG (gmm-latgen-faster[5.5.1182~1-e02e3]:DecodeUtteranceLatticeFaster():decoder-wrappers.cc:375) Log-like per frame for utterance 248-130697-0002 is -7.75186 over 1523 frames.
248-130697-0003 AND THE LIGHT WAS SUBDUED ENOUGH WITH BLIND STRONG UP AND WINDOWS SO THEN SHE WAS SEATED GAZING FIX A PLEA ON THE SEA DRESSING HER TEETH ON HER HANDS LOOKING GLASS SHATTERED FAMILY OF LAUGHTER THE WITH A DEED MELANCHOLY IN HER EXPRESSION 
LOG (gmm-latgen-faster[5.5.1182~1-e02e3]:DecodeUtteranceLatticeFaster():decoder-wrappers.cc:375) Log-like per frame for utterance 248-130697-0003 is -8.0759 over 1618 frames.
250-140277-0002 AND ACHIEVEMENT AND THAT THE MAIN AT THE SPIRITUAL LIFE THAN MATERIAL GATHERED FOR THIS PURPOSE HAS NOW THEN ADDED TO ADVICE AND TO SOME EXTENT THREE WRITTEN 
LOG (gmm-latgen-faster[5.5.1182~1-e02e3]:DecodeUtteranceLatticeFaster():decoder-wrappers.cc:375) Log-like per frame for utterance 250-140277-0002 is -8.28071 over 992 frames.
250-140277-0010 AND I RESUMED WORK ON THE PSYCHOLOGY OF ALL TO STICK THOUGHT IN THE SUGGESTION THESE INVESTIGATION TO HAVE A PRACTICAL AND JUST FOR EVERY MAN WHO DESIRES TO BE THE CAPTAIN OF HIS SOUL 
LOG (gmm-latgen-faster[5.5.1182~1-e02e3]:DecodeUtteranceLatticeFaster():decoder-wrappers.cc:375) Log-like per frame for utterance 250-140277-0010 is -8.28434 over 1162 frames.
250-142276-0025 THAT SHE FELL TO YIELD AND HER LIKE THAT CAN SEND AT THE FRAGRANCE PECULIAR TO IT OUT AND BROUGHT COMMONS IN TO THE POOL ARMS HAD SET ALIGHT SAYING MULTITUDES OF WILD FOR A LIVING CREATURES TRAVELING IN THE SUNSHINE 
LOG (gmm-latgen-faster[5.5.1182~1-e02e3]:DecodeUtteranceLatticeFaster():decoder-wrappers.cc:375) Log-like per frame for utterance 250-142276-0025 is -8.6254 over 1556 frames.
250-142276-0051 ONCE OR TWICE MARGARET HAD HERSELF BECAME DEADLY COUNTING THE REPETITION OF THE MONOTONOUS SAND US HE WONDERED IF SHE MIGHT TINTED THE QUESTIONS AND SUCH A VERY NEW TO HER HEART AND ASKED HER FREDERICK WAS NOW 
LOG (gmm-latgen-faster[5.5.1182~1-e02e3]:DecodeUtteranceLatticeFaster():decoder-wrappers.cc:375) Log-like per frame for utterance 250-142276-0051 is -8.69983 over 1443 frames.
250-142286-0007 MISSUS BARTON WAS NOT A WOMAN NOT GIVEN TO REASON THEY ARE QUICK JUDGMENT AND FOR A RESOLUTION SERVE TRINKETS SAID INDEED LONG ARGUMENTS AND THIS DASHES WITH HERSELF SHE FELT INSTINCTIVELY THAT NOTHING CONCERNED AND THAN THE TO ENSURE HARDSHIPS PATIENTLY 
LOG (gmm-latgen-faster[5.5.1182~1-e02e3]:DecodeUtteranceLatticeFaster():decoder-wrappers.cc:375) Log-like per frame for utterance 250-142286-0007 is -8.45976 over 1616 frames.
250-142286-0017 BUT THE LITTLE ALTERCATION BETWEEN HER SON AND HER DAUGHTER DID NOT INCLINED MISSUS THE ORGAN MORE FAVORABLY TOWARDS THESE TALES HEARD JEALOUS HEART REPEATED HER DAUGHTERS QUESTION 
LOG (gmm-latgen-faster[5.5.1182~1-e02e3]:DecodeUtteranceLatticeFaster():decoder-wrappers.cc:375) Log-like per frame for utterance 250-142286-0017 is -8.33812 over 1135 frames.
250-142286-0027 MAY I INQUIRE AND MARGARET HAD NOT THE WORDS READY FOR AN ANSWER TO THIS QUESTION WHICH TO HER LITTLE BY SURPRISE SO MISFORTUNE REPLIED 
LOG (gmm-latgen-faster[5.5.1182~1-e02e3]:DecodeUtteranceLatticeFaster():decoder-wrappers.cc:375) Log-like per frame for utterance 250-142286-0027 is -8.23861 over 997 frames.
26-495-0001 IT WAS ABOUT THE BEGINNINGS OF SEPTEMBER SIXTEEN SIXTY FOUR THAT I AMONG THE REST OF MY NEIGHBORS HEARD IN THE ORDINARY DISCOURSE THAT THE PLAGUE WAS RETURNED AGAIN AND HOLLAND 
LOG (gmm-latgen-faster[5.5.1182~1-e02e3]:DecodeUtteranceLatticeFaster():decoder-wrappers.cc:375) Log-like per frame for utterance 26-495-0001 is -8.54004 over 1348 frames.
26-495-0035 ARE NEIGHBORHOOD CONTINUED VERY EASY BUT AT THE OTHER END OF THE TIME THERE COMES TO NATION WAS VERY GREAT IN THE RICHER SORT OF PEOPLE ESPECIALLY THE NOBILITY OF GENTRY FROM THE WEST PART OF THE CITY 
LOG (gmm-latgen-faster[5.5.1182~1-e02e3]:DecodeUtteranceLatticeFaster():decoder-wrappers.cc:375) Log-like per frame for utterance 26-495-0035 is -8.6138 over 1424 frames.
26-495-0041 TO GET PASSES IN CERTIFICATES OF HEALTH FORCE OF HIS TROUBLE TO BRIBE FOR WITHOUT THESE THERE WAS NO BEING ADMITTED TO PASSED THROUGH THE TIMES BEEN THE ROAD OR TO LIVE IN INDIAN 
LOG (gmm-latgen-faster[5.5.1182~1-e02e3]:DecodeUtteranceLatticeFaster():decoder-wrappers.cc:375) Log-like per frame for utterance 26-495-0041 is -8.53918 over 1284 frames.
26-495-0082 IN HIM WELL I TRUST SURELY HE SHOWED THE LIVER THE FROM THIS MANNER OF THE FOLLOWER THAN FROM THE NOISE AND PRESTO IS THE SHELL COVERED THE WITH HIS FEATHERS IN UNDER HIS WINGS AND SHALT THOU TRUST 
LOG (gmm-latgen-faster[5.5.1182~1-e02e3]:DecodeUtteranceLatticeFaster():decoder-wrappers.cc:375) Log-like per frame for utterance 26-495-0082 is -8.56941 over 1558 frames.
26-495-0090 THIS WENT INTO THE LITTLE AND WAS MUCH REFRESHED THE APPREHENSIONS OF ITS BEING THE AFFECTION MINE ALSO QUITE AWAY WITH MY ILLNESS AND I WENT ABOUT MY BUSINESS AS USUAL 
LOG (gmm-latgen-faster[5.5.1182~1-e02e3]:DecodeUtteranceLatticeFaster():decoder-wrappers.cc:375) Log-like per frame for utterance 26-495-0090 is -8.50971 over 1476 frames.
27-123349-0021 LOCK WAS TRAVELING ON THE CONTINENT FOR HIS HELP WHEN HE LEARNED HE HAD BEEN THE PRIDE OF HIS HOME AND OF HIS BREAD WITHOUT OF TRIAL OR EVEN A NOTICE 
LOG (gmm-latgen-faster[5.5.1182~1-e02e3]:DecodeUtteranceLatticeFaster():decoder-wrappers.cc:375) Log-like per frame for utterance 27-123349-0021 is -8.3138 over 948 frames.
27-123349-0040 AND THE HOUSE OF NOT SOUL UNABLE ADMINISTRATION OF THE UNITED PROVINCES WAS CONDUCTED BY FIVE DISTINCT FORDS OF ADMIRAL SEE ONE OF THOSE FOUR TO SAY THAT AMSTERDAM WAS PARTLY DOMINATED BY THE AUTHORITIES OF THAT CITY 
LOG (gmm-latgen-faster[5.5.1182~1-e02e3]:DecodeUtteranceLatticeFaster():decoder-wrappers.cc:375) Log-like per frame for utterance 27-123349-0040 is -8.2645 over 1513 frames.
27-123349-0052 AFTER LOSING THREE DAYS SAILED AWAY THIS DELAY WAS FULL OF DANGER IT WOULD SPEEDILY KNOWN THAT BETTER MORROW THAT THE RABBLE SQUADRONS HAD TOUCH THAT THE FOR THESE SHIPS WERE ASLEEP AN EMOTION 
LOG (gmm-latgen-faster[5.5.1182~1-e02e3]:DecodeUtteranceLatticeFaster():decoder-wrappers.cc:375) Log-like per frame for utterance 27-123349-0052 is -8.17995 over 1327 frames.
27-124992-0002 SWORE BY HIS THRONE IN KINGDOM THAT HE WOULD REVENGE HIMSELF OF ALL THOSE COUNTRIES 
LOG (gmm-latgen-faster[5.5.1182~1-e02e3]:DecodeUtteranceLatticeFaster():decoder-wrappers.cc:375) Log-like per frame for utterance 27-124992-0002 is -8.09714 over 597 frames.
27-124992-0008 WITH ALL PETITIONS SUFFICIENT FOR THE ARMIES AN ABUNDANCE AND HEARD TO A FOX IN AND A FOX THE SHEEP 
LOG (gmm-latgen-faster[5.5.1182~1-e02e3]:DecodeUtteranceLatticeFaster():decoder-wrappers.cc:375) Log-like per frame for utterance 27-124992-0008 is -8.17075 over 692 frames.
27-124992-0009 WITH A CHARIOT AND HORSEMAN AND ARCHES 
LOG (gmm-latgen-faster[5.5.1182~1-e02e3]:DecodeUtteranceLatticeFaster():decoder-wrappers.cc:375) Log-like per frame for utterance 27-124992-0009 is -8.16902 over 333 frames.
27-124992-0028 LEST HE SHOULD DO THE SAME TO JERUSALEM AND THE TEMPLE OF THE LORD 
LOG (gmm-latgen-faster[5.5.1182~1-e02e3]:DecodeUtteranceLatticeFaster():decoder-wrappers.cc:375) Log-like per frame for utterance 27-124992-0028 is -8.30175 over 404 frames.
27-124992-0032 AND THE CAUSE LITTLE CHILDREN TO LIE PROSTRATE BEFORE THE TEMPLE OF THE LORD 
LOG (gmm-latgen-faster[5.5.1182~1-e02e3]:DecodeUtteranceLatticeFaster():decoder-wrappers.cc:375) Log-like per frame for utterance 27-124992-0032 is -8.2366 over 464 frames.
27-124992-0049 FROM THE DIFFERENT PLACES WHERE IN THEY WERE SCATTERED THEY ARE CALM TOGETHER 
LOG (gmm-latgen-faster[5.5.1182~1-e02e3]:DecodeUtteranceLatticeFaster():decoder-wrappers.cc:375) Log-like per frame for utterance 27-124992-0049 is -8.21338 over 464 frames.
27-124992-0056 WHEN THEY HAD LEFT OFF SPEAKING THE POOL OFTENEST BEING IN A VIOLENT PASSION 
LOG (gmm-latgen-faster[5.5.1182~1-e02e3]:DecodeUtteranceLatticeFaster():decoder-wrappers.cc:375) Log-like per frame for utterance 27-124992-0056 is -8.13199 over 522 frames.
27-124992-0075 THE CHARGE THAT IS THE CYNIC UP OR PLACE WHERE THEY MADE FOR PRAYER TOO THIS CHAPTER SEVEN HALL OFTENEST THE SIEGE IF THAT TO THE OTHER 
LOG (gmm-latgen-faster[5.5.1182~1-e02e3]:DecodeUtteranceLatticeFaster():decoder-wrappers.cc:375) Log-like per frame for utterance 27-124992-0075 is -7.76667 over 1295 frames.
32-21625-0009 OF COURSE YOUR ENEMY MIGHT BE ABLE TO SWIM AS WELL AS YOU BUT MADE THE HE WOULD THINK TWICE OR EVEN THREE TIMES BEFORE HE WENT PROWLING THROUGH YOUR CRICKET HALL FOR IF YOU HAD ENORMOUS THE STRONGEST SHARP TEETH 
LOG (gmm-latgen-faster[5.5.1182~1-e02e3]:DecodeUtteranceLatticeFaster():decoder-wrappers.cc:375) Log-like per frame for utterance 32-21625-0009 is -8.44094 over 1375 frames.
32-21631-0008 HE TOO MANY DIED APPLES WELL WELL BROWN THE BEAVER MURMURED AND HE STARTED TO ASKED MISTER PRO QUESTION BUT MISTER CREW INTERRUPTED HIM WITH MORE NEWS 
LOG (gmm-latgen-faster[5.5.1182~1-e02e3]:DecodeUtteranceLatticeFaster():decoder-wrappers.cc:375) Log-like per frame for utterance 32-21631-0008 is -8.56063 over 1183 frames.
32-21634-0016 A SIGN DOESN'T MEAN THAT HUNTING AND FISHING ART OF THE SPOT IT MEANS THAT NO ONE WENT ON A DREAM IS GOING TO HEIGHTEN FISH AND ITS NEIGHBOURHOOD 
LOG (gmm-latgen-faster[5.5.1182~1-e02e3]:DecodeUtteranceLatticeFaster():decoder-wrappers.cc:375) Log-like per frame for utterance 32-21634-0016 is -8.84505 over 889 frames.
32-4137-0038 YES SIR RESPONDED JERRY AS HE WENT TO TEARS FROM HIS EYES SMITH TOOK FROM HIS POCKET THE BOAT SAIL AND HANDED IT TO JOHNSON AT THE SAME TIME SAYING 
LOG (gmm-latgen-faster[5.5.1182~1-e02e3]:DecodeUtteranceLatticeFaster():decoder-wrappers.cc:375) Log-like per frame for utterance 32-4137-0038 is -8.36611 over 1127 frames.
32-4137-0040 THE NEXT MORNING AS THE PASSENGERS WERE ASSEMBLING IN THE BREAKFAST LIMBS AND UPON THE GUARDS OF THE CASTLE AND SENATOR SEEN RUNNING ABOUT WAITING UPON OUR LOOKING FOR THEIR MASTER'S POUR JERRY WAS ENTERING HIS NEW MASTER'S STATE ROOM WITH HIS TROOPS 
LOG (gmm-latgen-faster[5.5.1182~1-e02e3]:DecodeUtteranceLatticeFaster():decoder-wrappers.cc:375) Log-like per frame for utterance 32-4137-0040 is -8.64654 over 1481 frames.
32-4137-0044 TO BEHOLD FIVE OR SIXTH TABLES OF A SPEED BOAT'S CABIN WHAT HAVE A DOZEN AND PLANCHET PARTS AND MONEY PISTOLS GOING ON US ALL AND CONFUSION ON THE TABLES IS WHAT MAY BE SEEN IT ALMOST ANY TIME ON THE MISSISSIPPI RIVER AND FORTH A WHILE ITS NATURAL AS 
LOG (gmm-latgen-faster[5.5.1182~1-e02e3]:DecodeUtteranceLatticeFaster():decoder-wrappers.cc:375) Log-like per frame for utterance 32-4137-0044 is -8.75027 over 1551 frames.
32-4137-0057 THE MENTAL TO TROT THREE OF HIS SOUL AWARE AS HE WHO WERE HALF SURVEYED THE HORACE OF HER OWN SLAVE TRADE THERE IS NOT WAKE SUNLIGHT THERE IS A HAND OF PURE OF US MIGHT WHICH SOON HOUR LATE 
LOG (gmm-latgen-faster[5.5.1182~1-e02e3]:DecodeUtteranceLatticeFaster():decoder-wrappers.cc:375) Log-like per frame for utterance 32-4137-0057 is -8.34836 over 1472 frames.
39-121914-0006 THE SCENT HAD EVERY PROMISE OF HAPPINESS FOR HER FRIEND MISTER WEST AND WAS THE MAN OF AN EXCEPTIONABLE CARE TO EASY FORTUNE SIMPLE EACH ONE PLEASANT MENACE 
LOG (gmm-latgen-faster[5.5.1182~1-e02e3]:DecodeUtteranceLatticeFaster():decoder-wrappers.cc:375) Log-like per frame for utterance 39-121914-0006 is -8.35934 over 1265 frames.
39-121915-0005 MISSUS QUESTION I TO HAVE FOUND MORE IN A FREE SHE HAD HAS BEEN WHOSE WARM HEARTED SWEET TEMPER MEET HIM THINK EVERYTHING DUE TO HER IN RETURN FOR THE GREAT GOODNESS OF THE NEW LAUGH WITH HIM BUT THOUGH SHE HAD ONCE OR TWO SPIRIT 
LOG (gmm-latgen-faster[5.5.1182~1-e02e3]:DecodeUtteranceLatticeFaster():decoder-wrappers.cc:375) Log-like per frame for utterance 39-121915-0005 is -8.48334 over 1526 frames.
39-121915-0009 AND MISTER MISSUS STEWART SHELL HAVING NEARLY CHILDREN OF THEIR DON'T KNOW AT ANY OTHER YOUNG CREATURE OF EQUAL CAME TO TO CARE FOR OFFER TO TAKE THE WHOLE CHARTER AND LITTLE FRANK SOON AFTER HER DECEASE 
LOG (gmm-latgen-faster[5.5.1182~1-e02e3]:DecodeUtteranceLatticeFaster():decoder-wrappers.cc:375) Log-like per frame for utterance 39-121915-0009 is -8.54056 over 1458 frames.
39-121915-0017 ON COMING OF AGE IT WAS MOST UNLIKE THE FAIR FOR THAT HE SHOULD EVER APPLIED HIS FATHER'S ASSISTANTS HIS FATHER HAD NO APPREHENSION OF IT THE END WAS THE CAPRICES WOMAN AND BLUFF AND HER HAS BEEN ENTIRELY 
LOG (gmm-latgen-faster[5.5.1182~1-e02e3]:DecodeUtteranceLatticeFaster():decoder-wrappers.cc:375) Log-like per frame for utterance 39-121915-0017 is -8.31572 over 1609 frames.
39-121915-0018 BUT IT WAS NOT A MISTER WHEN SINCE THE CHIEF TO BE MENTIONED THAT ANY TURKEYS COULD BE STRONG ENOUGH TO AFFECT ONCE TO THE YEAR AND IF HE BELIEVED SO TO SAY THAT METEOR HE SAW HIS SON EVERY YEAR IN LONDON AND WAS PROUD OF HIM 
LOG (gmm-latgen-faster[5.5.1182~1-e02e3]:DecodeUtteranceLatticeFaster():decoder-wrappers.cc:375) Log-like per frame for utterance 39-121915-0018 is -8.45707 over 1532 frames.
39-121915-0021 I THERE WHEN MISSUS CARRY TRYING TO YOU WITH ME SINCE IN HIS SPEECH OR WHEN THIS IS ANY STATES FEET TURNED THE FACE IT NOW WAS THAT TIME FOR MISTER FRANK CHURCH ILL TO COME AMONG THEM AND THE WHOLE STRENGTH AND 
LOG (gmm-latgen-faster[5.5.1182~1-e02e3]:DecodeUtteranceLatticeFaster():decoder-wrappers.cc:375) Log-like per frame for utterance 39-121915-0021 is -8.40958 over 1357 frames.
39-121915-0026 THAT DEAR I AM A WAS OF NO FEEBLE CHARACTER 
LOG (gmm-latgen-faster[5.5.1182~1-e02e3]:DecodeUtteranceLatticeFaster():decoder-wrappers.cc:375) Log-like per frame for utterance 39-121915-0026 is -8.2449 over 342 frames.
39-121916-0001 HE COULD COMMAND OF HIS ITS OF HIS OWN LITTLE CIRCLE IN A GREAT MEASURE AS HE LAY HE HAD NOT MUCH INTERCOURSE WITH ANY FAMILIES BE ON THAT CIRCLE OF HIS HORROR OF THE POWERS AND MARCHED IN A PARTIES 
LOG (gmm-latgen-faster[5.5.1182~1-e02e3]:DecodeUtteranceLatticeFaster():decoder-wrappers.cc:375) Log-like per frame for utterance 39-121916-0001 is -8.46381 over 1437 frames.
40-121026-0006 THE PIANO TO HIM PERFECTLY IMPOSSIBLE EACH WORD THAT FELL FROM HIS COMPANIONS LIPS SEEMED FROM WITHIN THE STREETS OF SIGNS AS WORTHY OF TAKING OUT AS THE GOLDEN DIAMONDS IN THE MINDS OF THE THUMB ROUND AND WILL COMING 
LOG (gmm-latgen-faster[5.5.1182~1-e02e3]:DecodeUtteranceLatticeFaster():decoder-wrappers.cc:375) Log-like per frame for utterance 40-121026-0006 is -8.42021 over 1400 frames.
40-121026-0008 I AM ANXIOUS TO SEE YOUR TREASURE IS THE AND A SMILED AND PROCEEDING TO THE DIFFUSED FIREPLACE RAISED BY THE HEALTH OF HIS TO SELL HIM OWN STONE WHICH HAD DOUBTLESS BEEN THE HER BENEATH WHICH WITH THE CAT ANY OF CONSIDERABLE DEATH 
LOG (gmm-latgen-faster[5.5.1182~1-e02e3]:DecodeUtteranceLatticeFaster():decoder-wrappers.cc:375) Log-like per frame for utterance 40-121026-0008 is -8.42972 over 1485 frames.
40-121026-0011 MADE ONE OVER THE HEAVEN THE FOLDS OF PENITENCE THESE WALLS CONSISTED OF THREATS OF CLOCK ON A FOURTH INCHES WIDE AND BEAT TO MOAN THEY WERE ALL CAREFULLY NUMBERED AND CLOSELY COVERED WITH WRITING SO MAN TO FILL THE COUNTIES CITIES LEAVE THE FATE 
LOG (gmm-latgen-faster[5.5.1182~1-e02e3]:DecodeUtteranceLatticeFaster():decoder-wrappers.cc:375) Log-like per frame for utterance 40-121026-0011 is -8.45284 over 1565 frames.
40-121026-0019 AS THE WORKS OF THE SAVAGES IN ITSELF SCENES FROM WHENCE THEY HAD BEEN BROUGHT BY THE DIFFERENT FAITH INVESTMENTS AS FOR THE DUKE 
LOG (gmm-latgen-faster[5.5.1182~1-e02e3]:DecodeUtteranceLatticeFaster():decoder-wrappers.cc:375) Log-like per frame for utterance 40-121026-0019 is -8.3659 over 783 frames.
40-121026-0023 THEY SEPARATED THE FACT WHO ME SO TO A METHOD IT AND SO MADE OR YOU HERE IS MEANT SO SAYING THE AT THE VICINITY THIS HORDE OF PORCH THE SENTIMENT AND INFUSED INTO THE ILLUMINATION 
LOG (gmm-latgen-faster[5.5.1182~1-e02e3]:DecodeUtteranceLatticeFaster():decoder-wrappers.cc:375) Log-like per frame for utterance 40-121026-0023 is -8.40398 over 1413 frames.
40-121026-0024 AND NOT KITS AND PRETENDED THEN I HAD IN DISORDER OF THE SKIN AND ASKED FOR HIM A FULFILLED FOR WHICH WAS RATHER BE SUPPLIED THAT CASE LEAVE THE DIFFERENT THINGS HE HAD BEEN WORKING OUT ON THE TABLE AND STOOD WITH HIS HEAD DROOPING HIS BREAST 
LOG (gmm-latgen-faster[5.5.1182~1-e02e3]:DecodeUtteranceLatticeFaster():decoder-wrappers.cc:375) Log-like per frame for utterance 40-121026-0024 is -8.42054 over 1520 frames.
40-121026-0025 AS THOUGH OVERWHELM BY THE PRESIDENT'S HIS STRENGTH OF FAIRIES MIND YOU HAVE NOT SEEN ALL YOU CONTINUED FERRYING FOR I DID NOT THINK A WISE TO TRUST OH MY TREASURES AND THE SAME HIDING PLACE BUT I SHOT THIS ONE OF 
LOG (gmm-latgen-faster[5.5.1182~1-e02e3]:DecodeUtteranceLatticeFaster():decoder-wrappers.cc:375) Log-like per frame for utterance 40-121026-0025 is -8.25518 over 1472 frames.
40-121026-0028 SO THEN I HAD BEEN ABLE TO FUNNY FLY AWAY HERE AND WHAT IT NOT DISCOVER THE ISSUE OR ON HIM 
LOG (gmm-latgen-faster[5.5.1182~1-e02e3]:DecodeUtteranceLatticeFaster():decoder-wrappers.cc:375) Log-like per frame for utterance 40-121026-0028 is -8.36809 over 655 frames.
40-222-0006 THE EVEN MORE AWAY WITH NO ABATEMENT OF THE SOOTHING POLITENESS AND HER SPIRIT WERE GRADUALLY RAISED ONE LIES TRANQUILLITY SHE DID NOT LEARNT EITHER TO FORGET OR DEFEND THE PAST 
LOG (gmm-latgen-faster[5.5.1182~1-e02e3]:DecodeUtteranceLatticeFaster():decoder-wrappers.cc:375) Log-like per frame for utterance 40-222-0006 is -8.3315 over 1255 frames.
40-222-0008 THEN THAT IT HAD BEEN ALL OF VOLUNTARY SELF CREATED DELUSION EACH TRIFLING CIRCUMSTANCE RECEIVING IMPORTANCE FROM AN IMAGINATION RESOLVED AN ALARM AND EVERYTHING FORCED TO DAY TO ONE PORTHOS BY A MIND WHICH 
LOG (gmm-latgen-faster[5.5.1182~1-e02e3]:DecodeUtteranceLatticeFaster():decoder-wrappers.cc:375) Log-like per frame for utterance 40-222-0008 is -8.13529 over 1500 frames.
40-222-0010 CHARMING AS WAR O MISSUS RED CLIFFS WHERE IS AN CHANNING THE MEN AS WITH A WORKS OF ALL HER IMITATED IS THE WAS NOT ONE MAN PERHAPS THAT HE IN THE NATURE AT LEAST IMMEDIATELY COUNTIES OF ENGLAND WAS TO THE LOOK FOR 
LOG (gmm-latgen-faster[5.5.1182~1-e02e3]:DecodeUtteranceLatticeFaster():decoder-wrappers.cc:375) Log-like per frame for utterance 40-222-0010 is -8.40258 over 1353 frames.
40-222-0017 SHE HAD NOTHING TO DO BUT TO FORGIVE HERSELF AND THE HAPPIER THAN EVER AND ONLY MEANS HEAD OF TIME DID MUCH FOR HER BY INSENSIBLE RADIATIONS INTO COURSE OF ANOTHER DAY AND RACE ASTONISHMENT GENEROSITY 
LOG (gmm-latgen-faster[5.5.1182~1-e02e3]:DecodeUtteranceLatticeFaster():decoder-wrappers.cc:375) Log-like per frame for utterance 40-222-0017 is -8.3447 over 1391 frames.
40-222-0018 AND NOBLE LIVES OF CONDUCT IN NEVER CONCLUDING IN THE SLIGHTEST WAY TO WHAT HAD PASSED WAS OF THE GREATEST ASSISTANCE TO HER AND STILL MORE THAN SHE COULDN'T SUPPOSED IT POSSIBLE IN THE BEGINNING OF HER DISTRESS HER SPIRIT SPEAKING PARTS OF DUTY COMFORTABLE 
LOG (gmm-latgen-faster[5.5.1182~1-e02e3]:DecodeUtteranceLatticeFaster():decoder-wrappers.cc:375) Log-like per frame for utterance 40-222-0018 is -8.51415 over 1510 frames.
40-222-0026 I SHALL NOT INTO A GOOD TEETH AS THEY WOULD ONLY A NEW WAR YOU WILL SOON YOU ARE NOW FROM ANOTHER QUARTER TO KNOW WHERE LIFE THE BRAIN 
LOG (gmm-latgen-faster[5.5.1182~1-e02e3]:DecodeUtteranceLatticeFaster():decoder-wrappers.cc:375) Log-like per frame for utterance 40-222-0026 is -8.26576 over 878 frames.
40-222-0045 I HAVE WON FAVOUR TO BEG THAT CAP'N SHORTLY AFTERWARDS IN AN AGITATED THAN THAT IF YOU AND WHEN THEY SHOULD BECOME A YEAR YOU WILL GIVE ME NOTICE OF IT THEN I MAY GO AWAY OUT HER BROTHER FOR I THINK THE AXE 
LOG (gmm-latgen-faster[5.5.1182~1-e02e3]:DecodeUtteranceLatticeFaster():decoder-wrappers.cc:375) Log-like per frame for utterance 40-222-0045 is -8.21213 over 1580 frames.
60-121082-0003 HE HAD NOTICED THE APPROACH OF THE LOVER TO MADAME DE FAR AND HE SOON GUEST ALL THAT HAD PASSED BETWEEN THEM OF THE WORDS HAD BEEN UTTERED IN SO LONG VOICE 
LOG (gmm-latgen-faster[5.5.1182~1-e02e3]:DecodeUtteranceLatticeFaster():decoder-wrappers.cc:375) Log-like per frame for utterance 60-121082-0003 is -8.0977 over 951 frames.
60-121082-0008 AND TAKING INTO CONSIDERATION OF HOSPITALITY OF THE COUNT MADE UP HIS MIND THAT HE WAS IN THIS SOCIETY OF SOME A BALM COME TO PARIS TO FINISHED THE WORLD IN EDUCATION OF HIS AIR 
LOG (gmm-latgen-faster[5.5.1182~1-e02e3]:DecodeUtteranceLatticeFaster():decoder-wrappers.cc:375) Log-like per frame for utterance 60-121082-0008 is -8.06076 over 1236 frames.
60-121082-0057 HAS BEEN KIND TO ME A FORTUNE HAS BEEN KIND TO YOU THEN PURE TO A VERY YOUR GREW IN EUROPE CLOSE ARE NOT BEEN HIRED GOOD 
LOG (gmm-latgen-faster[5.5.1182~1-e02e3]:DecodeUtteranceLatticeFaster():decoder-wrappers.cc:375) Log-like per frame for utterance 60-121082-0057 is -7.82408 over 1331 frames.
60-121082-0076 I SHALL LOOK LIKE SOME RETIRED THE LIQUOR THAT IS WHAT I WANT COME IF YOU WILL ONLY PUT THE SCHEME INTO EXECUTION AND THE STUDY NOTHING COULD BE BETTER 
LOG (gmm-latgen-faster[5.5.1182~1-e02e3]:DecodeUtteranceLatticeFaster():decoder-wrappers.cc:375) Log-like per frame for utterance 60-121082-0076 is -7.97006 over 1390 frames.
60-121082-0081 WHAT WAS THERE BEFORE ALL MAKING IN ALL ABOUT TWO HUNDRED FRIENDS WHY I SHOULD CERTAINLY THE REST OF THE BARRIERS THAN TO JUSTIFY MYSELF I SHOULD SAY THAT YOU GAVE ME THE MONEY 
LOG (gmm-latgen-faster[5.5.1182~1-e02e3]:DecodeUtteranceLatticeFaster():decoder-wrappers.cc:375) Log-like per frame for utterance 60-121082-0081 is -8.12381 over 1570 frames.
60-121082-0082 THIS WOULD CAUSE INQUIRIES IT WOULD BE FOUND THAT I LEFT WHEN ALL WITHOUT GIVING TO NOTICE AND THAT I SHOULD THEN BE A SCORE GET BACK TO THE SHORES OF THE MATTER TO RADIANT THEN I SHOULD BE CALM SIMPLY 
LOG (gmm-latgen-faster[5.5.1182~1-e02e3]:DecodeUtteranceLatticeFaster():decoder-wrappers.cc:375) Log-like per frame for utterance 60-121082-0082 is -8.16209 over 1482 frames.
60-121082-0086 WHO HAD NEVER TAKE HIM HIS EYES OF HIS COMPANION PASSED HIM BEHIND HIS BACK AND OPENED A LONG SPANISH NIGHT WHICH HE ALL WAS SCARED WITH HIM TO BE READY AND CASE OF MEET 
LOG (gmm-latgen-faster[5.5.1182~1-e02e3]:DecodeUtteranceLatticeFaster():decoder-wrappers.cc:375) Log-like per frame for utterance 60-121082-0086 is -7.95471 over 1470 frames.
60-121082-0088 HE SAID HOW HAPPY WILL BE BOUGHT IT WILL DO MY BEST SAID THE INN KEEPER OF THE POND A GUARD SHUTTING OF HIS KNIFE OF THEM WE WILL GIVE A TERRACE 
LOG (gmm-latgen-faster[5.5.1182~1-e02e3]:DecodeUtteranceLatticeFaster():decoder-wrappers.cc:375) Log-like per frame for utterance 60-121082-0088 is -7.66007 over 1489 frames.
60-121082-0090 WE SHALL SEE HE THEN TOOK THE GREAT COAT WITH A LARGE COLOR WHICH THE GROOM HAD LEFT BEHIND HIM THAT A VERY IMPORTANT ON HIS BACK THAN HE TOOK UP THE HOWL COUNTIES HAT WHICH HE PLACED UPON HIS OWN HEAD AND FINALLY 
LOG (gmm-latgen-faster[5.5.1182~1-e02e3]:DecodeUtteranceLatticeFaster():decoder-wrappers.cc:375) Log-like per frame for utterance 60-121082-0090 is -7.99084 over 1550 frames.
78-368-0001 THE WIND WHICH HAD FALLEN IN THE SOUTH NO ROSE WITH GREAT VIOLENCE AND THE WEST THE MOON HAD REACHED FOR SOME OF IN HEAVEN'S NAME WAS BEGINNING TO DESCEND 
LOG (gmm-latgen-faster[5.5.1182~1-e02e3]:DecodeUtteranceLatticeFaster():decoder-wrappers.cc:375) Log-like per frame for utterance 78-368-0001 is -8.00616 over 1126 frames.
78-368-0036 AND TOLD THEM THAT I HAD AN ACCUSATION TO ME THAT I KNEW THE DESTROY OR OF MY FAMILY AND THAT I REQUIRE CAME TO EXERT HIS WHOLE AUTHORITY FOR THE APPREHENSION OF THE LOVER 
LOG (gmm-latgen-faster[5.5.1182~1-e02e3]:DecodeUtteranceLatticeFaster():decoder-wrappers.cc:375) Log-like per frame for utterance 78-368-0036 is -8.02019 over 1148 frames.
78-369-0000 CHAPTER TWENTY FOUR I MIGHT PRESENT SITUATION WAS ONE IN WHICH ALL VOLUNTARY THOUGHT THIS WOE THAT THE LOSS I WAS HURRIED AWAY BY FURY 
LOG (gmm-latgen-faster[5.5.1182~1-e02e3]:DecodeUtteranceLatticeFaster():decoder-wrappers.cc:375) Log-like per frame for utterance 78-369-0000 is -7.53206 over 1567 frames.
78-369-0006 THEN APPROACHED THE TOMB WHICH WERE THEIR GRAVES EVERYTHING WAS SMILING EXCEPT LEAVES OF THE TREES WHICH WOULD GENTLY EDUCATED BY THE WAY IN THE NIGHT WAS NEARLY DARK IN THE SCENE WAS EVINCED OWN 
LOG (gmm-latgen-faster[5.5.1182~1-e02e3]:DecodeUtteranceLatticeFaster():decoder-wrappers.cc:375) Log-like per frame for utterance 78-369-0006 is -7.62067 over 1587 frames.
78-369-0009 AND WHICH I KNEW BY THE CHIEF OF WONDER NEAR ME BY THE DEEP IN ETERNAL GRIEF THAT I FEEL I SWEAR AND MIGHT BE ALL NIGHT AND THE SPIRITS THE PRECISE OVER THE PURSUIT OF THE MAN 
LOG (gmm-latgen-faster[5.5.1182~1-e02e3]:DecodeUtteranceLatticeFaster():decoder-wrappers.cc:375) Log-like per frame for utterance 78-369-0009 is -7.68636 over 1467 frames.
78-369-0013 THE RAIN AND LAY YEARS LONG AND HEAVILY THE MOUNTAINS REACT VOTED THAT I FELT AS IF ALL HOUSE ROUNDED MEAN A MOCKERY OF LAUGHTER 
LOG (gmm-latgen-faster[5.5.1182~1-e02e3]:DecodeUtteranceLatticeFaster():decoder-wrappers.cc:375) Log-like per frame for utterance 78-369-0013 is -7.64124 over 986 frames.
78-369-0023 OFTEN WHEN MOST MISERABLE I SAY TO OPPOSE A LIGHT GREEN LULL ME EVEN TO RAPTURE OF THE SPIRIT THAT GUARDED ME IN PROVIDED THESE MOMENTS WERE RATHER HOURS OF HAPPINESS THE TIME A THICK AND STRENGTH TO FEEL LIKE PILGRIMAGE 
LOG (gmm-latgen-faster[5.5.1182~1-e02e3]:DecodeUtteranceLatticeFaster():decoder-wrappers.cc:375) Log-like per frame for utterance 78-369-0023 is -7.84585 over 1609 frames.
78-369-0031 AGAIN DO I VOW VENGEANCE AGAIN DELIGHT OF OF ME MISERABLE VIEW THAT WERE TRUE THAT NEVER LIKED THE OFFICERS AND ILL HUMOUR ON A PAIR AND THEN WITH WHAT ECSTASY 
LOG (gmm-latgen-faster[5.5.1182~1-e02e3]:DecodeUtteranceLatticeFaster():decoder-wrappers.cc:375) Log-like per frame for utterance 78-369-0031 is -7.74519 over 1438 frames.
78-369-0041 AND I HOPE TO INTERCEPTING BEFORE HE SHOULD REACHED THE BEACH WITH NO CURRANTS THERE FOR I PASSED ON THE NAME TO GAZE ARRIVED AT A WRETCHED HIM WHAT COMES SEASHORE THE EYE INQUIRED OF THE INHABITANTS 
LOG (gmm-latgen-faster[5.5.1182~1-e02e3]:DecodeUtteranceLatticeFaster():decoder-wrappers.cc:375) Log-like per frame for utterance 78-369-0041 is -7.83277 over 1522 frames.
78-369-0044 THE HARDEST THEM AND THE SAME NIGHT TO THE JOY OF THE HORROR STRUCK VILLAGERS HAD PURSUED HIS JOURNEY ACROSS THE SCENE AND DIRECTION THAT LED TO THE LAND AND THEY CAN GET FEARED 
LOG (gmm-latgen-faster[5.5.1182~1-e02e3]:DecodeUtteranceLatticeFaster():decoder-wrappers.cc:375) Log-like per frame for utterance 78-369-0044 is -7.82036 over 1325 frames.
83-11691-0007 FOR DON'T STOP TO FEEL I HELD HIGH THIS IS COMMANDS HE BEGAN RATHER COLDLY THERE WAS IN A COMMON AS THIS NESTING FROM THE BUSHES GLORY NOW SAID IT NOT HAPPY VOICE AT LAST 
LOG (gmm-latgen-faster[5.5.1182~1-e02e3]:DecodeUtteranceLatticeFaster():decoder-wrappers.cc:375) Log-like per frame for utterance 83-11691-0007 is -8.21463 over 1545 frames.
83-11691-0030 HE MURMURED TO HIMSELF ONLY ASLEEP 
LOG (gmm-latgen-faster[5.5.1182~1-e02e3]:DecodeUtteranceLatticeFaster():decoder-wrappers.cc:375) Log-like per frame for utterance 83-11691-0030 is -8.45319 over 337 frames.
83-11691-0033 THEN A REMEMBRANCE OF IT IS APPEARANCE STARTED HIM OFF AGAIN I POINTED STATE WITH HIM A MOMENT LONG THAT HE THOUGHT I SHOULD IT BEST 
LOG (gmm-latgen-faster[5.5.1182~1-e02e3]:DecodeUtteranceLatticeFaster():decoder-wrappers.cc:375) Log-like per frame for utterance 83-11691-0033 is -8.47799 over 1044 frames.
83-11691-0045 BUT NO DOUBT HE WOULD THINK OF SOME TREMENDOUSLY COMING DEVICE LATER ON TILL YOU REALLY A MAN WITH ALL DESPATCH HE TROTTED OFF 
LOG (gmm-latgen-faster[5.5.1182~1-e02e3]:DecodeUtteranceLatticeFaster():decoder-wrappers.cc:375) Log-like per frame for utterance 83-11691-0045 is -8.48168 over 1089 frames.
83-3054-0001 I OMITTED SEVERAL VERY MATERIAL PARTS IN MY FATHER'S JOURNEY ACROSS THE ENGLISH CHANNELS AND HOLLAND WHICH THAT THEY MAY NOT BE TOTALLY LOST 
LOG (gmm-latgen-faster[5.5.1182~1-e02e3]:DecodeUtteranceLatticeFaster():decoder-wrappers.cc:375) Log-like per frame for utterance 83-3054-0001 is -8.70789 over 1038 frames.
83-9960-0025 FOR SEVERAL MINUTES HE UTTERED NOT A WORD THAT SWUNG HIS RIGHT FLIGHT WHICH HUNG DOWN AND STARED AT THE GREATER WITH AN AIR A SAVAGE TO READ HER RE 
LOG (gmm-latgen-faster[5.5.1182~1-e02e3]:DecodeUtteranceLatticeFaster():decoder-wrappers.cc:375) Log-like per frame for utterance 83-9960-0025 is -8.38876 over 1049 frames.
83-9960-0035 IN THIS SPOT HE LIVED A WATCH SPREADING AS THIS WHAT SPRANG PROPERLY HAVE BUILT CAUGHT WOULD SIZE CHAINS AND WIRES OF IRON THE UNFORTUNATE CONVEY TO HIS SUPPOSED TO POSSESS NEARLY US YOU NOT ALL 
LOG (gmm-latgen-faster[5.5.1182~1-e02e3]:DecodeUtteranceLatticeFaster():decoder-wrappers.cc:375) Log-like per frame for utterance 83-9960-0035 is -8.49283 over 1551 frames.
83-9960-0043 SEES HIM SAID TO NIGHT HE A TWO OF THE RUFFIANS LAID THEIR HANDS ON HIS SHOULDER AND THE MASK MAN WITH A BAND FILL THE CLIFFS BOYS TO THAT IS STATIONED IN FRONT OF HIM 
LOG (gmm-latgen-faster[5.5.1182~1-e02e3]:DecodeUtteranceLatticeFaster():decoder-wrappers.cc:375) Log-like per frame for utterance 83-9960-0043 is -8.43508 over 1279 frames.
87-121553-0013 GOT THROUGH ITSELF BUT HIS MOST ITS THERE AND THE GENERAL IT'S NOT TO THIS PEN SAW TWO OR THREE FOUR SACKS NOT AT A FORTUNE OF FIRST THEY CAN SAY NO LESS IN A SQUARE SOME HOPE MADAME DE 
LOG (gmm-latgen-faster[5.5.1182~1-e02e3]:DecodeUtteranceLatticeFaster():decoder-wrappers.cc:375) Log-like per frame for utterance 87-121553-0013 is -9.04234 over 1186 frames.
87-121553-0030 ITSELF ENTIRELY REMAIN AND ONE THAT IT A SENSE OF THE LAST COAT HIS EASE DOWNWARD FORGOT TO ACT THE COMMON SENSE THAT ONLY BRIEF CONTENT AND SEE THAT MAKES AND THESE CONTINUED SEE VITAL TO BE THINGS DECORATED 
LOG (gmm-latgen-faster[5.5.1182~1-e02e3]:DecodeUtteranceLatticeFaster():decoder-wrappers.cc:375) Log-like per frame for utterance 87-121553-0030 is -9.02313 over 1355 frames.
LOG (apply-cmvn[5.5.1182~1-e02e3]:main():apply-cmvn.cc:162) Applied cepstral mean normalization to 226 utterances, errors on 0
87-121553-0044 AND IF IT TO REMAIN SAME WHAT MATTER ASKED THE ARE AGAIN MADE VISIBLE IT CAN BE THAT IF IT DID NOT YOUR SIGHT AS THY GREAT OF GLADNESS CARRIAGE HAD DRAWN THEY WERE DANCING AND A RING SOMETIMES A LIVE THE VOICES AND EMOTIONS QUICKEN 
LOG (gmm-latgen-faster[5.5.1182~1-e02e3]:DecodeUtteranceLatticeFaster():decoder-wrappers.cc:375) Log-like per frame for utterance 87-121553-0044 is -8.95691 over 1490 frames.
87-121553-0056 HE HAD OF MY MEMORY OVERCOME IDEAS FOR ON THE CROSS OF LOVE HIM GLOOMED FORTH CHRIST SO THAT I CANNOT FLY HIS SADDLE WERE THEY WISH YOU TAKES IS CROSS AND FOLLOWS CRIES THE GENERAL PARDON ME WHAT I AM AT SEA AND THAT OR ARE ALIKE IN PRICE 
LOG (gmm-latgen-faster[5.5.1182~1-e02e3]:DecodeUtteranceLatticeFaster():decoder-wrappers.cc:375) Log-like per frame for utterance 87-121553-0056 is -8.96688 over 1586 frames.
89-219-0010 AND HOW MAY EVEN BY ACCIDENT ARGUMENTS 
LOG (gmm-latgen-faster[5.5.1182~1-e02e3]:DecodeUtteranceLatticeFaster():decoder-wrappers.cc:375) Log-like per frame for utterance 89-219-0010 is -8.1063 over 314 frames.
89-219-0055 AMONG THE VIGILANCE PRESENT I'M ONLY A LIVE IN A CONSTANT FRIEND 
LOG (gmm-latgen-faster[5.5.1182~1-e02e3]:DecodeUtteranceLatticeFaster():decoder-wrappers.cc:375) Log-like per frame for utterance 89-219-0055 is -8.3056 over 423 frames.
LOG (gmm-latgen-faster[5.5.1182~1-e02e3]:main():gmm-latgen-faster.cc:176) Time taken 953.868s: real-time factor assuming 100 frames/sec is 0.336077
LOG (gmm-latgen-faster[5.5.1182~1-e02e3]:main():gmm-latgen-faster.cc:179) Done 226 utterances, failed for 0
LOG (gmm-latgen-faster[5.5.1182~1-e02e3]:main():gmm-latgen-faster.cc:181) Overall log-likelihood per frame is -8.31428 over 283824 frames.
# Accounting: time=955 threads=1
# Ended (code 0) at Thu Apr 30 11:25:14 IST 2026, elapsed time 955 seconds
