# nnet-latgen-faster --minimize=false --max-active=7000 --min-active=200 --beam=15.0 --lattice-beam=8.0 --acoustic-scale=0.1 --allow-partial=true --word-symbol-table=exp_254102311/tri_8_2000/graph_254102311/words.txt exp_254102311/DNN_tri_ali/final.mdl exp_254102311/tri_8_2000/graph_254102311/HCLG.fst "ark,s,cs:apply-cmvn  --utt2spk=ark:data/test/split1/1/utt2spk scp:data/test/split1/1/cmvn.scp scp:data/test/split1/1/feats.scp ark:- |" "ark:|gzip -c > exp_254102311/DNN_tri_ali/decode_254102311/lat.1.gz" 
# Started at Thu Apr 30 12:02:20 IST 2026
#
nnet-latgen-faster --minimize=false --max-active=7000 --min-active=200 --beam=15.0 --lattice-beam=8.0 --acoustic-scale=0.1 --allow-partial=true --word-symbol-table=exp_254102311/tri_8_2000/graph_254102311/words.txt exp_254102311/DNN_tri_ali/final.mdl exp_254102311/tri_8_2000/graph_254102311/HCLG.fst 'ark,s,cs:apply-cmvn  --utt2spk=ark:data/test/split1/1/utt2spk scp:data/test/split1/1/cmvn.scp scp:data/test/split1/1/feats.scp ark:- |' 'ark:|gzip -c > exp_254102311/DNN_tri_ali/decode_254102311/lat.1.gz' 
apply-cmvn --utt2spk=ark:data/test/split1/1/utt2spk scp:data/test/split1/1/cmvn.scp scp:data/test/split1/1/feats.scp ark:- 
103-1240-0013 HE WAS THE SHYNESS MAN ALIVE IN HATED HALF THE GOLDEN STRANGERS OR TO ANY PLACE WHERE HE MIGHT HAVE TO TALK THAT FEW DRESSED UP WITH A WHITE COLLAR AND WRITING A BODY WAS SOMETHING THAT IT AND HAPPEN OFTEN MISSUS RACIAL PONDEROUS SHE MIGHT COULD MAKE NOTHING OF IT 
LOG (nnet-latgen-faster[5.5.1182~1-e02e3]:DecodeUtteranceLatticeFaster():decoder-wrappers.cc:375) Log-like per frame for utterance 103-1240-0013 is 0.190716 over 1524 frames.
103-1240-0027 THEY WERE THREE PLATES PLAYED SO THAT WERE ALONE MUST BE EXPECTING SOMEWHAT HOME WITH THAT THE DUTY BY PETITIONS FOR EVERYDAY DISHES AND THERE WAS ONLY CRAFT APPLE TREES AIRS AND ONE KIND OF TAKE SO THAT THE EXPECTED COMPANY COULD NOT BE ANY PARTICULAR COMPANY 
LOG (nnet-latgen-faster[5.5.1182~1-e02e3]:DecodeUtteranceLatticeFaster():decoder-wrappers.cc:375) Log-like per frame for utterance 103-1240-0027 is 0.175676 over 1395 frames.
103-1240-0044 SO THAT HE WENT BY PREFER TO MEET HIM WITH THIS ANSWER WOULD HAPPEN AFFAIR OF COURSE HE GOES ON TO LIGHT SENSATION HERSELF WITH HIS RAGE A PRIVATE HERSELF AND ALWAYS BEATING HER MIND SHE PROCEEDED TO SPEAK IT NOW HAVING EXHAUSTED HER MENTAL ATTITUDE TO THIS AMAZING PIECE OF NEWS 
LOG (nnet-latgen-faster[5.5.1182~1-e02e3]:DecodeUtteranceLatticeFaster():decoder-wrappers.cc:375) Log-like per frame for utterance 103-1240-0044 is 0.165647 over 1637 frames.
103-1241-0035 AND AT A TIGHT ALL FLOWERS AND NODDING PLUME IS A GOLD WATCHING TAKE LOVES AND BOOTS I FELT SURE TO RIDE AWAY AND I DON'T LET IT TO THE ISLAND THAN ALL I MIGHT I WAS IN THE BRAKES A CUNNING OF ONE ABOUT I WAS THIS SINCERE ALL THAT EACH IN EARLIEST 
LOG (nnet-latgen-faster[5.5.1182~1-e02e3]:DecodeUtteranceLatticeFaster():decoder-wrappers.cc:375) Log-like per frame for utterance 103-1241-0035 is 0.125258 over 1553 frames.
103-1241-0037 AH THERE A LOT MORE TO THE TREES ON THE GLOOM THIS ISLAND IS THE GLOOMY ITS PLACE FITTEST OF IT ALL READY AND SO PLANCHET TO LIVE HERE HAVE ALWAYS FOR THE PRINCE AND RETIRED IS THE PRIEST PLACE IN THE WEALTH 
LOG (nnet-latgen-faster[5.5.1182~1-e02e3]:DecodeUtteranceLatticeFaster():decoder-wrappers.cc:375) Log-like per frame for utterance 103-1241-0037 is 0.126939 over 1276 frames.
118-121721-0002 HANDS AND AND JUSTINIAN WAS ANY LADY IN A STAKE STICK TO WORK IS STOP GONE BACK MY DEAR THE MOSQUITO NOW IT IS SOMETHING OR A REBEL KEEPERS AND OFTEN LOST MY TWELVE HOURS 
LOG (nnet-latgen-faster[5.5.1182~1-e02e3]:DecodeUtteranceLatticeFaster():decoder-wrappers.cc:375) Log-like per frame for utterance 118-121721-0002 is 0.161889 over 1400 frames.
118-121721-0011 STILL WISH FOR MANY BY THE FIGURES IN THE RAIN AND CALMED BY A LAUGH SAID CARRY OFF TO CARTHAGE ARE TAKING OF A CHILL ANCIENT FARMERS BERRY 
LOG (nnet-latgen-faster[5.5.1182~1-e02e3]:DecodeUtteranceLatticeFaster():decoder-wrappers.cc:375) Log-like per frame for utterance 118-121721-0011 is 0.158294 over 1073 frames.
118-124588-0004 WAS SUBSTANTIAL A CORRECT THIS AFFECTION WE DISPOSED TO BURN POSSIBLE THEORY ASKED A GENTLEMAN IN HIS WIFE AT A MISTAKE AND SOME ONE ELSE FIRST EVERY SQUARE HELMS AND LIKEWISE LEARN ALL ABOUT THE MAN'S DOINGS ON THE PREVIOUS AFTERNOON 
LOG (nnet-latgen-faster[5.5.1182~1-e02e3]:DecodeUtteranceLatticeFaster():decoder-wrappers.cc:375) Log-like per frame for utterance 118-124588-0004 is 0.163427 over 1355 frames.
118-124588-0007 OR LOOK AT A VERY OUTSIDE TWO HUNDRED YARDS FOR THERE ARE YOU MUST INEVITABLY HAVE ENCOUNTERED BY A LIVE HERE 
LOG (nnet-latgen-faster[5.5.1182~1-e02e3]:DecodeUtteranceLatticeFaster():decoder-wrappers.cc:375) Log-like per frame for utterance 118-124588-0007 is 0.16742 over 637 frames.
118-124588-0020 THEIR LIVES FOR WHICH TO THROW IN THE LIGHT OF PIOUSLY AND BILLS DECLINING THIS HORDE IN THIS CRIME IN MAN'S PERSONAL PARENTS WERE EXHIBITED IN EVERY BAR ROOM ANOTHER OF SPEAKING WAS PLACE THRONE LESS GESTURE IN THE DAYS OF CONSCIENCE 
LOG (nnet-latgen-faster[5.5.1182~1-e02e3]:DecodeUtteranceLatticeFaster():decoder-wrappers.cc:375) Log-like per frame for utterance 118-124588-0020 is 0.155431 over 1429 frames.
118-47824-0011 TRANSFORMED INTO THE BELIEVE HE HAD ANY CONNECTION WITH YOUR SLEEP BLOODLESS MIGHT YET HIS CLEAR IS EVER THE HOLY AND HE OUGHT TO SUNDAY WHICH A FIGURE HE SHOULD BE AND NOBODY PERSISTED IN A GROVE ADVISED 
LOG (nnet-latgen-faster[5.5.1182~1-e02e3]:DecodeUtteranceLatticeFaster():decoder-wrappers.cc:375) Log-like per frame for utterance 118-47824-0011 is 0.122485 over 1344 frames.
118-47824-0029 AND HERE ASKED FOR HARDLY A TRIFLE AND SO DEGRADING AN ADDRESS BUT THE FACTS OF OTHERS ARE WORSHIPPED TOUCHING THE BEARD IS UNRIVALLED POSSESSED WARM VIRTUE DID DIVERTED BODIES THOUGHTS TEMPER WOULD FROM HIS OWN WILL GO FOR HIS INABILITY TO SHORT COURSE 
LOG (nnet-latgen-faster[5.5.1182~1-e02e3]:DecodeUtteranceLatticeFaster():decoder-wrappers.cc:375) Log-like per frame for utterance 118-47824-0029 is 0.118637 over 1521 frames.
118-47824-0033 CIVIL AN OFFICER OF THE TELEPHONE THIS IS LONG STUDY TO THE STEEL AS INDICATED THE LOWER RIVER INTO COMPANY FOR WHICH I ONCE WORKED HIS PROPHET IN GREAT MEN HE FLED WAS SOMEWHAT A FULL ROUND HER WAY THAT THE IVORY AND QUOTES MORNING 
LOG (nnet-latgen-faster[5.5.1182~1-e02e3]:DecodeUtteranceLatticeFaster():decoder-wrappers.cc:375) Log-like per frame for utterance 118-47824-0033 is 0.0967885 over 1460 frames.
118-47824-0045 AND LIFTED A BODY HE HAS FOR THE HOUSE FOR USE NO OBJECTION TO THE GENTLEMAN AS A NEW FOR THE PRESENT IF YOU WISHES BODY ANSWERED 
LOG (nnet-latgen-faster[5.5.1182~1-e02e3]:DecodeUtteranceLatticeFaster():decoder-wrappers.cc:375) Log-like per frame for utterance 118-47824-0045 is 0.159095 over 879 frames.
118-47824-0064 HE ASKED HE YOURS WERE HEADED YESTERDAY THAT SETTLES INSOLVENCY RELIGION ARE MORE TO THE BODY ANSWERED THIS MORNING POST AND THE CREEKS 
LOG (nnet-latgen-faster[5.5.1182~1-e02e3]:DecodeUtteranceLatticeFaster():decoder-wrappers.cc:375) Log-like per frame for utterance 118-47824-0064 is 0.120111 over 1038 frames.
118-47824-0077 YET THE FLESHY TEMPER HAD BEEN ENCOURAGED TO FACE YOUR DEAL ONLY NEAR AND RESENTMENT HAD BEEN SUGGESTED WAS IN THE DIFFICULTY OF HIS POSITION ENTERED THE COURT HE SCARCELY GLANCE OF THE BLACK WHITE AND THOUGH MORE BOOK WOODSMAN IN THE WHOLE WARRANTED RETURNED 
LOG (nnet-latgen-faster[5.5.1182~1-e02e3]:DecodeUtteranceLatticeFaster():decoder-wrappers.cc:375) Log-like per frame for utterance 118-47824-0077 is 0.133909 over 1617 frames.
118-47824-0079 HIS EYES STARTING THE FIRE HIS FINGERS ON THE CHARM RESTLESS DOCTOR GROOM STARTED FOR THE STAIRS TALKING THE CLERGY AND BESTOWING ANXIOUS FIGURE 
LOG (nnet-latgen-faster[5.5.1182~1-e02e3]:DecodeUtteranceLatticeFaster():decoder-wrappers.cc:375) Log-like per frame for utterance 118-47824-0079 is 0.151177 over 991 frames.
125-121124-0002 HE SLEEVES INDEED HARNESSES THE MORE STRANGE SENSE THE LEAST CONTRADICTION KEY TO AWAKE ALL NIGHT 
LOG (nnet-latgen-faster[5.5.1182~1-e02e3]:DecodeUtteranceLatticeFaster():decoder-wrappers.cc:375) Log-like per frame for utterance 125-121124-0002 is 0.184645 over 691 frames.
125-121124-0004 GREAT DOES NOT STORMY I HAVE NOT BEEN IN BED FOR TO NIGHT'S BUT THEN LIFTED MY DESK SEE WHAT I EVER ENDURING THESE TWO DAYS AND NIGHTS I HAVE FAILED THOSE PAPERS AND HAVE MADE OUT THE ACCUSATION AGAINST THE INCESSANT BENEDETTO 
LOG (nnet-latgen-faster[5.5.1182~1-e02e3]:DecodeUtteranceLatticeFaster():decoder-wrappers.cc:375) Log-like per frame for utterance 125-121124-0004 is 0.206348 over 1486 frames.
125-121124-0025 AND ADVANCED TO MEET HIM WITH THE SIDE LITTLE AFFABLE SMILE WELL SAID HE EXTENDING HIS HANDS MONTE CRISTO 
LOG (nnet-latgen-faster[5.5.1182~1-e02e3]:DecodeUtteranceLatticeFaster():decoder-wrappers.cc:375) Log-like per frame for utterance 125-121124-0025 is 0.243986 over 796 frames.
125-121124-0034 FAMILY GRAVES OR INDEED ANY OTHER REFLECTION WHICH THE CRASH OF MEN WHOSE CHILD WAS ONLY TREASURE ARE INCURABLE TO A MILLIONAIRE FELLOW SUFFER AS MAY WELL SAY AND PRACTICAL MEN WILL ALWAYS SUPPORT THE OPINION 
LOG (nnet-latgen-faster[5.5.1182~1-e02e3]:DecodeUtteranceLatticeFaster():decoder-wrappers.cc:375) Log-like per frame for utterance 125-121124-0034 is 0.215791 over 1426 frames.
125-121124-0044 IT IS INDEED SAID ON THUS IT IS A FINE PLAIN TO HAVE SUCH CREDIT REALLY IT IS ONLY IN FRANCE THESE THINGS ARE DONE FIVE MILLION AND FIVE WILL SCRAPS OF PAPER IT MUST BE SEEN TO BE BELIEVED 
LOG (nnet-latgen-faster[5.5.1182~1-e02e3]:DecodeUtteranceLatticeFaster():decoder-wrappers.cc:375) Log-like per frame for utterance 125-121124-0044 is 0.218376 over 1368 frames.
125-121124-0073 FOR WHAT REASON BECAUSE THEY WOULD NOT SPEND MONEY SO DENSELY ACQUIRED 
LOG (nnet-latgen-faster[5.5.1182~1-e02e3]:DecodeUtteranceLatticeFaster():decoder-wrappers.cc:375) Log-like per frame for utterance 125-121124-0073 is 0.222209 over 518 frames.
125-121124-0079 CERTAINLY IT WILL ONLY COST YOU IT IS COUNT OF FIVE THOUSAND OR SIX THOUSAND FRANCS THE RECEIVER STARTED BACK MASS WHILE HE SAID I PREFER WAKING TILL TO MORROW BUT A PROPOSITION 
LOG (nnet-latgen-faster[5.5.1182~1-e02e3]:DecodeUtteranceLatticeFaster():decoder-wrappers.cc:375) Log-like per frame for utterance 125-121124-0079 is 0.234046 over 1196 frames.
125-121124-0082 NO SAID THE DAGGER I HAD APPEARED RATHER RIDICULOUS AS THE AFFAIRS BENEDETTO SIGH REMAIN IN THE BACKGROUND POPULAR WRONG HOW YOU TO BLAME AND THAT A FAIR 
LOG (nnet-latgen-faster[5.5.1182~1-e02e3]:DecodeUtteranceLatticeFaster():decoder-wrappers.cc:375) Log-like per frame for utterance 125-121124-0082 is 0.183011 over 1072 frames.
125-121342-0000 A THOUSAND TEETH AND SLEEP I'M FLY WITH GOLD DESIRES RESTRAINED BEFORE THE CLAMOUR LIFE FOR IT WITH THE CRY AS DARK LIES ON THE CRANE DOOR AND SO IN QUEST OF CREED TO SHARE I SEE TO SEARCH OF DE GAND 
LOG (nnet-latgen-faster[5.5.1182~1-e02e3]:DecodeUtteranceLatticeFaster():decoder-wrappers.cc:375) Log-like per frame for utterance 125-121342-0000 is 0.194211 over 1402 frames.
125-121342-0013 AND ALWAYS THERE WAS THE ECONOMICAL STEPHANUS AND THEIR WINTER AND THE LONG SUMMERS NIGHT MERITS OF PERSPIRATION BETWEEN STICKY ENVELOPED AND WALLS THIRTY RESTAURANTS WERE CAREFUL AS TIRED PEOPLE HELP THEMSELVES TO SHIVER WITH THEIR OWN USED COFFEE SPOONS 
LOG (nnet-latgen-faster[5.5.1182~1-e02e3]:DecodeUtteranceLatticeFaster():decoder-wrappers.cc:375) Log-like per frame for utterance 125-121342-0013 is 0.206674 over 1507 frames.
125-121342-0017 HOW THE SNOW THAT HAD SUDDENLY CLEARED THE AIR AND GIVEN EVERY ONE IN THE CAR A MOMENTARY GLOW HAD TO TEST FOUR PEOPLE THOUGHT IN RECENTLY PEKIN FOR BEING POUR POVERTY MAY HAVE BEEN BEAUTIFUL ONCE THAT BROUGHT HIM NOW 
LOG (nnet-latgen-faster[5.5.1182~1-e02e3]:DecodeUtteranceLatticeFaster():decoder-wrappers.cc:375) Log-like per frame for utterance 125-121342-0017 is 0.190067 over 1457 frames.
150-126107-0007 HE FOUND THAT HE WAS APPROACHING THE OFFICERS OF THIS FOREST FOR THE TRAINS HAD NOT SO VEHEMENT THAT HE COULD SEE THE SUNSET THROUGH THEM AND HE SENT HIM UPON A KIND OF THE NEXT HE CAME UPON SIGNS OF HUMAN NEIGHBORHOOD 
LOG (nnet-latgen-faster[5.5.1182~1-e02e3]:DecodeUtteranceLatticeFaster():decoder-wrappers.cc:375) Log-like per frame for utterance 150-126107-0007 is 0.209169 over 1447 frames.
150-126107-0017 WHEN BUSINESS HAD YOU PULL ME DOWN OF THE WATER AND DROVE IT THE BOTTOM OF THE AIR I NEVER DID YOU ANY HARM PARDON ME I DID NOT NAMED HEARD YOU I DON'T BELIEVE YOU HAVE ANY BRAINS IN THAT IS A WORSE LOST IN YOUR BEGGED GRAVITY 
LOG (nnet-latgen-faster[5.5.1182~1-e02e3]:DecodeUtteranceLatticeFaster():decoder-wrappers.cc:375) Log-like per frame for utterance 150-126107-0017 is 0.195942 over 1539 frames.
150-126107-0022 ANSWERED THE PRINCESS COME THEN SAID THE PRINCE THE CONDITION OF HER DRESS INCREASING HER USUAL DIFFICULTY IN WALKING COMPELLED HEARD INCLINED HIM AND HE COULD HARDLY PERSUADE HIMSELF HE WAS NOT IN A DELIGHTFUL DREAM 
LOG (nnet-latgen-faster[5.5.1182~1-e02e3]:DecodeUtteranceLatticeFaster():decoder-wrappers.cc:375) Log-like per frame for utterance 150-126107-0022 is 0.237747 over 1599 frames.
150-126107-0025 IT SEEMED TO ME I GO UP REJOINED HE LIVED FEELING WAS CERTAINLY ONE OF ELEVATION TO THE PRINCE CONCEDED THE PRINCESS COULD NOT APPEAR TO UNDERSTAND HIM FOR SHE RETORTED HIS QUESTION 
LOG (nnet-latgen-faster[5.5.1182~1-e02e3]:DecodeUtteranceLatticeFaster():decoder-wrappers.cc:375) Log-like per frame for utterance 150-126107-0025 is 0.239199 over 1433 frames.
150-126112-0000 THIS IS VERY KIND OF YOU THE PRINCE WHAT TO DRESS FOR THE OCCASION FOR HE WAS RESOLVED TO DIE LIKE A PRINCE WHEN THE PRINCESS HEARD THAT A MAN HAD OFFERED TO DIE FOR HER 
LOG (nnet-latgen-faster[5.5.1182~1-e02e3]:DecodeUtteranceLatticeFaster():decoder-wrappers.cc:375) Log-like per frame for utterance 150-126112-0000 is 0.255591 over 1329 frames.
150-126112-0011 TO THIRTY FOUR HOURS PASSED IN THIS WAY THE PRINCESS APPARENTLY ASLEEP AND THE PRINCE VERY PATIENT BUT HE WAS MUCH DISAPPOINTED IN HIS POSITION FOR HE HAD NONE OF THE CONSOLATION HE HAD HOPED FOR 
LOG (nnet-latgen-faster[5.5.1182~1-e02e3]:DecodeUtteranceLatticeFaster():decoder-wrappers.cc:375) Log-like per frame for utterance 150-126112-0011 is 0.271226 over 1570 frames.
150-126112-0019 ANSWERED SHE WAS CONSCIOUS ANCIENT AND SITTING DOWN SHE DID LOOK AT HIM AND KEPT LOOKING AT HIM WITH WONDERFUL STEADINESS CONSIDERING ALL THINGS THE SUN WENT DOWN AND THE MOON AROSE 
LOG (nnet-latgen-faster[5.5.1182~1-e02e3]:DecodeUtteranceLatticeFaster():decoder-wrappers.cc:375) Log-like per frame for utterance 150-126112-0019 is 0.21612 over 1395 frames.
150-126112-0025 HE DID NOT SPEAK AGAIN THE PRINCESS GAVE HIM SOME ONE FOR THE LAST TIME HE WAS PASSED EATING THEN SHE SAT DOWN AGAIN AND LOOKED AT HIM THE WATER ROSE AND ROSE 
LOG (nnet-latgen-faster[5.5.1182~1-e02e3]:DecodeUtteranceLatticeFaster():decoder-wrappers.cc:375) Log-like per frame for utterance 150-126112-0025 is 0.260265 over 1403 frames.
150-126112-0027 HE BREATHE THROUGH HIS NOSTRILS THE PRINCESS LEARNT WILD AND COVERED HIS NOSTRILS HORIZON A SCARED AND SHONE STRANGE IN THE MOONLIGHT HIS HEAD FELL BACK THE WATER CLOSED OVER IT 
LOG (nnet-latgen-faster[5.5.1182~1-e02e3]:DecodeUtteranceLatticeFaster():decoder-wrappers.cc:375) Log-like per frame for utterance 150-126112-0027 is 0.260801 over 1581 frames.
150-126112-0028 AND THE BUNDLES OF HIS LAST BREATH DOUBLED UP THROUGH THE WATER THE PRINCESS GAVE A SHRIEK AND SPRANG INTO THE LATE SHE LAID HOLD FIRST OF ONE LEG AND THEN OF THE OTHER AND PULLED IN COULD BUT SHE COULD NOT MOVE EITHER SHE STOP TO TAKE BREATH 
LOG (nnet-latgen-faster[5.5.1182~1-e02e3]:DecodeUtteranceLatticeFaster():decoder-wrappers.cc:375) Log-like per frame for utterance 150-126112-0028 is 0.235696 over 1644 frames.
150-126112-0031 BUT WHEN SHE DID SHE FAINTED AWAY COMING TO HERSELF SHE SEES THE OARS KEPT OR SOLD STEADY HIS BEST SHE COULD AND WROTE AND WROTE THE SHE HAD NEVER ROAD BEFORE ROUND ROCKS AND OVER SHALLOWS AND THREW MUD HE RODE 
LOG (nnet-latgen-faster[5.5.1182~1-e02e3]:DecodeUtteranceLatticeFaster():decoder-wrappers.cc:375) Log-like per frame for utterance 150-126112-0031 is 0.242018 over 1484 frames.
150-132655-0021 I CONTENT MYSELF OFFENDING THE AIR FOR SALE THE FRUITS OF THE GARDEN WHICH I COLD BUT HAVING SO THESE WORDS HE INVITED TO STRANGERS AND HIS HOUSE HIS TWO STONES AND TO DAUGHTER'S PRESENTED THEN WITH SEVERAL SORT OF SURE THAT WHICH THEY MADE THEMSELVES 
LOG (nnet-latgen-faster[5.5.1182~1-e02e3]:DecodeUtteranceLatticeFaster():decoder-wrappers.cc:375) Log-like per frame for utterance 150-132655-0021 is 0.205813 over 1458 frames.
150-132655-0025 RENDERED SAID PAYNE LOSSES EXTREMELY DANGEROUS ACCORDING TO THE TESTIMONY OF THE FULL OFFERS FOR IN SHORT HEADLONG KING OF NO I WAS ASSASSINATED BY A GOOD HAVE SO LONG WAS ONE BY HIS HAIR AND PIERCED WITH REMARKS 
LOG (nnet-latgen-faster[5.5.1182~1-e02e3]:DecodeUtteranceLatticeFaster():decoder-wrappers.cc:375) Log-like per frame for utterance 150-132655-0025 is 0.178385 over 1422 frames.
150-132655-0029 THAT WE MUST HOLD OF A DARK BARTON YOU ARE RIGHT SAID PAYNE LAWS FOR ONE MAN WAS FIRST PLACED IN THE GARDEN OF BEATING HE WAS PUT THEIR LIVED UP THERE ARE IN TWO OR AM THAT HE MIGHT CULTIVATED WHICH SHOWS THAT MAN WAS NOT TOWARD THE IDEAL 
LOG (nnet-latgen-faster[5.5.1182~1-e02e3]:DecodeUtteranceLatticeFaster():decoder-wrappers.cc:375) Log-like per frame for utterance 150-132655-0029 is 0.197877 over 1519 frames.
163-121908-0006 NEXT NIGHT A LOW FOR IT HAS ITS PROPER CAUSES THE UNFORESEEN AN UNEXPECTED CONCURRENCE OF WHICH HAS BROUGHT THE CHANTS ABOUT FOR HAD NOT TO CULTIVATE OR BEEN TAKING 
LOG (nnet-latgen-faster[5.5.1182~1-e02e3]:DecodeUtteranceLatticeFaster():decoder-wrappers.cc:375) Log-like per frame for utterance 163-121908-0006 is 0.227436 over 1435 frames.
163-122947-0074 CREATURE THE CREATOR CREMATED IN THEN THERE IS NOT ONLY MATTER SHRED EXCESS CLAY MY HAIR FALSELY CHAOS BUT THERE IS ALL TO THE CREATOR 
LOG (nnet-latgen-faster[5.5.1182~1-e02e3]:DecodeUtteranceLatticeFaster():decoder-wrappers.cc:375) Log-like per frame for utterance 163-122947-0074 is 0.234554 over 1539 frames.
163-122947-0083 HONESTY GRANTING THAT IT IS THE VIRTUE OF WHICH WE CANNOT WOULD OURSELVES WE ARE FREE SPIRITS WELL WE WILL THEY BREAD IT WITH COLOR PERVERSE IN LOVE 
LOG (nnet-latgen-faster[5.5.1182~1-e02e3]:DecodeUtteranceLatticeFaster():decoder-wrappers.cc:375) Log-like per frame for utterance 163-122947-0083 is 0.21304 over 1182 frames.
163-122947-0094 HAS AND SEE YOU IN ITSELF FAULTS OWING TO THESE MORAL AS WHEN ONE WAS CERTAINLY READ WITH AN IDEA THEIR MOTIVES IF ONE MUST REALLY BEEN CONCEAL THIS TIME UNDER THE NEW FORM OF THE SCIENTIFIC SPIRIT 
LOG (nnet-latgen-faster[5.5.1182~1-e02e3]:DecodeUtteranceLatticeFaster():decoder-wrappers.cc:375) Log-like per frame for utterance 163-122947-0094 is 0.203727 over 1515 frames.
19-198-0003 UPON THAT ARE IN TREAT HIM TO BEAR IN MIND THAT THEIR EIGHTEEN YEARS HALF PAST SINCE IT WAS FINISHED MANY MORE OFFENSIVE WAS BE DONE AND THAT DARING THAT PERIOD PLACES MANNERS BOOKS AND OPINIONS HAD UNDERGONE CONSIDERABLE CHANGES 
LOG (nnet-latgen-faster[5.5.1182~1-e02e3]:DecodeUtteranceLatticeFaster():decoder-wrappers.cc:375) Log-like per frame for utterance 19-198-0003 is 0.205759 over 1546 frames.
19-198-0036 WHO OWNED THE CHIEF OF THE PROPERTY OF DOUBTFUL IT IN THE VILLAGE AND WILL SHOW WHERE THE MORNIN'S LIVE WAS ORDERED TO BACK FOR THE BENEFIT OF AND OUT THE CONSTITUTION AND HIS LADY A GOOD HUMORED WOMAN FOND OF MISS MILE INLAND PROBABLY AWARE THAT IT 
LOG (nnet-latgen-faster[5.5.1182~1-e02e3]:DecodeUtteranceLatticeFaster():decoder-wrappers.cc:375) Log-like per frame for utterance 19-198-0036 is 0.198542 over 1583 frames.
19-227-0016 AS THE CAUSE OF HIS INFUSION HE DID NOT ADDRESSED HIMSELF TO AN AND HANDED JUDGE OR A RESENTFUL HEART FAR FROM COMPREHENDING HIM MORE HIS SISTER IN THEIR FATHERS MISS CONDUCT 
LOG (nnet-latgen-faster[5.5.1182~1-e02e3]:DecodeUtteranceLatticeFaster():decoder-wrappers.cc:375) Log-like per frame for utterance 19-227-0016 is 0.204248 over 1267 frames.
19-227-0038 HAD ACCIDENTALLY INQUIRED OF THE LARK IF HE KNEW MORE OF HER AND THEN HER NAME FOR A MOST HAPPY TO BE DONE SPEAKING IN TERMS WITH A MAN OF GENERAL TO LEAVE IMPORTANCE HAD BEEN JOYFULLY AND PROUDLY COMMUNICATE OF 
LOG (nnet-latgen-faster[5.5.1182~1-e02e3]:DecodeUtteranceLatticeFaster():decoder-wrappers.cc:375) Log-like per frame for utterance 19-227-0038 is 0.219712 over 1480 frames.
19-227-0046 UPON SUCH INTELLIGENCE THE GENERAL HAD PRECEDED FAR NEVER HAD IT OCCURRED TO HIM TO DOUBT HIS AUTHORITY CORPSE INTEREST IN THE FAMILY BY HIS SISTERS APPROACHING CONNECTION WITH ONE OF ITS MEMBERS 
LOG (nnet-latgen-faster[5.5.1182~1-e02e3]:DecodeUtteranceLatticeFaster():decoder-wrappers.cc:375) Log-like per frame for utterance 19-227-0046 is 0.245988 over 1382 frames.
19-227-0050 KEPT THERE IN HERSELF COULD NOT THE LARK IGNORANT THAT THE TIME OF ALL THIS THAT HIS OWN CHILDREN HENRY AND ON ARM PERCEIVING NOTHING IN HIS SITUATION LIKELY TO ENGAGE THEIR FATHERS PARTICULAR RESPECTS 
LOG (nnet-latgen-faster[5.5.1182~1-e02e3]:DecodeUtteranceLatticeFaster():decoder-wrappers.cc:375) Log-like per frame for utterance 19-227-0050 is 0.221725 over 1380 frames.
19-227-0063 IN WHAT POINTS HIS OWN CONJUNCTURE IS MY ASSIST HIM AND WHAT PORTION MUST YET REMAINED TO BE TELL THEM A LETTER FROM JAMES 
LOG (nnet-latgen-faster[5.5.1182~1-e02e3]:DecodeUtteranceLatticeFaster():decoder-wrappers.cc:375) Log-like per frame for utterance 19-227-0063 is 0.170916 over 847 frames.
19-227-0064 AFTER AN AT ANY RATE HEARD ENOUGH TO FEEL THAT IN SUSPECT IN GENERAL TILL THE OF THE THEIR MURDER A LARGE SETTING UP HIS LIFE SHE HAD SCARCELY SEND AGAINST HIS CHARACTER ARM AN EF I'D HIS CRUELTY 
LOG (nnet-latgen-faster[5.5.1182~1-e02e3]:DecodeUtteranceLatticeFaster():decoder-wrappers.cc:375) Log-like per frame for utterance 19-227-0064 is 0.207541 over 1370 frames.
196-122150-0020 WITH DETERMINATION TO WOUND SAFELY FOR EXISTENCE TO GIT A NAP GOSSIPING CROWD THE LEGACY MAN SEEMED AT FIRST MORE AND SUBSTANTIAL AND SO MANY SHADOWS BUT AT LENGTH HE FOUND A FASCINATION IN THE SIDE OF THOSE MEN 
LOG (nnet-latgen-faster[5.5.1182~1-e02e3]:DecodeUtteranceLatticeFaster():decoder-wrappers.cc:375) Log-like per frame for utterance 196-122150-0020 is 0.243086 over 1603 frames.
196-122150-0024 THE STREAM THE BOARD OVER THREE GANGWAY IS THE STREAM THEN URGED BY FAITH IN THE HOPE OF PARADISE THE STREAM THEN WITH CONTINUOUS TRAMP AND SHOPFUL OF THEIR FEET WITHOUT A WORD A MURMUR OR LOOKED BACK 
LOG (nnet-latgen-faster[5.5.1182~1-e02e3]:DecodeUtteranceLatticeFaster():decoder-wrappers.cc:375) Log-like per frame for utterance 196-122150-0024 is 0.244622 over 1442 frames.
196-122150-0025 AND WHEN CLEAR OF CONFINED IN RAIL SPREAD AND ALL SIDES OVER THE DECK FLOWED FORWARD AND LAUGHED OVER FLOWED DOWN THE AWNING HATCH WAYS FILLED THE IN HER SENSES OF THE SHIP LIKE WATER FILLING THE SISTER 
LOG (nnet-latgen-faster[5.5.1182~1-e02e3]:DecodeUtteranceLatticeFaster():decoder-wrappers.cc:375) Log-like per frame for utterance 196-122150-0025 is 0.216656 over 1358 frames.
196-122150-0034 IT I A FLAME AS IF AND THE REGION OF HER HAIR AND OF FAITH HE CLEAR THE STRAIGHT ACROSS THE BAY CONTINUED ON HER WAY THROUGH THE ONE DEGREE PASSAGE SHE HELD ON STRAIGHT FOR THE RED SEE YOUNGER WAS SERENE SKY 
LOG (nnet-latgen-faster[5.5.1182~1-e02e3]:DecodeUtteranceLatticeFaster():decoder-wrappers.cc:375) Log-like per frame for utterance 196-122150-0034 is 0.235439 over 1577 frames.
196-122150-0037 WHY DID PASSED ON HIS TO SEND AND SANK MYSTERIOUS FLEE INTO THE SEA EVENING AFTER EVENING PRESERVED IN THE SAME DISTANCE AHEAD OF HER ADVANCING BOUGHS THE FIVE FLIGHTS ON BOARD LIVED IMAGE SHIPS ISOLATES IT FROM THE HUMAN CARGO 
LOG (nnet-latgen-faster[5.5.1182~1-e02e3]:DecodeUtteranceLatticeFaster():decoder-wrappers.cc:375) Log-like per frame for utterance 196-122150-0037 is 0.226856 over 1596 frames.
196-122152-0002 THE BIG FRAMEWORK OF PLANCHET'S MOVE GENTLY TO AND FRO A HIGH ABOUT HIS HEAD AND FROM BELOW MANY EYES WERE LOOKING AT HIM OUT OF DARK FACES OUT OF WHITE FACES OF RED FACES OUT OF FACES ATTENTIVE SPELL BOUND 
LOG (nnet-latgen-faster[5.5.1182~1-e02e3]:DecodeUtteranceLatticeFaster():decoder-wrappers.cc:375) Log-like per frame for utterance 196-122152-0002 is 0.242406 over 1524 frames.
196-122152-0032 HARBOR TO SIGN OF BLISS AN ARE NOW AND THEN A SMALL RED GLOW WOULD MOVE ABRUPTLY AND EXPANDING LIGHT UP THE FINGERS OF A LANGUAGE HAND PART OF THE FACE AND PROFOUND REPOSE OR FLASHED CRIMSON GLEAM INTO A PAIR AND SURPRISE 
LOG (nnet-latgen-faster[5.5.1182~1-e02e3]:DecodeUtteranceLatticeFaster():decoder-wrappers.cc:375) Log-like per frame for utterance 196-122152-0032 is 0.213936 over 1539 frames.
196-122159-0018 HIS VOICE SOUNDED REASONABLE SUPPOSE I HAD NOT I MEAN TO SAY SUPPOSE I HAD STOPPED TO THE SHIP WELL HOW MUCH LONGER SAME IN A HALF A MINUTE 
LOG (nnet-latgen-faster[5.5.1182~1-e02e3]:DecodeUtteranceLatticeFaster():decoder-wrappers.cc:375) Log-like per frame for utterance 196-122159-0018 is 0.231067 over 1216 frames.
198-126831-0017 THEN BEFORE GATHERED AROUND A TINY WOULD SPRING COLD IMPLICIT UNDER IT TO MAPLES AND ATE THE CHILLY CADIZ AND MISTER DURHAM TOLD US TO TELL OF THE HAUNTED SPRING IN THE LAND WHEN AT BERYL QUIETLY BELT 
LOG (nnet-latgen-faster[5.5.1182~1-e02e3]:DecodeUtteranceLatticeFaster():decoder-wrappers.cc:375) Log-like per frame for utterance 198-126831-0017 is 0.152181 over 1292 frames.
198-126831-0041 WITH WHITE AND CLEAR AGAINST THE BACKGROUND OF SPICES WHO WERE WILL FULLY TIRED BUT WE COULD NOT SIT DOWN BECAUSE THE GRASS WAS SPEAKING TO THE FAMILY GHOSTLY PEAS AND DELIGHTED THE STRUGGLE 
LOG (nnet-latgen-faster[5.5.1182~1-e02e3]:DecodeUtteranceLatticeFaster():decoder-wrappers.cc:375) Log-like per frame for utterance 198-126831-0041 is 0.145653 over 1142 frames.
198-126831-0044 THERE'S NO USE ASKING THE MEANING OF THIS I SUPPOSE THAT I'M GLAD YOU THAT THE COMMONS DESPAIR OF GAME OF TRAMPED PROBABLY NO ONE SPIRIT WERE STICKY WHAT YOU'RE NOT EVEN TELLING 
LOG (nnet-latgen-faster[5.5.1182~1-e02e3]:DecodeUtteranceLatticeFaster():decoder-wrappers.cc:375) Log-like per frame for utterance 198-126831-0044 is 0.149239 over 1036 frames.
198-126831-0052 I WOULD HAVE SAID DESTROY FUEL ON HIS LATE I THOUGHT IT WHAT THE BELL WHEN I HEARD IT IN THE DOOR OPENED TO LET US BE CAREFUL STUDY 
LOG (nnet-latgen-faster[5.5.1182~1-e02e3]:DecodeUtteranceLatticeFaster():decoder-wrappers.cc:375) Log-like per frame for utterance 198-126831-0052 is 0.169447 over 857 frames.
198-129977-0004 AS YOU ARE NOT YET READY FOR BREAKFAST 
LOG (nnet-latgen-faster[5.5.1182~1-e02e3]:DecodeUtteranceLatticeFaster():decoder-wrappers.cc:375) Log-like per frame for utterance 198-129977-0004 is 0.215876 over 236 frames.
198-129977-0010 COME AFRAID IT IS BUT TO TRUTH SHOULD MARRY AND THE WISE TO BOAST OF IT I SUSPECT SAID ALBERT BUT TO AVOID ONE KIND OF AFFECTATION EDWARD HERE FALLS INTO ANOTHER BECAUSE HE BELIEVED MANY PEOPLE PRETEND TO WHAT ADMIRATION OF THE BEAUTIES OF NATURE AND THEN THEY REALLY WILL 
LOG (nnet-latgen-faster[5.5.1182~1-e02e3]:DecodeUtteranceLatticeFaster():decoder-wrappers.cc:375) Log-like per frame for utterance 198-129977-0010 is 0.163468 over 1587 frames.
198-129977-0013 THIS I COULD FIND A LANGUAGE DESCRIBES THEM IN BUT WHAT WAS BORNE AND HACKNEYED OUT OF ALL SENSE OF MEANING BANK AND THEN SAID EDWARD THAT YOUTH REALLY FILL ALL THE DELIGHT IN A WENT OFF THAT WHICH HE PROFESSED A FELL 
LOG (nnet-latgen-faster[5.5.1182~1-e02e3]:DecodeUtteranceLatticeFaster():decoder-wrappers.cc:375) Log-like per frame for utterance 198-129977-0013 is 0.149762 over 1319 frames.
198-129977-0014 BUT THEY RETURNED HIS SISTER MUST ALLOW ME TO FEEL NO MORE THAN I FACTS I LIKE FINE PROSPECT BUT NOT AND PICTURESQUE PRINCIPLES I DO NOT LIKE A GOOD TWISTED BLASTED TREES ADMIRE THEM MUCH MORE IF THEY ARE TALL STRAIGHTEN FLOURISHING 
LOG (nnet-latgen-faster[5.5.1182~1-e02e3]:DecodeUtteranceLatticeFaster():decoder-wrappers.cc:375) Log-like per frame for utterance 198-129977-0014 is 0.166018 over 1429 frames.
198-209-0002 AND MISSUS ISLANDS WAVERING CONNECTIONS ONLY MADE MORE DOUBTFUL TO KNOW SOME STREET SHE WAS DIRECTED AND HAVING MAKE YOURSELF PERFECT IN THE NUMBER HASTENED AWAY WITH VIGOR STEPS AND BEING HEART TO TAKE A VISIT EXPLAIN OF CONDUCT IN THE FORGOTTEN 
LOG (nnet-latgen-faster[5.5.1182~1-e02e3]:DecodeUtteranceLatticeFaster():decoder-wrappers.cc:375) Log-like per frame for utterance 198-209-0002 is 0.180813 over 1481 frames.
198-209-0013 IF NOT AS WAS NEVER DRAWN FROM THE STAGE TURNED TO ALL THINGS 
LOG (nnet-latgen-faster[5.5.1182~1-e02e3]:DecodeUtteranceLatticeFaster():decoder-wrappers.cc:375) Log-like per frame for utterance 198-209-0013 is 0.10448 over 351 frames.
198-209-0024 PERHAPS HE DID NOT KNOW I HAD BEEN THAN I WAS NOT WITHIN AT THE TIME BUT I HEARD OF THAT THE OWNER AND SENT THEM WISHING EVER SINCE TO SEE YOU TO EXPLAIN THE REASON OF SUCH AND FACILITY THE PRESS I CAN DO IT AS WELL IT IS NOTHING MORE THAN THAT MY FATHER 
LOG (nnet-latgen-faster[5.5.1182~1-e02e3]:DecodeUtteranceLatticeFaster():decoder-wrappers.cc:375) Log-like per frame for utterance 198-209-0024 is 0.16787 over 1475 frames.
200-124140-0002 SHE WOULD NOT LISTEN THEREFORE TO HER DAUGHTERS PROPOSALS BEING CARRIED HOME THE THE DEAD THE OF PAPA CARRY WHO HAD ABOUT THE SAME TIME THE GOOD AFTER ALL THE EYES FULL OF SETTING A LITTLE WHILE WITH VAIN 
LOG (nnet-latgen-faster[5.5.1182~1-e02e3]:DecodeUtteranceLatticeFaster():decoder-wrappers.cc:375) Log-like per frame for utterance 200-124140-0002 is 0.19373 over 1446 frames.
200-124140-0003 ON THE THING THESE APPEARANCE IN THE INVITATION THE MOTHER AND THREE DAUGHTER'S ALL ATTENDED HER INTO THE BREAKFAST PARLOR THE ONLY MET THEM WHAT HOPELESSNESS IS THEN IT HAD NOT COME IF THEN IT WORSE THAN SHE EXPECTED 
LOG (nnet-latgen-faster[5.5.1182~1-e02e3]:DecodeUtteranceLatticeFaster():decoder-wrappers.cc:375) Log-like per frame for utterance 200-124140-0003 is 0.186965 over 1373 frames.
200-126784-0000 CHAPTER FLOCK THE SHOES ALWAYS THAN THREE TERRACE MOSS MINDFUL HE KNEW THE PATH ACROSS MY WHILE THE TERMS BY DESPERATE BOUNDS HAD BAFFLED PERCEIVED THAT LED HANDS 
LOG (nnet-latgen-faster[5.5.1182~1-e02e3]:DecodeUtteranceLatticeFaster():decoder-wrappers.cc:375) Log-like per frame for utterance 200-126784-0000 is 0.177244 over 1431 frames.
200-126784-0002 WILL HAVE SCOFFED AT ALL THE MEMBERS OF THE WAR THE FAMILY LAY THERE HAD NONE OF PILLARS THAT NIGHT WITH THE FOREBODING OF SOME INTERRUPT HIM TO THEIR ORDINARY QUIET UNEASINESS KEPT THE SISTERS I'M ENJOYING VERY USUAL REPOSE 
LOG (nnet-latgen-faster[5.5.1182~1-e02e3]:DecodeUtteranceLatticeFaster():decoder-wrappers.cc:375) Log-like per frame for utterance 200-126784-0002 is 0.191555 over 1550 frames.
200-126784-0028 HE APPROACHED THE YOUTH WITH AN AIR OF COMMONS GRAVITY AND WITH A LOW BOW CONTINUED I'M SORRY FOR THE SEVERE COLD YOU HAVE IN YOUR HEAD SIR I EXCLAIMED THE CAPTAIN'S SURPRISE 
LOG (nnet-latgen-faster[5.5.1182~1-e02e3]:DecodeUtteranceLatticeFaster():decoder-wrappers.cc:375) Log-like per frame for utterance 200-126784-0028 is 0.217348 over 1342 frames.
201-122255-0025 SO BEING VEXED TO HIS HEART BY THIS HE SET FORTH THE DAWN OF DAY TO SEE THE OLD ON THE BLUE MORE OR AT LEAST OF THE FIELD ALL THE WAY THESE HIS HEART OH WHAT HE THOUGHT OF THE MATTER 
LOG (nnet-latgen-faster[5.5.1182~1-e02e3]:DecodeUtteranceLatticeFaster():decoder-wrappers.cc:375) Log-like per frame for utterance 201-122255-0025 is 0.19597 over 1023 frames.
201-122255-0031 I FEAR ME THOUGH THERE IS BUT FOR CHANCE OF MY SEEING SUCH A PLEASANT SIGHT SO SAYING HE STRETCHED HIMSELF PUBLIC UPON THE GROUND BUT HE MIGHT NOT ONLY SEE THE SPORT THE BETTER BUT THAT HE MIGHT ENJOY THE MARRY SIGHT OF HIS EASE 
LOG (nnet-latgen-faster[5.5.1182~1-e02e3]:DecodeUtteranceLatticeFaster():decoder-wrappers.cc:375) Log-like per frame for utterance 201-122255-0031 is 0.219008 over 1309 frames.
201-122255-0044 THERE ARE OTHER IN HIS THAT THOU KNOWEST GESTURE A BOX 
LOG (nnet-latgen-faster[5.5.1182~1-e02e3]:DecodeUtteranceLatticeFaster():decoder-wrappers.cc:375) Log-like per frame for utterance 201-122255-0044 is 0.138948 over 307 frames.
201-127786-0010 OR DELICATE FEET BEING UNABLE TO BEAR THE ROUGHNESS OF THE STONES SAYING WHICH THE THREE DECENT ORDER IN THE CURATE A DRESSING HER FOR SAID STATION IN OUR OWN WHOEVER HE MAY BE FOR THOSE WHOM YOU SEE HERE ONLY DESIRE TO BE OF SERVICE TO YOU 
LOG (nnet-latgen-faster[5.5.1182~1-e02e3]:DecodeUtteranceLatticeFaster():decoder-wrappers.cc:375) Log-like per frame for utterance 201-127786-0010 is 0.220798 over 1459 frames.
201-127786-0025 AND AS THEY HAVE NO OTHER CHILD TO MAKE THEIR HAIR AND ARE AFFECTION APPEARANCE I WAS ONE OF THE MOST INDULGE DAUGHTER'S THAT EVER PARENTS INDULGE 
LOG (nnet-latgen-faster[5.5.1182~1-e02e3]:DecodeUtteranceLatticeFaster():decoder-wrappers.cc:375) Log-like per frame for utterance 201-127786-0025 is 0.23819 over 902 frames.
201-127786-0056 AND SO I WAS LEFT BY MY MADE AND CEASE TO BE ONE AND HE BECAME A TRADER AN APERTURE DEMAND THE DAY WHICH FOLLOWED THE NIGHT MY MISFORTUNE DID NOT COME SO QUICKLY I IMAGINE HIS COMFORT ON THE WISH 
LOG (nnet-latgen-faster[5.5.1182~1-e02e3]:DecodeUtteranceLatticeFaster():decoder-wrappers.cc:375) Log-like per frame for utterance 201-127786-0056 is 0.2238 over 1230 frames.
201-127786-0068 AND THAT ON THE BRIGHT BLUE AND APPROACHING TO UNLESS THE GULLS ABOVE HER DRESS TO GIVE HER HAIR 
LOG (nnet-latgen-faster[5.5.1182~1-e02e3]:DecodeUtteranceLatticeFaster():decoder-wrappers.cc:375) Log-like per frame for utterance 201-127786-0068 is 0.154878 over 464 frames.
201-127786-0076 AND GIVING THE PARTICULARS OF MY AGE OF THE VERY DRESS I WORE THAT I HEARD IT SAID THAT THE LAD WHO CAME WITH ME HAD TAKEN ME AWAY FROM MY FATHER'S HOUSE THE THING THAT TOOK ME TO THE HEART SHOWING HOW LOW MY GOOD NAME THAT FOLLOWS WAS NOT OFTEN ENOUGH BUT I SHOULD BLOWS AT BUT BY FLIGHT 
LOG (nnet-latgen-faster[5.5.1182~1-e02e3]:DecodeUtteranceLatticeFaster():decoder-wrappers.cc:375) Log-like per frame for utterance 201-127786-0076 is 0.171071 over 1516 frames.
201-127786-0081 BUT ALL MY CARRIED THINGS WERE ON A FEELING FOR MY MASTER ME THE DISCOVERY THAT I WAS NOT A MAN AND HOWEVER THE SAME BASE THE SIDE OF MY SERVICE 
LOG (nnet-latgen-faster[5.5.1182~1-e02e3]:DecodeUtteranceLatticeFaster():decoder-wrappers.cc:375) Log-like per frame for utterance 201-127786-0081 is 0.188621 over 810 frames.
211-122425-0023 BRAVE YOUNG MAN MURMURED KING WELL HE DETERMINED THEN AM YOUR MAJESTY HAVING HIMSELF FROM THE CHAMPION THAT IT WITH YOU GIVE YOU THOUGHT TERRIBLE FOR DRESSED WHICH IS MADE A CARD ALSO ANGRY 
LOG (nnet-latgen-faster[5.5.1182~1-e02e3]:DecodeUtteranceLatticeFaster():decoder-wrappers.cc:375) Log-like per frame for utterance 211-122425-0023 is 0.182618 over 1374 frames.
211-122425-0024 HE WHO WANTED SHE THOUGHT CRIED THE KING HE OF DELAY 
LOG (nnet-latgen-faster[5.5.1182~1-e02e3]:DecodeUtteranceLatticeFaster():decoder-wrappers.cc:375) Log-like per frame for utterance 211-122425-0024 is 0.161189 over 396 frames.
211-122425-0043 FOR HIS ELK WAS NOT REMAINED OUT SUCH A COMPLIMENT PAID TO HIM TO LIFE IN AN INSTANT AFFORD BLUE BIRD IN HIS HAND THE SPRING UP HER THAT FIRST CARRYING HIM 
LOG (nnet-latgen-faster[5.5.1182~1-e02e3]:DecodeUtteranceLatticeFaster():decoder-wrappers.cc:375) Log-like per frame for utterance 211-122425-0043 is 0.145976 over 975 frames.
211-122425-0045 AND AS TO RETAIN IN STATE FOR IT WAS HIS ADVERSARY AND MADE THE RETREATING STEP ENTERTAINING FEES THE MOMENT WHICH IN THIS MOVEMENT THE FLOOR OF DERISION SEE IT FROM MORNING HE FREE HAVE BEEN MADE A LAND AND TEST HIS ADVERSARY ON THE SHOULDER 
LOG (nnet-latgen-faster[5.5.1182~1-e02e3]:DecodeUtteranceLatticeFaster():decoder-wrappers.cc:375) Log-like per frame for utterance 211-122425-0045 is 0.162233 over 1620 frames.
211-122425-0048 AND THE MOMENT THE TWO PARTS MAY DETECT THE YOUNG COMPANIONS OR OF THEM BACK PERMISSION NOW FELL AND AS THE GUARDS MEN WERE ONLY TO IT GIVES FOR THE BEGAN TO CRY TO THE RESCUE 
LOG (nnet-latgen-faster[5.5.1182~1-e02e3]:DecodeUtteranceLatticeFaster():decoder-wrappers.cc:375) Log-like per frame for utterance 211-122425-0048 is 0.19759 over 1142 frames.
211-122425-0049 BUT THESE CRIED ALL WHO WERE IN THE HOTEL RUSHED OUT AND FELL UPON THE FOUR COMPANIONS WHO ON THEIR SIDE CRIED ALOUD TO THE RESCUE MUSKETEER IS TO DESCRIBE IS GENERALLY HE HAD 
LOG (nnet-latgen-faster[5.5.1182~1-e02e3]:DecodeUtteranceLatticeFaster():decoder-wrappers.cc:375) Log-like per frame for utterance 211-122425-0049 is 0.225467 over 1250 frames.
211-122425-0052 WHO HASTEN TO THE SUPPORT THEIR COMMONS THE MAN I BECAME GENERAL THE STREET WITH ALL THE FIVE THE MUSKETEER 
LOG (nnet-latgen-faster[5.5.1182~1-e02e3]:DecodeUtteranceLatticeFaster():decoder-wrappers.cc:375) Log-like per frame for utterance 211-122425-0052 is 0.166636 over 698 frames.
211-122425-0066 HIS RELATIVES AS WE ARE READING OF CORN IS JEALOUS 
LOG (nnet-latgen-faster[5.5.1182~1-e02e3]:DecodeUtteranceLatticeFaster():decoder-wrappers.cc:375) Log-like per frame for utterance 211-122425-0066 is 0.15388 over 346 frames.
211-122442-0002 WHEN HE WAS LEFT STUFF IS A RUSH IN LONDON AND ENTERED THE MEANTIME BUCKINGHAM PERHAPS INTEND PARENTS AND HE TO THE WORTH HALF A NEW AND BROUGHT A LETTER FROM A AFTER TEN IMMEDIATELY 
LOG (nnet-latgen-faster[5.5.1182~1-e02e3]:DecodeUtteranceLatticeFaster():decoder-wrappers.cc:375) Log-like per frame for utterance 211-122442-0002 is 0.161851 over 1237 frames.
211-122442-0003 BUT ONE OF COMMONS ITSELF WHAT YOU MEAN BLACK AND I MEAN TO SAY THAT WHEN I CAME IN ALL AT THE KEY OF YOUR PARDON IN MY POCKET 
LOG (nnet-latgen-faster[5.5.1182~1-e02e3]:DecodeUtteranceLatticeFaster():decoder-wrappers.cc:375) Log-like per frame for utterance 211-122442-0003 is 0.176044 over 1012 frames.
211-122442-0011 EXACTLY BUT IT IS NOT THE LESS TRUE THAT LETTERS WHICH COME IN THIS WAY AND TO SHOW THE HOWLS OF ALL FROM HEAD IN MY FRIEND FALL FROM HIM 
LOG (nnet-latgen-faster[5.5.1182~1-e02e3]:DecodeUtteranceLatticeFaster():decoder-wrappers.cc:375) Log-like per frame for utterance 211-122442-0011 is 0.200084 over 900 frames.
211-122442-0021 THE ATTAINMENT INTENTION WAS TO GO OUT WITHOUT SPEAKING TO THE WORTHY MERCER THAT THE LATTER MADE SO KIND FRIENDLY IF SALUTATION IT IS TENET FELT OBLIGED NOT ONLY TO STOP IT TO ENTER INTO CONVERSATION WITH HIM 
LOG (nnet-latgen-faster[5.5.1182~1-e02e3]:DecodeUtteranceLatticeFaster():decoder-wrappers.cc:375) Log-like per frame for utterance 211-122442-0021 is 0.204156 over 1470 frames.
211-122442-0029 FOR MY FRIEND STORMING AND YOU HAVE RETURNED HAPPINESS 
LOG (nnet-latgen-faster[5.5.1182~1-e02e3]:DecodeUtteranceLatticeFaster():decoder-wrappers.cc:375) Log-like per frame for utterance 211-122442-0029 is 0.180286 over 403 frames.
211-122442-0032 SO TRIFLING INDEED THE D'ARTAGNAN DID NOT PERCEIVE THAT ANY MORE THAN HE HAD A MOMENTARY SHADE WHICH AN INSTANT BEFORE HAD DARTED A COUNTENANCE AT THE WORTHY MAN ON A YOU BE A TRUE PROPHET SAID D'ARTAGNAN LAUGHING NOW 
LOG (nnet-latgen-faster[5.5.1182~1-e02e3]:DecodeUtteranceLatticeFaster():decoder-wrappers.cc:375) Log-like per frame for utterance 211-122442-0032 is 0.19619 over 1439 frames.
211-122442-0048 WHY IT IS INDEED AND TRUE ROYAL TO ALL 
LOG (nnet-latgen-faster[5.5.1182~1-e02e3]:DecodeUtteranceLatticeFaster():decoder-wrappers.cc:375) Log-like per frame for utterance 211-122442-0048 is 0.174985 over 352 frames.
211-122442-0078 HAVE BUT I AM TO SEE YOU MYSELF WASH A HALF THE YOUNG MAN 
LOG (nnet-latgen-faster[5.5.1182~1-e02e3]:DecodeUtteranceLatticeFaster():decoder-wrappers.cc:375) Log-like per frame for utterance 211-122442-0078 is 0.130952 over 447 frames.
226-122538-0006 THAT SHE WAS GOING TO HIM SHE KNEW THAT SHE FELT UTTERLY UNABLE TO ARRANGE HOW OR IN WHAT WAY HER GOING TO BE MANAGED THAT IT WAS THE COMPLICATED PROBLEM HER COMMON SENSE TOLD HER 
LOG (nnet-latgen-faster[5.5.1182~1-e02e3]:DecodeUtteranceLatticeFaster():decoder-wrappers.cc:375) Log-like per frame for utterance 226-122538-0006 is 0.260842 over 1374 frames.
226-122538-0017 HERE YOU HAD DONE VERY WELL FOR ME KNOW IT NEVER MIND THE CHANGE COFFEE HAD A MOMENT NOTED SHOULD FACT OF FANCY PRICE GOOD BY THE TRAIN MOVED ON AN THE PORTER'S STOOD LOOKING AFTER IT WITH TEARS AND HIS EYES 
LOG (nnet-latgen-faster[5.5.1182~1-e02e3]:DecodeUtteranceLatticeFaster():decoder-wrappers.cc:375) Log-like per frame for utterance 226-122538-0017 is 0.254097 over 1514 frames.
226-122538-0018 OVER THE FIRST HALF CROWN HE HAD SAID TO HIMSELF MILK AND NEW LAID EGGS NOW AS HE POCKETED THE SECOND HE ADDED THE OTHER TWO THINGS MENTIONED BY THE PARISH DOCTOR SUIT AND SHELLEY AND HIS HEART CLOTHED 
LOG (nnet-latgen-faster[5.5.1182~1-e02e3]:DecodeUtteranceLatticeFaster():decoder-wrappers.cc:375) Log-like per frame for utterance 226-122538-0018 is 0.257663 over 1450 frames.
226-122538-0029 ALL ONE THING TO BREAK EVERY POSSIBLE RULE AND REGULATION AND EACH TRYING TO BE THE FIRST PERSON IN THE FRONT ROW REALLY THE PATIENTS IN GOOD TEMPER OF RAILWAY OFFICIALS TO TEACH THE REST OF MANKIND A LESSON THE DOCTOR TALKING ALL THE TIME 
LOG (nnet-latgen-faster[5.5.1182~1-e02e3]:DecodeUtteranceLatticeFaster():decoder-wrappers.cc:375) Log-like per frame for utterance 226-122538-0029 is 0.252131 over 1579 frames.
226-131532-0011 HE RAN TO PERFORM MY BATHING AND QUICKLY RETURNED WITH HIS MOTHER A LOVELY SHE LOOKED WITH HER DARKER LET'S STREAMING IN THE LIGHT SUMMER BREEZE OR FAIR CHEEKS LATELY FLASHED AND HER COUNTENANCE RADIANT WITH SMILES 
LOG (nnet-latgen-faster[5.5.1182~1-e02e3]:DecodeUtteranceLatticeFaster():decoder-wrappers.cc:375) Log-like per frame for utterance 226-131532-0011 is 0.233596 over 1402 frames.
226-131532-0013 WHILE MISTER MARK HIM WHAT IS IT SAID THE ANOTHER COSTING ME WITH A PLEASANT SMILED I WANT YOU TO LOOK AT THE SPOT HAND IF HE PLEASED TO TAKE IT AND GROOMS AFTER LEISURE 
LOG (nnet-latgen-faster[5.5.1182~1-e02e3]:DecodeUtteranceLatticeFaster():decoder-wrappers.cc:375) Log-like per frame for utterance 226-131532-0013 is 0.190953 over 1172 frames.
226-131532-0017 BUT STILL I SAID NOTHING CAN DOUBLE AND HE INTENDED NO RIPPLES UNTIL IN PASSING AND MOSS ROSE TREES BUT I HAD BROUGHT HER SON WEEK SINCE IN MY SISTERS NAME 
LOG (nnet-latgen-faster[5.5.1182~1-e02e3]:DecodeUtteranceLatticeFaster():decoder-wrappers.cc:375) Log-like per frame for utterance 226-131532-0017 is 0.206613 over 1085 frames.
226-131532-0023 AND NEVER BUILT HER PUT ME TO THE PAINFUL NECESSITY OF REPEATING THAT I HAD JUST NOW SAID TO YOU SHE EARNESTLY ADDED GIVING HER HAND AND SERIOUS KINDNESS HOW SWEET HOW MUSICAL MY OWN NAME SOUNDED IN HER MOUTH 
LOG (nnet-latgen-faster[5.5.1182~1-e02e3]:DecodeUtteranceLatticeFaster():decoder-wrappers.cc:375) Log-like per frame for utterance 226-131532-0023 is 0.221093 over 1479 frames.
226-131532-0026 BUT AS I WENT THE TRAP OF HORSE'S HOOFS FELL ON MY EAR AND BROKE THE STILLNESS OF THE DO EVENING AND LOOKING TOWARDS THE LAMENESS I SAW SOLITARY IT COST OR IN COMING OUT INCLINE INTO DUSK AS IT WAS 
LOG (nnet-latgen-faster[5.5.1182~1-e02e3]:DecodeUtteranceLatticeFaster():decoder-wrappers.cc:375) Log-like per frame for utterance 226-131532-0026 is 0.207032 over 1453 frames.
226-131533-0023 WITH HIS HANDS CLASSED UPON ITS HEAD AND I HAD BEEN BUSY I SAID FOR AN APOLOGY WAS EVIDENTLY DEMANDED BUSY REPEATED HE HAD RECENTLY TO YES YOU KNOW I THINK ADDING IN MY HEAD A 
LOG (nnet-latgen-faster[5.5.1182~1-e02e3]:DecodeUtteranceLatticeFaster():decoder-wrappers.cc:375) Log-like per frame for utterance 226-131533-0023 is 0.220034 over 1445 frames.
226-131533-0036 I MUST SEE HER TO AND SPEAK TO HER THAT WAS CERTAIN BUT WHAT TO SAY FOR HOW TO ACT I HAD NO DEFINITE IDEA 
LOG (nnet-latgen-faster[5.5.1182~1-e02e3]:DecodeUtteranceLatticeFaster():decoder-wrappers.cc:375) Log-like per frame for utterance 226-131533-0036 is 0.234513 over 862 frames.
229-130880-0011 THE SEEDS OF CHINA AND TO PAN PIPES THOSE SEES THE SOUTH OF THE UNITED STATES THE GULF UPON MIND OF KELLS FOR HIM BUT SO SUBLIME THAT SUCH FISHING REEDS ITS RICHEST REWARDS NO DOUBT WILL BE WRITING A LITTLE EARLY 
LOG (nnet-latgen-faster[5.5.1182~1-e02e3]:DecodeUtteranceLatticeFaster():decoder-wrappers.cc:375) Log-like per frame for utterance 229-130880-0011 is 0.180325 over 1600 frames.
229-130880-0052 TO GO SNAILS JACK CLAMS AND SO WATER SKELETONS BRIEFLY ALL THOSE OF THE SECRET MOTHER OF PEARLS AND OTHER WORDS THAT BLEW AZURE VIOLENT OR WHITE SUBSTANCE 
LOG (nnet-latgen-faster[5.5.1182~1-e02e3]:DecodeUtteranceLatticeFaster():decoder-wrappers.cc:375) Log-like per frame for utterance 229-130880-0052 is 0.217191 over 1451 frames.
229-130880-0062 AT FIRST THEY WERE MOVED LAYERS OF MOTHER OF PEARLS WHICH ARE KNOWN IN THE INDUSTRY BY THE NAMES LEGITIMATE SO OVER FASTER QUITE OR BEST A BLACK 
LOG (nnet-latgen-faster[5.5.1182~1-e02e3]:DecodeUtteranceLatticeFaster():decoder-wrappers.cc:375) Log-like per frame for utterance 229-130880-0062 is 0.182605 over 976 frames.
229-130880-0091 OPENING THE BELL A RIPPING OUT THE HEART AND OFTEN USE OF THE SEA SO AS A MISSION OF OUR LOVE YES PRECISELY AND THE WATER IN THE WATER THE GODS JUST GIVE ME A GOOD HARP ALONE 
LOG (nnet-latgen-faster[5.5.1182~1-e02e3]:DecodeUtteranceLatticeFaster():decoder-wrappers.cc:375) Log-like per frame for utterance 229-130880-0091 is 0.19979 over 1554 frames.
233-134440-0004 THERE WOULD HAVE BEEN FOR YOU KNOW MISTER YOU REGARD TO THE BEAST IN HIS CAGE THAT AS LIKEWISE WILLIAMS HE WOULD HAVE SAID I SEE SINCE IN THE CORNER OF THEIR THAT THESE IS EXACTLY LIKE A WATCH 
LOG (nnet-latgen-faster[5.5.1182~1-e02e3]:DecodeUtteranceLatticeFaster():decoder-wrappers.cc:375) Log-like per frame for utterance 233-134440-0004 is 0.218905 over 1392 frames.
233-134440-0005 SITTING ON THE GRASS AND THE STATION THE IDLENESS SOME REMAINING AT HIS CLOTHES HIS OFFICE FOR THE NIGHT WATCH WILLIAMS THE TELEGRAPH OPERATE OR OF WONDER WAS THE LOVELIEST THING IN TOWN HIS BREATH WAS A MAN'S 
LOG (nnet-latgen-faster[5.5.1182~1-e02e3]:DecodeUtteranceLatticeFaster():decoder-wrappers.cc:375) Log-like per frame for utterance 233-134440-0005 is 0.199721 over 1541 frames.
233-134440-0007 HE TOOK CARE OF HIS HANDS HIS FINGERS WERE FAT BUT THERE WAS SOMETHING SENSITIVE PLANT SHAPELY AND THE HAND THAT LAY ON THE TABLE BY THE INSTRUMENT IN THE TELEGRAPH OFFICE AND HIS YOUTH 
LOG (nnet-latgen-faster[5.5.1182~1-e02e3]:DecodeUtteranceLatticeFaster():decoder-wrappers.cc:375) Log-like per frame for utterance 233-134440-0007 is 0.244832 over 1366 frames.
233-134440-0031 AND WITH YOU MUST TELL YOU OFF IN THE BELL YESTERDAY ALL OF THEM THEIR OLD DEAD I TELL YOU THERE IS SOMETHING BROUGHT ABOUT THE HOWL WAS MARRIED SHARE MY WIFE WAS DEAD BEFORE SHE MARRIED ME 
LOG (nnet-latgen-faster[5.5.1182~1-e02e3]:DecodeUtteranceLatticeFaster():decoder-wrappers.cc:375) Log-like per frame for utterance 233-134440-0031 is 0.194255 over 1429 frames.
233-134440-0049 I KISSED HER SHOES AND THE ANKLES AND OVERSHOES WHEN THE HEAD OF HER GROUND IT DOES MY FACE I TREMBLED WOULD AFTER TWO YEARS OF THAT LIFE 
LOG (nnet-latgen-faster[5.5.1182~1-e02e3]:DecodeUtteranceLatticeFaster():decoder-wrappers.cc:375) Log-like per frame for utterance 233-134440-0049 is 0.193509 over 1294 frames.
233-155990-0009 AND THE FEELING FAR INTO NATIONAL RESPONSIBILITY OF JUSTICE AMONG THE GREAT CIVILIZED NATIONS DURING THE PASSED THROUGH SCHOOL OR FORCE COURTIERS THERE IS BEEN A REAL GROWTH OF RECOGNITION OF THE FACT 
LOG (nnet-latgen-faster[5.5.1182~1-e02e3]:DecodeUtteranceLatticeFaster():decoder-wrappers.cc:375) Log-like per frame for utterance 233-155990-0009 is 0.248332 over 1276 frames.
233-155990-0012 REST ALTERNATELY UPON THE JUDGED AND THE PLACE MEN AND THE COMPLETE ABSENCE OF THE PLACE MEN AND THE MOST COMPLETE ABSENCE OF THE JOB TO MENTION NATIONAL AFFAIRS PREVENT THEIR BEING AS AT ANY REAL HAUGHTY 
LOG (nnet-latgen-faster[5.5.1182~1-e02e3]:DecodeUtteranceLatticeFaster():decoder-wrappers.cc:375) Log-like per frame for utterance 233-155990-0012 is 0.196204 over 1373 frames.
233-155990-0024 BECAUSE IT IS EXPENSIVE THIS IS PRECISELY WHAT ARE DOING NOW WE SHOULD THIS PEN THE POLICE AND A VOTE ARE SOUL ATTENTION TO PURSUING CRIMINALS 
LOG (nnet-latgen-faster[5.5.1182~1-e02e3]:DecodeUtteranceLatticeFaster():decoder-wrappers.cc:375) Log-like per frame for utterance 233-155990-0024 is 0.231657 over 1005 frames.
233-155990-0037 UNDER THE MIGHTY FOR A DOZEN YEARS AND DURING THOSE DOZEN YEARS THE BIGOTRY TYRANNY AND CRUEL RELIGIOUS INTELLIGENCE WAS SUCH AS FLOURISHED IN THE SEVENTH CENTURY AND IN SPITE A SYSTEM OF SLAVERY AGENTS 
LOG (nnet-latgen-faster[5.5.1182~1-e02e3]:DecodeUtteranceLatticeFaster():decoder-wrappers.cc:375) Log-like per frame for utterance 233-155990-0037 is 0.223541 over 1320 frames.
233-155990-0041 THE CESSATION OF A BUILDING THE NAVY AND THE PROMISE TO READ ARE BETRAYED ALL MATTERS INCLUDING THE IS AFFECTING THE NATIONAL AND JUST AN HONOUR WITH ALL FOR A NATIONS THESE PERSONS WOULD DO NO HARM 
LOG (nnet-latgen-faster[5.5.1182~1-e02e3]:DecodeUtteranceLatticeFaster():decoder-wrappers.cc:375) Log-like per frame for utterance 233-155990-0041 is 0.217481 over 1378 frames.
233-155990-0045 IT IS NOT THESE PEOPLE WHO WILL PAY ANY THING THEY WILL STAY AT HOME AND SAFETY OF THE BRAVE MAN TO PAY IN BLOOD AND HONEST MAN TO PAY AN SHAME FOR THEIR FOLLY THE TROUBLE IT IS THAT ARE POLICY IS OUT TO GO AND VAGUE THE EGGS 
LOG (nnet-latgen-faster[5.5.1182~1-e02e3]:DecodeUtteranceLatticeFaster():decoder-wrappers.cc:375) Log-like per frame for utterance 233-155990-0045 is 0.223981 over 1649 frames.
248-130644-0006 THAT SHE WAS TO BE MARRIED SOME TIME OR OTHER SHE WOULD HAVE FELT OBLIGED TO ADMIT AND THAT HER MARRIAGE WOULD NOT BE OF A MIDDLING KIND SUCH AS MUSKRATS WERE CONTENTED WITH SHE FELT QUIETLY AND ARGUMENT TO FLEE SURE 
LOG (nnet-latgen-faster[5.5.1182~1-e02e3]:DecodeUtteranceLatticeFaster():decoder-wrappers.cc:375) Log-like per frame for utterance 248-130644-0006 is 0.223967 over 1502 frames.
248-130644-0013 AND HAVE THEIR LIVES BLOWN HITHER AND THITHER LIKE EMPTY SHIPS IN WHICH NO WILL WAS PRESENT IT WAS NOT TO BE SO WITH HER SHE WOULD NO LONGER BE SACRIFICE TO CREATURES WORK LESS THAN HERSELF 
LOG (nnet-latgen-faster[5.5.1182~1-e02e3]:DecodeUtteranceLatticeFaster():decoder-wrappers.cc:375) Log-like per frame for utterance 248-130644-0013 is 0.259965 over 1266 frames.
248-130644-0014 THAT WOULD MAKE THE VERY BEST OF THE CHANCE OF THE LIFE OFFER HER AND COPPER CIRCUMSTANCES BY HER EXCEPTIONAL CLEVERNESS 
LOG (nnet-latgen-faster[5.5.1182~1-e02e3]:DecodeUtteranceLatticeFaster():decoder-wrappers.cc:375) Log-like per frame for utterance 248-130644-0014 is 0.246888 over 751 frames.
248-130644-0016 SHE FELT WELL EQUIPPED FOR THE OF MASTERY OF LIFE WITH REGARD TO MUCH IN HER LOT HITHERTO SHE HELD HERSELF RATHER HURT THE DELAWARE AT FASTER EDUCATION SHE WOULD ADMIT THAT HE HAD LEFT HER UNDER NOTICE ADVANCES 
LOG (nnet-latgen-faster[5.5.1182~1-e02e3]:DecodeUtteranceLatticeFaster():decoder-wrappers.cc:375) Log-like per frame for utterance 248-130644-0016 is 0.228363 over 1522 frames.
248-130644-0018 AND NOT REMAINED OF ALL THINGS NOBLE SHE WAS CONSCIOUS OF BEING SUFFICIENTLY ACQUAINTED WITH THROUGH NOVELS PLACE AND POEMS ABOUT HER FRIENDS IN MUSIC THE TWO JUSTIFYING ACCOMPLISHMENT OF THE YOUNG LADY SHE FELT NO GROUND FOR UNEASINESS 
LOG (nnet-latgen-faster[5.5.1182~1-e02e3]:DecodeUtteranceLatticeFaster():decoder-wrappers.cc:375) Log-like per frame for utterance 248-130644-0018 is 0.231142 over 1556 frames.
248-130652-0007 GRANTING COURT LOOKED AT HER WITH UNCHANGED FACE HER HALF A MINUTE AND THEN TO THE TROUBLE TO LAY DOWN HIS GUARD WELL HE LIFTED THE AN IMPRESSION FLEW OFF CLOSE TO HIS CHIN AND GAVE IT CARESSING PATHS ALL THAT WHILE GRAVELY WATCHING FACT 
LOG (nnet-latgen-faster[5.5.1182~1-e02e3]:DecodeUtteranceLatticeFaster():decoder-wrappers.cc:375) Log-like per frame for utterance 248-130652-0007 is 0.192558 over 1504 frames.
248-130652-0015 THEN THERE ARE MISTER HOLLIS AND LEAD THE FLOOR AND NICHOLAS AS AN WOULD GO OFF IT'S RATHER A RAGGED LOT REMARKED GRAND COURT AFTER A WHILE WHY DID YOU ASKED THE GOAL DOFFS 
LOG (nnet-latgen-faster[5.5.1182~1-e02e3]:DecodeUtteranceLatticeFaster():decoder-wrappers.cc:375) Log-like per frame for utterance 248-130652-0015 is 0.210084 over 1308 frames.
248-130652-0024 AND THEN HE SAID AND AT THE VOICE OF REMONSTRANCE COULD DIVE GRAND COURT AFTER YOUR EXPERIENCE THE LITTLE BEEN INTERFERE WITH A COMFORTABLE SENTIMENT AND LIFE SPARE YOUR OR TWO OR A I KNOW WHAT I'M GOING TO DO 
LOG (nnet-latgen-faster[5.5.1182~1-e02e3]:DecodeUtteranceLatticeFaster():decoder-wrappers.cc:375) Log-like per frame for utterance 248-130652-0024 is 0.219346 over 1610 frames.
248-130697-0001 TEACHER THE PULSES OF TIME IN HIS THE LIFE AND RIGHT TO SOAR UNDERRATE HIS BEING DONE MUST THROB IN AFTER THROBS TO TIME ITSELF THE LATE IN DARKNESS 
LOG (nnet-latgen-faster[5.5.1182~1-e02e3]:DecodeUtteranceLatticeFaster():decoder-wrappers.cc:375) Log-like per frame for utterance 248-130697-0001 is 0.209152 over 1121 frames.
248-130697-0002 AND THE UNIVERSE QUIVER AND BREATHE UPON NO MATTER MORE IN THE EVENING SHE SENT FOR HIM AGAIN IT WAS ALREADY NEAR THE HOUR IT WHICH SHE HAD BEEN BROUGHT IN FROM THE SEA THE EVENING BEFORE 
LOG (nnet-latgen-faster[5.5.1182~1-e02e3]:DecodeUtteranceLatticeFaster():decoder-wrappers.cc:375) Log-like per frame for utterance 248-130697-0002 is 0.255227 over 1523 frames.
248-130697-0003 AND FULL LIGHT WAS SUBDUED ENOUGH WITH BLIND STRONG UP AND WINDOWS OPEN SHE WAS SEATED GAZING FIX A PLEA ON THE SEA RESTING HER CHEEK ON HER HAND LOOKING GLASS SHATTERED THEM WHEN HE HAD LEFT HER BUT WITH A DEEP MELANCHOLY IN HER EXPRESSION 
LOG (nnet-latgen-faster[5.5.1182~1-e02e3]:DecodeUtteranceLatticeFaster():decoder-wrappers.cc:375) Log-like per frame for utterance 248-130697-0003 is 0.231388 over 1618 frames.
250-140277-0002 AND ACHIEVEMENT AND THAT A MAN OF THE SPIRITUAL LIFE THAN MATERIAL GATHERED FOR THIS PURPOSE HAS NOW THEN ADDED TO ROUGH EYES AND TO SOME EXTENT THE WRITTEN 
LOG (nnet-latgen-faster[5.5.1182~1-e02e3]:DecodeUtteranceLatticeFaster():decoder-wrappers.cc:375) Log-like per frame for utterance 250-140277-0002 is 0.167637 over 992 frames.
250-140277-0010 AND BY RECENT WORK ON THE PSYCHOLOGY OF ALL TO STICK BOTTOM OF SUGGESTION THESE INVESTIGATION TEN OR PRACTICAL INTERESTS FOR EVERY MAN WHO DESIRES TO BE THE CAPTAIN OF HIS SOUL 
LOG (nnet-latgen-faster[5.5.1182~1-e02e3]:DecodeUtteranceLatticeFaster():decoder-wrappers.cc:375) Log-like per frame for utterance 250-140277-0010 is 0.19446 over 1162 frames.
250-142276-0025 AS SHE FELL TO YIELD UNDER HER LIKE FOOT AND SAID THAT THE FRAGRANCE PECULIAR TO IT OUT ON THE PROPHET COMMONS INTO THE LONG SINCE THAT LIGHT SEEMED MULTITUDES OF WILD FREE THE LIVING CREATURES REVELLING IN THE SUNSHINE 
LOG (nnet-latgen-faster[5.5.1182~1-e02e3]:DecodeUtteranceLatticeFaster():decoder-wrappers.cc:375) Log-like per frame for utterance 250-142276-0025 is 0.212989 over 1556 frames.
250-142276-0051 ONCE OR TWICE MARCH FELT HERSELF WE CAN AT ACCOUNTING THE REPETITION OF THE MONOTONOUS SAND US HE WONDERED IF SHE MIGHT THEN SHOULD THE QUESTION OF SUCH A VERY NEAR TO HER HEART AND ASKED HER FREDERICK WAS NOW 
LOG (nnet-latgen-faster[5.5.1182~1-e02e3]:DecodeUtteranceLatticeFaster():decoder-wrappers.cc:375) Log-like per frame for utterance 250-142276-0051 is 0.198297 over 1443 frames.
250-142286-0007 MISSUS THE ORGAN WAS NOT A WOMAN NOT GIVEN TO REASONING ARE QUICK JUDGMENT AND FOR RESOLUTIONS SERVE TRINKETS SAID IN THE LONG ARGUMENTS AND THIS FASHIONS WITH HERSELF SHE FELT INSTINCTIVELY THAT NOTHING CONCERNED IN ANY TO ENSURE HARDSHIPS PATIENTLY 
LOG (nnet-latgen-faster[5.5.1182~1-e02e3]:DecodeUtteranceLatticeFaster():decoder-wrappers.cc:375) Log-like per frame for utterance 250-142286-0007 is 0.199037 over 1616 frames.
250-142286-0017 BUT THE LITTLE ALTERCATION BETWEEN HER SON AND HER DAUGHTER DID NOT IMPLIED MISSUS BEEN MORE FAVORABLY TOWARDS THESE TALES HEARD JEALOUS HEART REPEATED HER DAUGHTERS QUESTION 
LOG (nnet-latgen-faster[5.5.1182~1-e02e3]:DecodeUtteranceLatticeFaster():decoder-wrappers.cc:375) Log-like per frame for utterance 250-142286-0017 is 0.217398 over 1135 frames.
250-142286-0027 MAY I INQUIRE MARGARET HAD NOT THE WORDS READY FOR AN ANSWER TO THIS QUESTION WHICH TOOK HER LITTLE BY SURPRISE SOME MISFORTUNE REPLIED 
LOG (nnet-latgen-faster[5.5.1182~1-e02e3]:DecodeUtteranceLatticeFaster():decoder-wrappers.cc:375) Log-like per frame for utterance 250-142286-0027 is 0.22219 over 997 frames.
26-495-0001 IT WAS ABOUT THE BEGINNING OF SEPTEMBER SIXTEEN SIXTY FOUR THAT I AMONG THE REST OF MY NEIGHBORS HEARD IN ORDINARY DISCOURSE THAT THE PLAGUE WAS RETURNED AGAIN AND HOLLAND 
LOG (nnet-latgen-faster[5.5.1182~1-e02e3]:DecodeUtteranceLatticeFaster():decoder-wrappers.cc:375) Log-like per frame for utterance 26-495-0001 is 0.247434 over 1348 frames.
26-495-0035 ARE NEIGHBORHOOD CONTINUED VERY EASY BUT AT THE OTHER END OF THE TOWN THERE COMES TO NATION WAS VERY GREAT AND THE RICHER SORT OF PEOPLES ESPECIALLY THE NOBILITY AND GENTRY FROM THE WEST PART OF THE CITY 
LOG (nnet-latgen-faster[5.5.1182~1-e02e3]:DecodeUtteranceLatticeFaster():decoder-wrappers.cc:375) Log-like per frame for utterance 26-495-0035 is 0.202495 over 1424 frames.
26-495-0041 TO GET PASSES IN CERTIFICATES OF HEALTH FOR SUCH A SCRAMBLE TO BRIBE EARTH FOR WITHOUT THESE THERE WAS NO BEING ADMITTED TO PASSED THROUGH THE TOM'S UPON THE ROAD OR TWO LODGE IN INDIAN 
LOG (nnet-latgen-faster[5.5.1182~1-e02e3]:DecodeUtteranceLatticeFaster():decoder-wrappers.cc:375) Log-like per frame for utterance 26-495-0041 is 0.215419 over 1284 frames.
26-495-0082 IN HIM WHAT I TRUST SURELY HE SHOWED THE LIVER THE FROM THIS MANNER OF THE FATHER AND FROM THE NOISE AND PASSED AT ONCE THE SHELL COVERED THE WITH HIS FEATHERS HIM UNDER HIS WINGS SHALT THOU TRUST 
LOG (nnet-latgen-faster[5.5.1182~1-e02e3]:DecodeUtteranceLatticeFaster():decoder-wrappers.cc:375) Log-like per frame for utterance 26-495-0082 is 0.222567 over 1558 frames.
26-495-0090 THE SLAV AND A LITTLE AND WAS MUCH REFRESHED THE APPREHENSIONS OF ITS BEING THE IMPERFECTION MINE ALSO QUITE AWAY WITH MY ILLNESS AND I WENT ABOUT MY BUSINESS AS USUAL 
LOG (nnet-latgen-faster[5.5.1182~1-e02e3]:DecodeUtteranceLatticeFaster():decoder-wrappers.cc:375) Log-like per frame for utterance 26-495-0090 is 0.240038 over 1476 frames.
27-123349-0021 LUCK WAS TRAVELING ON THE CONTINENT FOR HIS WHOLE FLEET HE LEARNED HE HAD BEEN PRIDE OF HIS HOME AND OF HIS BREAD WITHOUT A TWELVE OR EVEN A NOTICE 
LOG (nnet-latgen-faster[5.5.1182~1-e02e3]:DecodeUtteranceLatticeFaster():decoder-wrappers.cc:375) Log-like per frame for utterance 27-123349-0021 is 0.208392 over 948 frames.
27-123349-0040 AND THE HOUSE OF NOT SELL THEM A FULL ADMINISTRATION OF THE UNITED PROVINCES WAS CONDUCTED BY FIVE DISTINCT FORDS OF ADMIRAL T ONE OF THOSE CORDS SAVED AMSTERDAM WAS PARTLY NOMINATE OF BY THE AUTHORITIES OF THAT CITY 
LOG (nnet-latgen-faster[5.5.1182~1-e02e3]:DecodeUtteranceLatticeFaster():decoder-wrappers.cc:375) Log-like per frame for utterance 27-123349-0040 is 0.219042 over 1513 frames.
27-123349-0052 AFTER LOSING THREE DAYS SAILED AWAY THIS DELAY WAS FULL OF DANGER IT WAS SPEEDILY KNOWN THAT THE EMPEROR OF THAT THE REBEL SQUADRONS HAD TOUCH THAT WORE THESE TROOPS WERE ASLEEP AN EMOTION 
LOG (nnet-latgen-faster[5.5.1182~1-e02e3]:DecodeUtteranceLatticeFaster():decoder-wrappers.cc:375) Log-like per frame for utterance 27-123349-0052 is 0.210524 over 1327 frames.
27-124992-0002 SWORE BY HIS THRONE IN KINGDOM THAT HE WOULD REVENGE HIMSELF OF ALL THOSE COUNTRIES 
LOG (nnet-latgen-faster[5.5.1182~1-e02e3]:DecodeUtteranceLatticeFaster():decoder-wrappers.cc:375) Log-like per frame for utterance 27-124992-0002 is 0.238985 over 597 frames.
27-124992-0008 WITH ALL PROVISIONS SUFFICIENT FOR THE ARMIES AN ABUNDANCE AND HEARD A FOX IN AN FLOCKS OF SHEEP 
LOG (nnet-latgen-faster[5.5.1182~1-e02e3]:DecodeUtteranceLatticeFaster():decoder-wrappers.cc:375) Log-like per frame for utterance 27-124992-0008 is 0.240563 over 692 frames.
27-124992-0009 WITH A CHARIOT AND HORSEMAN AND ARCHES 
LOG (nnet-latgen-faster[5.5.1182~1-e02e3]:DecodeUtteranceLatticeFaster():decoder-wrappers.cc:375) Log-like per frame for utterance 27-124992-0009 is 0.213814 over 333 frames.
27-124992-0028 LEST HE SHOULD TO THE SAME TO JERUSALEM AND THE TEMPLE OF THE LORD 
LOG (nnet-latgen-faster[5.5.1182~1-e02e3]:DecodeUtteranceLatticeFaster():decoder-wrappers.cc:375) Log-like per frame for utterance 27-124992-0028 is 0.22033 over 404 frames.
27-124992-0032 AND THE CAUSE LITTLE CHILDREN TO LIE PROSTRATE BEFORE THE TEMPLE OF THE LORD 
LOG (nnet-latgen-faster[5.5.1182~1-e02e3]:DecodeUtteranceLatticeFaster():decoder-wrappers.cc:375) Log-like per frame for utterance 27-124992-0032 is 0.259941 over 464 frames.
27-124992-0049 FROM THE DIFFERENT PLACES WHERE IN THEY WERE SCATTERED THEY ARE CALM TOGETHER 
LOG (nnet-latgen-faster[5.5.1182~1-e02e3]:DecodeUtteranceLatticeFaster():decoder-wrappers.cc:375) Log-like per frame for utterance 27-124992-0049 is 0.262811 over 464 frames.
27-124992-0056 WHEN THEY HAD LEFT OFF SPEAKING THE POOR OFTEN THUS BEING IN A VIOLENT PASSION 
LOG (nnet-latgen-faster[5.5.1182~1-e02e3]:DecodeUtteranceLatticeFaster():decoder-wrappers.cc:375) Log-like per frame for utterance 27-124992-0056 is 0.255051 over 522 frames.
27-124992-0075 THE CHURCH THAT IS THE CENTER GOD OR PLACE WHERE THEY MAD FOR PRIOR TO DEATH CHAPTER SEVEN HOLLOW FURNACE THE SIEGE OF THE TO BE A 
LOG (nnet-latgen-faster[5.5.1182~1-e02e3]:DecodeUtteranceLatticeFaster():decoder-wrappers.cc:375) Log-like per frame for utterance 27-124992-0075 is 0.205869 over 1295 frames.
32-21625-0009 OF COURSE YOUR ENEMY MIGHT BE ABLE TO SWIM AS WELL AS YOU BUT MAY BE HE WOULD THINK TWICE OR EVEN THREE TIMES BEFORE HE WENT PROWLING THROUGH YOUR CRICKET HALL FOR IF YOU HAD ENORMOUS A STRONG F SHARP TEETH 
LOG (nnet-latgen-faster[5.5.1182~1-e02e3]:DecodeUtteranceLatticeFaster():decoder-wrappers.cc:375) Log-like per frame for utterance 32-21625-0009 is 0.23499 over 1375 frames.
32-21631-0008 HE TOO MANY TRIED APPLES WELL WELL BROWN THE BEAVER MURMURED AND HE STARTED ASKED MISTER CROW QUESTION BUT MISTER CROW INTERRUPTED HIM WITH MORE NEWS 
LOG (nnet-latgen-faster[5.5.1182~1-e02e3]:DecodeUtteranceLatticeFaster():decoder-wrappers.cc:375) Log-like per frame for utterance 32-21631-0008 is 0.238573 over 1183 frames.
32-21634-0016 THE SIGN DOESN'T MEAN THE HUNTING IN FISHING ART OF THE SPOT IT MEANS THAT NO ONE WENT ON A DREAM IS GOING THE HUNTING FISH IN THIS NEIGHBORHOOD 
LOG (nnet-latgen-faster[5.5.1182~1-e02e3]:DecodeUtteranceLatticeFaster():decoder-wrappers.cc:375) Log-like per frame for utterance 32-21634-0016 is 0.145528 over 889 frames.
32-4137-0038 YES SIR RESPONDED JERRY AS HE WHITE FIGURES FROM HIS EYES SMITH TOOK FROM HIS POCKET THE BOAT SAIL AND HANDED IT TO JOHNSON OF THE SAME TIME SAYING 
LOG (nnet-latgen-faster[5.5.1182~1-e02e3]:DecodeUtteranceLatticeFaster():decoder-wrappers.cc:375) Log-like per frame for utterance 32-4137-0038 is 0.219512 over 1127 frames.
32-4137-0040 THE NEXT MORNING AS THE PASSENGERS OR ASSEMBLING IN THE BREAKFAST THE LIMBS AND UPON THE GUARDS OF THE VESSEL AND SENATOR SEEN RUNNING ABOUT WAITING UPON OUR LOOKING FOR THEIR MASTER'S ARE JERRY WAS ENTERING HIS MASTER STATE ROOM WITH HIS BOOTS 
LOG (nnet-latgen-faster[5.5.1182~1-e02e3]:DecodeUtteranceLatticeFaster():decoder-wrappers.cc:375) Log-like per frame for utterance 32-4137-0040 is 0.191623 over 1481 frames.
32-4137-0044 TO BEHOLD FIVE OR SIXTH TABLES OF STEAMBOAT CABIN WHAT HAVE A DOZEN AND PLAYING IT HARD TO MONEY PISTOLS GOING ON US ALL AND CONFUSION ON THE TABLES IS WHAT MAY BE SEEN IT ALMOST ANY TIME ON THE MISSISSIPPI RIVER AND FORTH A WHILE IT MATCHES 
LOG (nnet-latgen-faster[5.5.1182~1-e02e3]:DecodeUtteranceLatticeFaster():decoder-wrappers.cc:375) Log-like per frame for utterance 32-4137-0044 is 0.194627 over 1551 frames.
32-4137-0057 THE MANTEL THE TREASURY OF HIS SOUL AWAY JERRY AS HE WHO HAVE SURVEYED THE HORSE OF HER OWN SLAVE TRADE THERE IS AN EYE THE WAKE SUNLIGHT THERE IS A HAND A FEARLESS MIGHT WHICH SOON HOUR LATE 
LOG (nnet-latgen-faster[5.5.1182~1-e02e3]:DecodeUtteranceLatticeFaster():decoder-wrappers.cc:375) Log-like per frame for utterance 32-4137-0057 is 0.207358 over 1472 frames.
39-121914-0006 THE EVENT HAD EVERY PROMISE OF HAPPINESS FOR HER FRIEND MISTER WEST IN WAS A MAN OF AN EXCEPTIONABLE CHARACTER EASY FORTUNE SYLLABLE OF EACH UNPLEASANT MENACE 
LOG (nnet-latgen-faster[5.5.1182~1-e02e3]:DecodeUtteranceLatticeFaster():decoder-wrappers.cc:375) Log-like per frame for utterance 39-121914-0006 is 0.236453 over 1265 frames.
39-121915-0005 MISSUS WEST IN OUGHT TO HAVE FAR MORE IN A FREE SHE HAD A HUSBAND WHO WAS WARM HEARTED SWEET TEMPER MADE HIM THINK EVERYTHING DUE TO HER IN RETURN FOR THE GREAT GOODNESS OF BEING A LAUGH WITH HIM THAT THOUGH SHE HAD ONCE OR THE SPIRIT 
LOG (nnet-latgen-faster[5.5.1182~1-e02e3]:DecodeUtteranceLatticeFaster():decoder-wrappers.cc:375) Log-like per frame for utterance 39-121915-0005 is 0.200874 over 1526 frames.
39-121915-0009 AND MISTER THE SISTERS SHELL HAVING NO CHILDREN OF THEIR OWN NOR ANY OTHER YOUNG CREATURE OF EQUAL COUNTRY TO CARE FOR OFFER TO TAKE THE WHOLE CHARGE OF LITTLE FRANK SEEN AFTER HER DECEASE 
LOG (nnet-latgen-faster[5.5.1182~1-e02e3]:DecodeUtteranceLatticeFaster():decoder-wrappers.cc:375) Log-like per frame for utterance 39-121915-0009 is 0.207262 over 1458 frames.
39-121915-0017 AND COMING OF AGE IT WAS MOST AND LIKE THE THEREFORE THAT HE SHOULD EVER WANT HIS FATHER'S ASSISTANTS HIS FATHER HAD NO APPREHENSION OF IT THE END WAS A CAPRICES WOMAN ENDEAVORING TO HAS BEEN ENTIRELY 
LOG (nnet-latgen-faster[5.5.1182~1-e02e3]:DecodeUtteranceLatticeFaster():decoder-wrappers.cc:375) Log-like per frame for utterance 39-121915-0017 is 0.225226 over 1609 frames.
39-121915-0018 BUT IT WAS NOT A MIST OF MY SONS THE CHIEF TO BE MENTIONED THAT ANY TURKEYS COULD BE STRONG ENOUGH TO AFFECT ONCE TO THE AIR AND AS HE BELIEVED SO DESERTED TO THE DEAR HE SAW HIS SON EVERY YEAR AND LANDED AND WAS PROUD OF HIM 
LOG (nnet-latgen-faster[5.5.1182~1-e02e3]:DecodeUtteranceLatticeFaster():decoder-wrappers.cc:375) Log-like per frame for utterance 39-121915-0018 is 0.182265 over 1532 frames.
39-121915-0021 EITHER BY MISSUS VERY TRYING TO YOU WITH MISSUS IN HIS EIGHT OR WHEN MISSUS ANY STATES FEET TURNED THE FACE IT WELL WAS THE TIME FOR MISTER FRANK CHURCH ILL TO COME AMONG THEM AND THE HOPE STRENGTH AND 
LOG (nnet-latgen-faster[5.5.1182~1-e02e3]:DecodeUtteranceLatticeFaster():decoder-wrappers.cc:375) Log-like per frame for utterance 39-121915-0021 is 0.171396 over 1357 frames.
39-121915-0026 THE TEARS AND THE WAS OF NO FEEBLE CHARACTER 
LOG (nnet-latgen-faster[5.5.1182~1-e02e3]:DecodeUtteranceLatticeFaster():decoder-wrappers.cc:375) Log-like per frame for utterance 39-121915-0026 is 0.193438 over 342 frames.
39-121916-0001 HE COULD COMMAND OF HIS ITS OF HIS OWN LITTLE CIRCLE IN A GREAT MEASURE AS HE LIGHT HE HAD NOT MUCH INTERCOURSE WITH ANY FAMILIES BE ON THAT CIRCLE OF HIS HORROR OF THE POWERS AND MARCHED IN A PARTIES 
LOG (nnet-latgen-faster[5.5.1182~1-e02e3]:DecodeUtteranceLatticeFaster():decoder-wrappers.cc:375) Log-like per frame for utterance 39-121916-0001 is 0.215695 over 1437 frames.
40-121026-0006 APPEAR TO HIM PERFECTLY IMPOSSIBLE EACH WORD THAT FELL FROM HIS COMPANIONS LIPS SEEMED FROCK WITH IN THE STREETS OF FOUR WINDS AS WORTHY OF TAKING HALF AS THE GOLDEN DOWN INTO THE MINDS OF THOSE OF AN ANGLE CONDUCT 
LOG (nnet-latgen-faster[5.5.1182~1-e02e3]:DecodeUtteranceLatticeFaster():decoder-wrappers.cc:375) Log-like per frame for utterance 40-121026-0006 is 0.164167 over 1400 frames.
40-121026-0008 I AM ANXIOUS TO SEE YOUR TRENCHES THE AND A SMILED AND PROCEEDING TO THE DISPUTE FIREPLACE RAISED BY THE HELP OF HIS TIS A LONG STONE WHICH HAD DOUBTLESS BEEN HEARD BENEATH WHICH WAS A CABBAGE LEAF CONSIDERABLE DEATH 
LOG (nnet-latgen-faster[5.5.1182~1-e02e3]:DecodeUtteranceLatticeFaster():decoder-wrappers.cc:375) Log-like per frame for utterance 40-121026-0008 is 0.154344 over 1485 frames.
40-121026-0011 THEY OF ONE OVER THE OTHER BUT FULL OF THE PATH OF WEEKS THESE PEARLS CONSISTED OF THREATS OF CLOTH A FOURTH INCHES WIDE AND THE KING MON THEY WERE ALL CAREFULLY NUMBER AND CLOSELY COVERED WITH WRITING SO PLENTIFUL THAT THE NINETEENTH OF THESE WE WAITED 
LOG (nnet-latgen-faster[5.5.1182~1-e02e3]:DecodeUtteranceLatticeFaster():decoder-wrappers.cc:375) Log-like per frame for utterance 40-121026-0011 is 0.147952 over 1565 frames.
40-121026-0019 AS THE WORKS OF THE SAVAGES AND FANCIES FROM ONE THING HAD BEEN BROUGHT BY THE DIFFERENT TRADING VESSELS AS FOR THE LOOK 
LOG (nnet-latgen-faster[5.5.1182~1-e02e3]:DecodeUtteranceLatticeFaster():decoder-wrappers.cc:375) Log-like per frame for utterance 40-121026-0019 is 0.170338 over 783 frames.
40-121026-0023 THEY SEPARATED THE FACT THEN WE'LL SOON TO A METHOD IT AND SO MADE OR THE CURATE WENT SO SAYING THE HEAD A VIVID IT A SORT OF PORCH FEAR OF CINNAMON TO THOSE USED IN PUBLIC OF THE NATION 
LOG (nnet-latgen-faster[5.5.1182~1-e02e3]:DecodeUtteranceLatticeFaster():decoder-wrappers.cc:375) Log-like per frame for utterance 40-121026-0023 is 0.122532 over 1413 frames.
40-121026-0024 AND MATCHES I'LL PRETENDED THEN I HEADED DISORDER FIFTEENTH AND ASKED FOR LITTLE FELLOW FOR WHICH WAS READILY SUPPLIED DOWN TO A SLAVE THE DIFFERENT THINGS EVEN WHO GAVE HALF ON THE TABLE AND STOOD WITH HIS HEAD DROOPING HIS BREAST 
LOG (nnet-latgen-faster[5.5.1182~1-e02e3]:DecodeUtteranceLatticeFaster():decoder-wrappers.cc:375) Log-like per frame for utterance 40-121026-0024 is 0.168843 over 1520 frames.
40-121026-0025 AS THOUGH OLD WOMAN BY THE PRESENTING HIS HISTORY OF THE FAIRY IS MOVING YOU HAVE NOT SEEN ALL YOU CONTINUED FERRYING FOR I DID NOT THINK A WISE TO TRUST OH MY TREASURES AND THE SAME HIDING PLACE BUT I SHOT THIS ONE OF 
LOG (nnet-latgen-faster[5.5.1182~1-e02e3]:DecodeUtteranceLatticeFaster():decoder-wrappers.cc:375) Log-like per frame for utterance 40-121026-0025 is 0.1646 over 1472 frames.
40-121026-0028 SO THAT I HAD BEEN ABLE TO FINISHED MY WORK HERE AND WHAT IT NOT DISCOVER THAT YOU SHOOT ONE HAND 
LOG (nnet-latgen-faster[5.5.1182~1-e02e3]:DecodeUtteranceLatticeFaster():decoder-wrappers.cc:375) Log-like per frame for utterance 40-121026-0028 is 0.147187 over 655 frames.
40-222-0006 EVEN MORE AWAY WITH NO ABATEMENT OF THE SOOTHING POLITENESS AND HER SPIRIT WERE GRADUALLY RAISED ONE LIES TRANQUILLITY SHE DID NOT LEARNT EITHER TO FORGET OR DEFEND THE PAST 
LOG (nnet-latgen-faster[5.5.1182~1-e02e3]:DecodeUtteranceLatticeFaster():decoder-wrappers.cc:375) Log-like per frame for utterance 40-222-0006 is 0.220216 over 1255 frames.
40-222-0008 THEN THAT IT HAD BEEN ALL OF VOLUNTARY SELF CREATED DELUSION EACH TRIFLING CIRCUMSTANCE RECEIVE IMPORTANCE FROM AN IMAGINATION RESOLVED AN ALARM AND EVERYTHING FORCED ABANDONED TO ONE TURKEYS MY MIND WHICH 
LOG (nnet-latgen-faster[5.5.1182~1-e02e3]:DecodeUtteranceLatticeFaster():decoder-wrappers.cc:375) Log-like per frame for utterance 40-222-0008 is 0.231003 over 1500 frames.
40-222-0010 CHARMING AS WERE ALL MISSUS RED CLIFFS WORKS AND TURNING EVEN AS WITH A WORKS OF ALL HER IN THE CASE WAS NOT A MAN PERHAPS THE HUMAN NATURE AT LEAST THAN A MIDDLING COUNTIES OF ENGLAND WAS TO BE LOOKED FOR 
LOG (nnet-latgen-faster[5.5.1182~1-e02e3]:DecodeUtteranceLatticeFaster():decoder-wrappers.cc:375) Log-like per frame for utterance 40-222-0010 is 0.171738 over 1353 frames.
40-222-0017 HE HAD NOTHING TO DO BUT TO FORGIVE HERSELF AND THE HAPPIER THAN EVER AND ONLY ONE HAND OF TIME DID MUCH FOR HER EYES SENSIBLE RADIATIONS IN THE COURSE OF ANOTHER DAY AND WITH ASTONISHMENT GENEROSITY 
LOG (nnet-latgen-faster[5.5.1182~1-e02e3]:DecodeUtteranceLatticeFaster():decoder-wrappers.cc:375) Log-like per frame for utterance 40-222-0017 is 0.202124 over 1391 frames.
40-222-0018 AND NOBLE LIVES OF CONDUCT IN NEVER ENDING IN THE SLIGHTEST WAY TO WHAT HAD PASSED WAS OF THE GREATEST ASSISTANCE TO HER AND SOONER THEN SHE COULD HAVE SUPPOSED IT POSSIBLE IN THE BEGINNING OF HER TO DRESS HER SPIRIT SPEAKING PARTS OF MOVEMENT COMPARABLE 
LOG (nnet-latgen-faster[5.5.1182~1-e02e3]:DecodeUtteranceLatticeFaster():decoder-wrappers.cc:375) Log-like per frame for utterance 40-222-0018 is 0.201182 over 1510 frames.
40-222-0026 I SHALL MIGHT ENTER INTO THE TEETH AS THEY WOULD ONLY A NEW WAR YOU WILL SOON HE ARE NOW FROM ANOTHER QUARTER TO KNOW WHERE LIES THE BRAIN 
LOG (nnet-latgen-faster[5.5.1182~1-e02e3]:DecodeUtteranceLatticeFaster():decoder-wrappers.cc:375) Log-like per frame for utterance 40-222-0026 is 0.183884 over 878 frames.
40-222-0045 I HAVE WON FAVOUR TO BEG THAT CAP'N SHORTLY AFTERWARDS AND IN AGITATED MAN THAT IF YOUR BRETHREN SHOULD BECOME A YEAR YOU WILL GIVE ME NOTICE OF IT THEN I MAY GO AWAY OUR BREATH AND FREDERICK YES 
LOG (nnet-latgen-faster[5.5.1182~1-e02e3]:DecodeUtteranceLatticeFaster():decoder-wrappers.cc:375) Log-like per frame for utterance 40-222-0045 is 0.185864 over 1580 frames.
60-121082-0003 HE HAD NOTICED THE APPROACH OF VILLEFORT MADAME DE FAR AND HE SOON GUEST ALL THAT HAD PASSED BETWEEN THEM THOUGH THE WORDS HAD BEEN UTTERED IN SO LOW VOICE 
LOG (nnet-latgen-faster[5.5.1182~1-e02e3]:DecodeUtteranceLatticeFaster():decoder-wrappers.cc:375) Log-like per frame for utterance 60-121082-0003 is 0.20858 over 951 frames.
60-121082-0008 AND TAKING INTO CONSIDERATION OF HOSPITALITY OF THE COUNT MADE OF HIS MIND THAT HE WAS IN THIS SOCIETY OF SOME A BALM COME TO PARIS TO FINISHED THE WORLD THE AGITATION OF HIS AIR 
LOG (nnet-latgen-faster[5.5.1182~1-e02e3]:DecodeUtteranceLatticeFaster():decoder-wrappers.cc:375) Log-like per frame for utterance 60-121082-0008 is 0.249326 over 1236 frames.
60-121082-0057 HAS BEEN KIND TO ME FORTUNE HAS BEEN IN COLOR AND YOU THAN HER TO A VERY YOUR GROOM OF EUROPE LOSE ARE NOT THEN HIRED GOOD 
LOG (nnet-latgen-faster[5.5.1182~1-e02e3]:DecodeUtteranceLatticeFaster():decoder-wrappers.cc:375) Log-like per frame for utterance 60-121082-0057 is 0.189973 over 1331 frames.
60-121082-0076 I SHALL LOOK LIKE SOME RETIRED BAKER THAT IS WHAT I WANT COME IF YOU WILL ONLY PUT THE SCHEME INTO EXECUTION AND THE STUDY NOTHING COULD BE BETTER 
LOG (nnet-latgen-faster[5.5.1182~1-e02e3]:DecodeUtteranceLatticeFaster():decoder-wrappers.cc:375) Log-like per frame for utterance 60-121082-0076 is 0.21195 over 1390 frames.
60-121082-0081 WHAT WAS THERE BEFORE WILL MAKE HIM IN ALL ABOUT TWO HUNDRED FRANCS WHY I SHOULD CERTAINLY THE REST OF THE BARRIERS THAN TO JUSTIFY MYSELF I SHOULD SAY THAT YOU GAVE ME THE MONEY 
LOG (nnet-latgen-faster[5.5.1182~1-e02e3]:DecodeUtteranceLatticeFaster():decoder-wrappers.cc:375) Log-like per frame for utterance 60-121082-0081 is 0.226254 over 1570 frames.
60-121082-0082 THIS BECAUSE INQUIRIES IT WOULD BE FOUND THAT I LEFT WHEN ALL WITHOUT GIVING TO NOTICE AND THAT I SHOULD THEN BE A SCORE THE BACK TO THE SHORE WAS OF THE MATTER TO RADIANT THAN I SHOULD BE CALMED SIMPLY 
LOG (nnet-latgen-faster[5.5.1182~1-e02e3]:DecodeUtteranceLatticeFaster():decoder-wrappers.cc:375) Log-like per frame for utterance 60-121082-0082 is 0.200035 over 1482 frames.
60-121082-0086 WHO HAD NEVER TAKE HIM HIS EYES ON HIS COMPANION PASSED HIM BEHIND HIS BACK AND OPENED A LONG SPANISH KNIFE WHICH HE ALL WAS CARRIED WITH HIM TO BE READY AND CASE OF MEET 
LOG (nnet-latgen-faster[5.5.1182~1-e02e3]:DecodeUtteranceLatticeFaster():decoder-wrappers.cc:375) Log-like per frame for utterance 60-121082-0086 is 0.243778 over 1470 frames.
60-121082-0088 HE SAID HOW HAPPY WITH TEETH THOUGH I WILL DO MY BEST SAID THE INN KEEPER OF THE POND A GUARD SHUTTING OF HIS NINTH WELL THEN WE WILL GO TO PARIS 
LOG (nnet-latgen-faster[5.5.1182~1-e02e3]:DecodeUtteranceLatticeFaster():decoder-wrappers.cc:375) Log-like per frame for utterance 60-121082-0088 is 0.211202 over 1489 frames.
60-121082-0090 WE SHALL SEE HE THEN TUCKED A GREAT COAT WITH LARGE COLOR WHICH THE GROOM HAD LEFT BEHIND HIM WITH A VERY AND PUT IT ON HIS BACK THEN HE TOOK OFF THE HOWL COUNTIES HAT WHICH HE PLACED UPON HIS OWN HEAD AND FINALLY 
LOG (nnet-latgen-faster[5.5.1182~1-e02e3]:DecodeUtteranceLatticeFaster():decoder-wrappers.cc:375) Log-like per frame for utterance 60-121082-0090 is 0.233193 over 1550 frames.
78-368-0001 THE WIND WHICH HAD FALLEN IN THE SOUTH NO ROSE WITH GREAT VIOLENCE AND THE WEST THE MOON HAD REACHED FOR SOME OF IN HEAVEN'S AND WAS BEGINNING TO DESCEND 
LOG (nnet-latgen-faster[5.5.1182~1-e02e3]:DecodeUtteranceLatticeFaster():decoder-wrappers.cc:375) Log-like per frame for utterance 78-368-0001 is 0.218205 over 1126 frames.
78-368-0036 AND TOLD THEM THAT I HAD AN ACCUSATION TO ME THAT I KNEW THE DESTROY OF MY FAMILY AND THAT I REQUIRE CAME TO EXERT HIS WHOLE AUTHORITY FOR THE APPREHENSION OF THE MURDER 
LOG (nnet-latgen-faster[5.5.1182~1-e02e3]:DecodeUtteranceLatticeFaster():decoder-wrappers.cc:375) Log-like per frame for utterance 78-368-0036 is 0.216528 over 1148 frames.
78-369-0000 CHAPTER TWENTY FOUR I MIGHT PRESENT SITUATION WAS ONE IN WHICH ALL VOLUNTARY THOUGHT THIS WOE THAT THE LOSS I WAS A HURRIED AWAY BY FURY 
LOG (nnet-latgen-faster[5.5.1182~1-e02e3]:DecodeUtteranceLatticeFaster():decoder-wrappers.cc:375) Log-like per frame for utterance 78-369-0000 is 0.216198 over 1567 frames.
78-369-0006 THEN APPROACHED THE TOMB WHICH PART THEIR GRAVES EVERYTHING WAS ISLAND EXCEPT LEAVES OF THE TREES WHICH WOULD GENTLY EDUCATED BY THE WAY IN THE NIGHT WAS NEARLY DARK IN THE SCENE WOULD HAVE BEEN SO LONG 
LOG (nnet-latgen-faster[5.5.1182~1-e02e3]:DecodeUtteranceLatticeFaster():decoder-wrappers.cc:375) Log-like per frame for utterance 78-369-0006 is 0.20246 over 1587 frames.
78-369-0009 BUT WHICH I KNEW BY THE SHADES THAT ONE OR NEARLY BY THE DEEP IN ETERNAL GRIEF THAT I FEEL I SWEAR AND BY THE WHOLE NIGHT AND THE SPIRIT SLIPPERS IDOL THAT HE HAD PURSUED A DEMON 
LOG (nnet-latgen-faster[5.5.1182~1-e02e3]:DecodeUtteranceLatticeFaster():decoder-wrappers.cc:375) Log-like per frame for utterance 78-369-0009 is 0.199234 over 1467 frames.
78-369-0013 IT RANG OUT MY YEARS LONG AND HEAVILY THE MOUNTAINS WE ECHOED IT AND I FELT AS THE FALL HOUSE ROUNDED THE THE MAUSOLEUM LAUGHTER 
LOG (nnet-latgen-faster[5.5.1182~1-e02e3]:DecodeUtteranceLatticeFaster():decoder-wrappers.cc:375) Log-like per frame for utterance 78-369-0013 is 0.169343 over 986 frames.
78-369-0023 OFTEN WHEN MOST MISERABLE I SAY TO OPPOSE HIM I DREAMS LULL ME EVEN TO RAPTURE OF SPIRITS THAT GUARDED ME IN PROVIDED THESE MOMENTS OR RATHER HOURS OF HAPPINESS THE I MAY BE ATTAINED STRENGTH TO FEEL LIKE PILGRIMAGE 
LOG (nnet-latgen-faster[5.5.1182~1-e02e3]:DecodeUtteranceLatticeFaster():decoder-wrappers.cc:375) Log-like per frame for utterance 78-369-0023 is 0.190641 over 1609 frames.
78-369-0031 AGAIN TO LIVE WELL THEN GIVE US AGAIN DOING TO VOTE ME MISERABLE VEHEMENT THAT LOOKED INTO NEVER THE LIGHT OF A CONCERT UNTIL HE RIGHT PAIR AND THEN WITH WHAT ECSTASY 
LOG (nnet-latgen-faster[5.5.1182~1-e02e3]:DecodeUtteranceLatticeFaster():decoder-wrappers.cc:375) Log-like per frame for utterance 78-369-0031 is 0.153125 over 1438 frames.
78-369-0041 AND I HOPE TO A DECEPTIVE BEFORE HE SHOULD REACHED THE BEACH WITH NO CURRANTS THERE FOR I PASSED ON HIM INTO THE EASE ARRIVED AT A WRETCHED HAMLET OF THE SEASHORE THE EYE INQUIRED OF THE INHABITANTS 
LOG (nnet-latgen-faster[5.5.1182~1-e02e3]:DecodeUtteranceLatticeFaster():decoder-wrappers.cc:375) Log-like per frame for utterance 78-369-0041 is 0.203993 over 1522 frames.
78-369-0044 HE HARDEST THEM IN THE SAME NIGHT THE JOY OF THE HORROR STRUCK VILLAGERS HAD PURSUED HIS JOURNEY ACROSS THE SCENE OF DIRECTION THAT LED TO THE LAND AND THEY CAN GET CURATE 
LOG (nnet-latgen-faster[5.5.1182~1-e02e3]:DecodeUtteranceLatticeFaster():decoder-wrappers.cc:375) Log-like per frame for utterance 78-369-0044 is 0.199058 over 1325 frames.
83-11691-0007 FOR NO STOPPED THE OAK WHILE HARNESSES COMBATANTS HE BEGAN MOTHER COLDLY THERE WAS IN OMINOUS NOTHING FROM THE BUSHES CAR I KNOW SAID AN UNHAPPY VOICE AT LAST 
LOG (nnet-latgen-faster[5.5.1182~1-e02e3]:DecodeUtteranceLatticeFaster():decoder-wrappers.cc:375) Log-like per frame for utterance 83-11691-0007 is 0.197355 over 1545 frames.
83-11691-0030 HE MURMURED TO HIMSELF OBVIOUSLY 
LOG (nnet-latgen-faster[5.5.1182~1-e02e3]:DecodeUtteranceLatticeFaster():decoder-wrappers.cc:375) Log-like per frame for utterance 83-11691-0030 is 0.20565 over 337 frames.
83-11691-0033 THAN A REMEMBRANCE OF A DOZE APPEARANCE STARTED HIM OFF AGAIN I POINTED STATE WITH HIM A MOMENT LONG THAT HE THOUGHT I SHOULD HAVE BEST 
LOG (nnet-latgen-faster[5.5.1182~1-e02e3]:DecodeUtteranceLatticeFaster():decoder-wrappers.cc:375) Log-like per frame for utterance 83-11691-0033 is 0.21535 over 1044 frames.
83-11691-0045 BUT NO DOUBT HE WOULD THINK OF SOME TREMENDOUSLY CUNNING DEVISED LATER ON TILL YOU REALLY A THAN WITH ALL DESPATCH HE TROTTED OFF 
LOG (nnet-latgen-faster[5.5.1182~1-e02e3]:DecodeUtteranceLatticeFaster():decoder-wrappers.cc:375) Log-like per frame for utterance 83-11691-0045 is 0.223415 over 1089 frames.
83-3054-0001 I OMITTED SEVERAL VERY MATERIAL PARTS IN MY FATHER'S JOURNEY ACROSS THE ENGLISH CHANNELS HOLLAND WHICH THAT THEY MAY NOT BE TOTALLY LOST 
LOG (nnet-latgen-faster[5.5.1182~1-e02e3]:DecodeUtteranceLatticeFaster():decoder-wrappers.cc:375) Log-like per frame for utterance 83-3054-0001 is 0.235504 over 1038 frames.
83-9960-0025 FOR SEVERAL MINUTES HE UTTERED NOT A WORD THAT SWUNG HIS RIGHT FLOOD WHICH HUNG DOWN AND STARED AT THE GREATER WITH AN AIR OF SAVAGE RECOVERY 
LOG (nnet-latgen-faster[5.5.1182~1-e02e3]:DecodeUtteranceLatticeFaster():decoder-wrappers.cc:375) Log-like per frame for utterance 83-9960-0025 is 0.241199 over 1049 frames.
83-9960-0035 IN THIS SPOT HE HIRED TO WATCH SPRING AS THIS WHAT SPRING PROPERLY HAND OLD CAUGHT GOOD SIZE CHAINS AND BARS OF IRON THE UNFORTUNATE CONVEY TO HIS OPPOSED TO POSSESS NEARLY AS DO NOT IN ALL 
LOG (nnet-latgen-faster[5.5.1182~1-e02e3]:DecodeUtteranceLatticeFaster():decoder-wrappers.cc:375) Log-like per frame for utterance 83-9960-0035 is 0.210574 over 1551 frames.
83-9960-0043 SEIZED HIM SAID AN IDEA A TWO OF THE RUFFIANS LAID THEIR HANDS ON HIS SHOULDER AND THEN ASKED MAN WITH A THEN FOR THE CLIFFS VOICE TOOK UP THE STATION IN FRONT OF HIM 
LOG (nnet-latgen-faster[5.5.1182~1-e02e3]:DecodeUtteranceLatticeFaster():decoder-wrappers.cc:375) Log-like per frame for utterance 83-9960-0043 is 0.206083 over 1279 frames.
87-121553-0013 OUT THROUGH ITSELF BUT HE MOST ITS THEIR DID GENEROUS NOT TO THE SPEND SOME TWO OR THREE FOR SIX NOW THAT A FORTUNE OF FIRST THEY COULD SEE NOW AND THUS IN A SQUARE SOME POPE MADAME DE 
LOG (nnet-latgen-faster[5.5.1182~1-e02e3]:DecodeUtteranceLatticeFaster():decoder-wrappers.cc:375) Log-like per frame for utterance 87-121553-0013 is 0.151838 over 1186 frames.
87-121553-0030 ITSELF UTTERLY REMAIN IN ONE THAT AT THE SENSE OF THE LAST HOPE HIS EASE DOWNWARD FROM APT TO ACT BE COMMON SENSE THAT ONLY BRIEF CONTENT AND SEE THAT MAKES AND THESE CONTINUED SEES IDOL TO BE THINGS DECORATED 
LOG (nnet-latgen-faster[5.5.1182~1-e02e3]:DecodeUtteranceLatticeFaster():decoder-wrappers.cc:375) Log-like per frame for utterance 87-121553-0030 is 0.154154 over 1355 frames.
87-121553-0044 AND EASY TO REMAIN SAME WHAT MATTER AFTER YOUR AGAIN MADE VISIBLE IT CAN BE THAT IT INTO NOT YOUR SIGHT AS BY A GREATER GLADNESS VIRGIN DRAWN THEY WERE DANCING INNER ROOM SOMETIMES OF LOVE THE VOICES AND EMOTIONS QUICKEN 
LOG (nnet-latgen-faster[5.5.1182~1-e02e3]:DecodeUtteranceLatticeFaster():decoder-wrappers.cc:375) Log-like per frame for utterance 87-121553-0044 is 0.194763 over 1490 frames.
LOG (apply-cmvn[5.5.1182~1-e02e3]:main():apply-cmvn.cc:162) Applied cepstral mean normalization to 226 utterances, errors on 0
87-121553-0056 HE HAD OF MY MEMORY OVERCOME IDEAS FOR ON THE CROSS OF LOVE HIM GLOOMED FULL OF CHRIST SO THAT I CANNOT FLY EXAMPLE WERE THEY BUT HE WOULD TAKES IS CROSS AND FOLLOWS CHRIST AGAIN OH PARDON ME WHAT I AM AT CA HIM THAT A ROAR LIGHTENED CHRIST 
LOG (nnet-latgen-faster[5.5.1182~1-e02e3]:DecodeUtteranceLatticeFaster():decoder-wrappers.cc:375) Log-like per frame for utterance 87-121553-0056 is 0.193815 over 1586 frames.
89-219-0010 AND HOW THAT HE LEARNED CLASSES AND ARGUMENTS 
LOG (nnet-latgen-faster[5.5.1182~1-e02e3]:DecodeUtteranceLatticeFaster():decoder-wrappers.cc:375) Log-like per frame for utterance 89-219-0010 is 0.13763 over 314 frames.
89-219-0055 AMONG THE CANAL IS PRESENT A MOMENT LIVE IN A CONSTANT FRIEND 
LOG (nnet-latgen-faster[5.5.1182~1-e02e3]:DecodeUtteranceLatticeFaster():decoder-wrappers.cc:375) Log-like per frame for utterance 89-219-0055 is 0.133968 over 423 frames.
LOG (nnet-latgen-faster[5.5.1182~1-e02e3]:main():nnet-latgen-faster.cc:181) Time taken 2073.18s: real-time factor assuming 100 frames/sec is 0.730446
LOG (nnet-latgen-faster[5.5.1182~1-e02e3]:main():nnet-latgen-faster.cc:184) Done 226 utterances, failed for 0
LOG (nnet-latgen-faster[5.5.1182~1-e02e3]:main():nnet-latgen-faster.cc:186) Overall log-likelihood per frame is 0.202387 over 283824 frames.
# Accounting: time=2074 threads=1
# Ended (code 0) at Thu Apr 30 12:36:54 IST 2026, elapsed time 2074 seconds
