# gmm-latgen-faster --max-active=7000 --beam=13.0 --lattice-beam=6.0 --acoustic-scale=0.083333 --allow-partial=true --word-symbol-table=exp_254102311/mono/graph_254102311/words.txt exp_254102311/mono/final.mdl exp_254102311/mono/graph_254102311/HCLG.fst "ark,s,cs:apply-cmvn  --utt2spk=ark:data/test/split1/1/utt2spk scp:data/test/split1/1/cmvn.scp scp:data/test/split1/1/feats.scp ark:- | add-deltas  ark:- ark:- |" "ark:|gzip -c > exp_254102311/mono/decode_254102311/lat.1.gz" 
# Started at Thu Apr 30 10:24:23 IST 2026
#
gmm-latgen-faster --max-active=7000 --beam=13.0 --lattice-beam=6.0 --acoustic-scale=0.083333 --allow-partial=true --word-symbol-table=exp_254102311/mono/graph_254102311/words.txt exp_254102311/mono/final.mdl exp_254102311/mono/graph_254102311/HCLG.fst 'ark,s,cs:apply-cmvn  --utt2spk=ark:data/test/split1/1/utt2spk scp:data/test/split1/1/cmvn.scp scp:data/test/split1/1/feats.scp ark:- | add-deltas  ark:- ark:- |' 'ark:|gzip -c > exp_254102311/mono/decode_254102311/lat.1.gz' 
add-deltas ark:- ark:- 
apply-cmvn --utt2spk=ark:data/test/split1/1/utt2spk scp:data/test/split1/1/cmvn.scp scp:data/test/split1/1/feats.scp ark:- 
103-1240-0013 HE WAS THIS I STAND BY UNHEEDED HAVE BECOME A STRANGER TO ANY PRICE FOR HE MIGHT HAVE THE TOP HEAVY DRESSED UP WITH WHITE COLOR IN FINDING NONE BUT HE WAS SOMETHING WHY DIDN'T HAVE OFTEN MISSUS LITTLE HARDER SHE MIGHT COME LIKE NOTHING OF IT 
LOG (gmm-latgen-faster[5.5.1182~1-e02e3]:DecodeUtteranceLatticeFaster():decoder-wrappers.cc:375) Log-like per frame for utterance 103-1240-0013 is -8.65687 over 1524 frames.
103-1240-0027 THEY WITH TEETH I PLAYED THE THE POOL I MUST BE EXPECTING SUMMER HOME WITH THAT THE CITY BY PETITIONS FOR EVERYDAY DISHES AND ABOVE THEM A COUPLE PRESERVE SOME ONE KIND OF HATE SAID THAT IT BUT ACCOMPANIED COULD NOT BE ANY PARTICULAR COUNTRY 
LOG (gmm-latgen-faster[5.5.1182~1-e02e3]:DecodeUtteranceLatticeFaster():decoder-wrappers.cc:375) Log-like per frame for utterance 103-1240-0027 is -8.64335 over 1395 frames.
103-1240-0044 SO THAT HE WENT BY PENDER TREATED MISSUS SAND HILL UPON THE AFFAIRS OF COURSE G THOSE UNTIL I FANCY SHE HERSELF WITH HIS RIGHT APPLY TO HERSELF HAD ALWAYS BEATING HER MIND SHE PROCEEDED TO SPEAK ABOUT HAVING ADDRESSED IT HAD NEGLECTED TO THIS MAY SEEM TO SUCH NEWS 
LOG (gmm-latgen-faster[5.5.1182~1-e02e3]:DecodeUtteranceLatticeFaster():decoder-wrappers.cc:375) Log-like per frame for utterance 103-1240-0044 is -8.60035 over 1637 frames.
103-1241-0035 AND THEY HAD OFTEN RESEMBLING THINGS LITTLE WHITE SHAPE OFTEN THINKS ADVENTURE BACK QUITE AWAY THEN I VIOLATED TO THE YALU ON THE NIGHT AND IN THE STAKE AMONG THE WINDOWS AND WAS THIS SINCERE ALL THIS GENERAL USE 
LOG (gmm-latgen-faster[5.5.1182~1-e02e3]:DecodeUtteranceLatticeFaster():decoder-wrappers.cc:375) Log-like per frame for utterance 103-1241-0035 is -8.76693 over 1553 frames.
103-1241-0037 PAPA DAY AND ARMED WITH CHARITY FOR HIM TO THESE ISLANDS OF THE LEAST PRETENDS HAD ALREADY AND SO GLAD LITTLE AHEAD OF ALL RETURNED FRANZ I RETIRED TO PRESTISSIMO WELL 
LOG (gmm-latgen-faster[5.5.1182~1-e02e3]:DecodeUtteranceLatticeFaster():decoder-wrappers.cc:375) Log-like per frame for utterance 103-1241-0037 is -8.81703 over 1276 frames.
118-121721-0002 HAD ENTERED INTO THE WISH TO THE LADY MAKES THE CITY WERE TO SACK ON THAT FIRE THE MOSQUITO POWER IS SOMETHING OR TROUBLE KEEPERS OFTEN WAS BRIGHT COLOURS 
LOG (gmm-latgen-faster[5.5.1182~1-e02e3]:DecodeUtteranceLatticeFaster():decoder-wrappers.cc:375) Log-like per frame for utterance 118-121721-0002 is -8.16576 over 1400 frames.
118-121721-0011 STILL WISH ME BUT HE IS DRAINED PLOWED I'LL HAVE CARRIED ON THE COTTAGE ARE TAKING OF THE CHILDREN OF FARMERS BERRY 
LOG (gmm-latgen-faster[5.5.1182~1-e02e3]:DecodeUtteranceLatticeFaster():decoder-wrappers.cc:375) Log-like per frame for utterance 118-121721-0011 is -8.14012 over 1073 frames.
118-124588-0004 THE SUBSTITUTE FOR THIS EFFORT TO BE DISPOSED OF IT POSSIBLE THE REPORT JARRED AT THE KNEES WITH HAPPINESS TO CONSOLE DOUBTS FIRST READ SQUARE HOUNDS AND LIKEWISE WERE ALL ABOUT THEM INTO WINGS ON THE PREVIOUS AFTERNOON 
LOG (gmm-latgen-faster[5.5.1182~1-e02e3]:DecodeUtteranceLatticeFaster():decoder-wrappers.cc:375) Log-like per frame for utterance 118-124588-0004 is -8.6037 over 1355 frames.
118-124588-0007 ALL OTHER OUTSIDE TWO HUNDRED YARDS FOR VARIOUS INEVITABLY HEAVEN INCARNATE OR BY POPULAR 
LOG (gmm-latgen-faster[5.5.1182~1-e02e3]:DecodeUtteranceLatticeFaster():decoder-wrappers.cc:375) Log-like per frame for utterance 118-124588-0007 is -8.48516 over 637 frames.
118-124588-0020 THEIR LIVES FOR WHICH UP HER LILY LIKE A POLICY AND THOSE OF QUELLING THE STORM COMES DIVING AND PERSON UTTERED WORDS UTTERED IN EVERY BIRD IN AN ARTISTICAL SUPPLIES TO TELL US YESTERDAY AND A STONE SIX 
LOG (gmm-latgen-faster[5.5.1182~1-e02e3]:DecodeUtteranceLatticeFaster():decoder-wrappers.cc:375) Log-like per frame for utterance 118-124588-0020 is -8.60831 over 1429 frames.
118-47824-0011 PROFOUND RESERVE BULLIED INTO THE INEQUITIES THE BALL AND LASTLY IT IS GOODS ARE RUMPLING YOUR PURSE AND GAINED MUCH FEAR HE SHOULD BE AND NOBODY PERSISTED IN A PROVINCE 
LOG (gmm-latgen-faster[5.5.1182~1-e02e3]:DecodeUtteranceLatticeFaster():decoder-wrappers.cc:375) Log-like per frame for utterance 118-47824-0011 is -8.79948 over 1344 frames.
118-47824-0029 IN US FROM THE WICKED FREAKS OF THE GROTESQUE EFFECTS OF ORDER WERE DESERTED HIS PROPOSALS ONE VIRTUE DID EVERYBODY'S BOUGHT OR BORROWED FROM ALL VISITED WHICH OUR COURSE 
LOG (gmm-latgen-faster[5.5.1182~1-e02e3]:DecodeUtteranceLatticeFaster():decoder-wrappers.cc:375) Log-like per frame for utterance 118-47824-0029 is -8.89095 over 1521 frames.
118-47824-0033 SUPPORT OF MISTER DURHAM HAD OFTENEST HEADLONG SPIRIT OF THE SCHOOL HE ISSUED ORDERS OF SCURVY FOR WHICH I WAS WORTH HIS POWER IN BROOKLYN BEHIND SOME WAY CAREFULLY WINNOWING AWAY INTO EVERY DOCTRINE 
LOG (gmm-latgen-faster[5.5.1182~1-e02e3]:DecodeUtteranceLatticeFaster():decoder-wrappers.cc:375) Log-like per frame for utterance 118-47824-0033 is -9.06 over 1460 frames.
118-47824-0045 AND LOOKED UPON ME YES YOUR HOUSE CORN IS NO ATTENTION TO DETERMINE HIS NEW FOR THE PRESENT TO SEE WHAT IS VERY ABSURD 
LOG (gmm-latgen-faster[5.5.1182~1-e02e3]:DecodeUtteranceLatticeFaster():decoder-wrappers.cc:375) Log-like per frame for utterance 118-47824-0045 is -8.71822 over 879 frames.
118-47824-0064 THE REST HE ALSO HAVE UNDERSTOOD SAYS SO CONSIDERED AN ALMOST THAN EVER BUT HE ANSWERED THIS MORNING POST AND KICKS 
LOG (gmm-latgen-faster[5.5.1182~1-e02e3]:DecodeUtteranceLatticeFaster():decoder-wrappers.cc:375) Log-like per frame for utterance 118-47824-0064 is -8.74594 over 1038 frames.
118-47824-0077 IT AFRESH TEMPER HAD BEEN ENCOURAGED THE SEASHORE THE WAY THOUGH WONDERING RESENTED AND LOVE SUGGESTED WAS SOMEWHAT DIFFICULT TO HIS POSITION AND TURNED CALL HIS HEAD STOOD WHAT'S THE BLACK WIND IN THE HALL BUT COULD MANAGE THE WHOLE COURT OF RETURNED 
LOG (gmm-latgen-faster[5.5.1182~1-e02e3]:DecodeUtteranceLatticeFaster():decoder-wrappers.cc:375) Log-like per frame for utterance 118-47824-0077 is -8.83536 over 1617 frames.
118-47824-0079 AS I SAID IN THE FIRE SINGER TOO CHARLES WAS THAT ENORMOUS DIFFERENCE TO RESTORE HIM THAT COULD BESTOW UNCONSCIOUS FIGURE 
LOG (gmm-latgen-faster[5.5.1182~1-e02e3]:DecodeUtteranceLatticeFaster():decoder-wrappers.cc:375) Log-like per frame for utterance 118-47824-0079 is -8.84385 over 991 frames.
125-121124-0002 THE STREETS IN THE ANNALS OF THE MORE STRINGS OF THE LEAST CONTRADICTION TO TELL WHAT ALL NIGHT 
LOG (gmm-latgen-faster[5.5.1182~1-e02e3]:DecodeUtteranceLatticeFaster():decoder-wrappers.cc:375) Log-like per frame for utterance 125-121124-0002 is -8.71529 over 691 frames.
125-121124-0004 GREAT DISASTER ME I AM NOT ENDEAVOUR TO NIGHT'S EXPERIMENT IT MY BEST SEE LIFE RING DURING THE TWO DAYS NIGHTS I AM FILLED HIS PAPERS HAVE MADE OUT THE ACCUSATION AND AS THE INCESSANT BENEDETTO 
LOG (gmm-latgen-faster[5.5.1182~1-e02e3]:DecodeUtteranceLatticeFaster():decoder-wrappers.cc:375) Log-like per frame for utterance 125-121124-0004 is -8.51079 over 1486 frames.
125-121124-0025 THEN ADVANCED IN THE HIM WITH US AND NO POSSIBLE SMILES WELL SAID THE EXTENDING HIS HANDS OF MONTE CRISTO 
LOG (gmm-latgen-faster[5.5.1182~1-e02e3]:DecodeUtteranceLatticeFaster():decoder-wrappers.cc:375) Log-like per frame for utterance 125-121124-0025 is -8.43892 over 796 frames.
125-121124-0034 FAMILY GREASE OR IN THE ANY OTHER REFLECTION WHICH THE CRASH OF MANY INSTANCES OF THE TREASURER WORE A DURABLE TO MARRY HIM AND FLOW SUFFER AS THEY WILL SAY AND PRACTICAL MAN WILL CALL A SUPPLY OF THE OPINION 
LOG (gmm-latgen-faster[5.5.1182~1-e02e3]:DecodeUtteranceLatticeFaster():decoder-wrappers.cc:375) Log-like per frame for utterance 125-121124-0034 is -8.54722 over 1426 frames.
125-121124-0044 IT IS INDEED SAID THE GLASS IS A FIGHTING TO HAVE SUCH KIND IS REALLY IT IS ONLY IN FRANCE THESE THINGS ABOUT FIVE MILLION AND FIVE WILL SCRAPS OF PAPER IT MUST BE SEEN TO BE BELIEVES 
LOG (gmm-latgen-faster[5.5.1182~1-e02e3]:DecodeUtteranceLatticeFaster():decoder-wrappers.cc:375) Log-like per frame for utterance 125-121124-0044 is -8.46119 over 1368 frames.
125-121124-0073 FOR ONE REASON BECAUSE THEY WOULD NOT SPEND MONEY SO BEAUTIFULLY CARVED 
LOG (gmm-latgen-faster[5.5.1182~1-e02e3]:DecodeUtteranceLatticeFaster():decoder-wrappers.cc:375) Log-like per frame for utterance 125-121124-0073 is -8.40455 over 518 frames.
125-121124-0079 SUDDENLY A VOLLEY POSTULATE IS OUT OF FIVE THOUSAND OR SIX THOUSAND FRANCS TO RECEIVE ANSWERED BACK MY FOR HE SAID LET'S WAIT TO MORROW BUT A PROPOSITION 
LOG (gmm-latgen-faster[5.5.1182~1-e02e3]:DecodeUtteranceLatticeFaster():decoder-wrappers.cc:375) Log-like per frame for utterance 125-121124-0079 is -8.4887 over 1196 frames.
125-121124-0082 MOST OF THE DANGER BY THE CURATE RIDICULOUS AS THE AFFAIRS BENEDETTO SOME REMAINING THE BACKGROUND BITE YOU WRONG STORY TO THE LAMENESS THAT 
LOG (gmm-latgen-faster[5.5.1182~1-e02e3]:DecodeUtteranceLatticeFaster():decoder-wrappers.cc:375) Log-like per frame for utterance 125-121124-0082 is -8.39799 over 1072 frames.
125-121342-0000 THE SEVENTY TO SLEEP I AM I WAS ALL THE SIZE RESTRAINED BEFORE TO COME ON MY FRIEND WITH A KIND AS DARK EYES ON THE GRANDEUR AND SO REQUESTED PRIEST SHARED BY CEASING TO DAY THEN 
LOG (gmm-latgen-faster[5.5.1182~1-e02e3]:DecodeUtteranceLatticeFaster():decoder-wrappers.cc:375) Log-like per frame for utterance 125-121342-0000 is -8.35035 over 1402 frames.
125-121342-0013 AND ALWAYS THERE WAS ECONOMICAL SOMETHING HAS BEEN THE WINTER BY NO MORE SUMMERS NICE MESS OF PERSPIRATION TWINS TO KEEP DEVELOPING WALLS ARE YOU RESTAURANTS ARE PROMISED HER PEOPLE THOUGHT THEMSELVES TO SHIVER WITH THEIR OWN YOU TWELVE SONS 
LOG (gmm-latgen-faster[5.5.1182~1-e02e3]:DecodeUtteranceLatticeFaster():decoder-wrappers.cc:375) Log-like per frame for utterance 125-121342-0013 is -8.45204 over 1507 frames.
125-121342-0017 FOR THE SOUTH THEY HAD SUDDENLY TO THE AIR AND IN EVERY ONE ACCORD A MOMENTARY BLOWN UP BY THE PAST FOUR PEOPLE FOR HIM RECENTLY HEAP OF THE BEAN PORK POVERTY AND AS THE BEAUTIFUL WAS WITHDRAWN AND 
LOG (gmm-latgen-faster[5.5.1182~1-e02e3]:DecodeUtteranceLatticeFaster():decoder-wrappers.cc:375) Log-like per frame for utterance 125-121342-0017 is -8.42161 over 1457 frames.
150-126107-0007 HE FOUND THAT HE WAS APPROACHING THE AUTHOR TO THIS FOREST FOR THE TREES HAD ALSO THEN HE COULD SEE THE SOUNDS THEN TURNED HIM AND HE SENT HIM UPON A KIND OF THE NEXT HE CAME UPON SIDE OF HUMAN NEIGHBORHOOD 
LOG (gmm-latgen-faster[5.5.1182~1-e02e3]:DecodeUtteranceLatticeFaster():decoder-wrappers.cc:375) Log-like per frame for utterance 150-126107-0007 is -8.57837 over 1447 frames.
150-126107-0017 AND AS HIS HEAD DEEPLY DOWN AT THE WATER AND RELATE THE BOTTOM OF THE OWNER I NEVER DID YOU ANY HARM PARDON ME I DIDN'T MEAN TO REACH YOU I BELIEVE YOU HAVE ANY BRAVE AND THAT IS WORTH OFTEN YOU ARE GETTING GRAVITY 
LOG (gmm-latgen-faster[5.5.1182~1-e02e3]:DecodeUtteranceLatticeFaster():decoder-wrappers.cc:375) Log-like per frame for utterance 150-126107-0017 is -8.61155 over 1539 frames.
150-126107-0022 INTO THE PRINCESS TOLD THEM SAID FRANZ OR THE CONDITION OF HER DRESS INCREASING A VERY USUAL DIFFICULTY IN LOGGING CAMP OVER BUCKINGHAM AND HE COULD HARDLY PERSUADE YOURSELF THAT HE WAS NOT IN A DELIGHTFUL DREAM 
LOG (gmm-latgen-faster[5.5.1182~1-e02e3]:DecodeUtteranceLatticeFaster():decoder-wrappers.cc:375) Log-like per frame for utterance 150-126107-0022 is -8.48807 over 1599 frames.
150-126107-0025 IF YOU CAN RELY TOO LIMITED REJOINED SHE MIGHT FEELING WAS CERTAINLY ONE OF ELEVATION TO THE PRINCE CONCEDED THE PRINCESS COULD NOT APPEAR TO UNDERSTAND HIM FOR SHE RETURNED HIS BEST 
LOG (gmm-latgen-faster[5.5.1182~1-e02e3]:DecodeUtteranceLatticeFaster():decoder-wrappers.cc:375) Log-like per frame for utterance 150-126107-0025 is -8.30652 over 1433 frames.
150-126112-0000 THIS IS VERY CONTINUE THE PRINCE WENT TO DRESS FOR THE OCCASION FOR HE WAS RESOLVED TO DILATE PRINCE WHEN THE PRINCE AFTER THE MEN HAD OFFERED TO DIE FOR HER 
LOG (gmm-latgen-faster[5.5.1182~1-e02e3]:DecodeUtteranceLatticeFaster():decoder-wrappers.cc:375) Log-like per frame for utterance 150-126112-0000 is -8.10026 over 1329 frames.
150-126112-0011 TO PREACH FOR HOURS PASSED THIS WAY THE PRINCESS APPARENTLY SWEET AND PRANCED VERY PATIENT THAT HE WAS MUCH DISAPPOINTED IN HIS POSITION FOR HE HAD NONE OF THE CONSOLATIONS HE HAD HOPED FOR 
LOG (gmm-latgen-faster[5.5.1182~1-e02e3]:DecodeUtteranceLatticeFaster():decoder-wrappers.cc:375) Log-like per frame for utterance 150-126112-0011 is -8.30315 over 1570 frames.
150-126112-0019 AND SAID SHE WAS CALLED ATTENTION AND SITTING DOWN SHE DID LOOK AT HIM AND CONCLUDING IT WAS A WONDERFUL STEADINESS CONSIDERABLE THINGS THE SUN WENT DOWN THAN THE MOON AROSE 
LOG (gmm-latgen-faster[5.5.1182~1-e02e3]:DecodeUtteranceLatticeFaster():decoder-wrappers.cc:375) Log-like per frame for utterance 150-126112-0019 is -8.36408 over 1395 frames.
150-126112-0025 HE DID NOT BE BEGAN TO PRINCESS GAVE HIS WIFE OF LAST TIME HE WAS PASSED THE KING THEN SHE SAT DOWN AGAIN AND LOOKED AT HIM THE WATER ROSE AND ROMANS 
LOG (gmm-latgen-faster[5.5.1182~1-e02e3]:DecodeUtteranceLatticeFaster():decoder-wrappers.cc:375) Log-like per frame for utterance 150-126112-0025 is -7.98024 over 1403 frames.
150-126112-0027 COUNTRY FOR HIS NOSTRILS THE PRINCESS WHAT WILES THAT HOVER HIS NOSTRILS HORIZON STEWARD AND SHOWED STRANGE IN MOONLIGHT HIS HEAD FELL BACK THE WATER CLOSED OVERHEAD 
LOG (gmm-latgen-faster[5.5.1182~1-e02e3]:DecodeUtteranceLatticeFaster():decoder-wrappers.cc:375) Log-like per frame for utterance 150-126112-0027 is -8.14416 over 1581 frames.
150-126112-0028 AND THE BLOWS OF HIS LAST BREATH THE PLOT THROUGH THE WATER THE PRINCESS GAVE A SHRIEK AND SPRANG TO AWAKE HE LAID HOLD FIRST OF ONE LEG AND THEN OF THE OTHER AND PLANTED THAT SHE COULD NOT MOVE EITHER HE STOPPED A BREADTH 
LOG (gmm-latgen-faster[5.5.1182~1-e02e3]:DecodeUtteranceLatticeFaster():decoder-wrappers.cc:375) Log-like per frame for utterance 150-126112-0028 is -8.4842 over 1644 frames.
150-126112-0031 BUT WHEN SHE DID SHE FAINTED AWAY COMING TO HERSELF SHE SEES THE WORDS UTTERED SO SAID HE IS THAT SHE COULDN'T ROMANS DROVE THE SHE HAD NEVER BEFORE BROWN FROG SPONGE OVER SHELLS AND TRUE THAT HE RODE 
LOG (gmm-latgen-faster[5.5.1182~1-e02e3]:DecodeUtteranceLatticeFaster():decoder-wrappers.cc:375) Log-like per frame for utterance 150-126112-0031 is -8.51255 over 1484 frames.
150-132655-0021 I CAN'T HELP MYSELF OF FANNING HER FOR SALE OF THREATS OF THE GARDEN BUT I COULD NOT HAVING SO THESE WORDS HE INVITED TO STRANGERS AND HIS HOUSE HIS TWO THOUSAND DOLLARS PRESENTED THEMSELVES HEARD OF SURE THAT WHICH THEY MADE THEMSELVES 
LOG (gmm-latgen-faster[5.5.1182~1-e02e3]:DecodeUtteranceLatticeFaster():decoder-wrappers.cc:375) Log-like per frame for utterance 150-132655-0021 is -8.71513 over 1458 frames.
150-132655-0025 RENDERED SAID HAD LOST HIS EXTREMELY DANGEROUS ACCORDING TO TESTIMONY TO FALL FIRST FOR A SHORT FIDDLE ON THE DEVIL AND WAS SUSTAINED BY A MOODY AND FORMED ONE BY HIS HER AND CURVED WITH REMARKS 
LOG (gmm-latgen-faster[5.5.1182~1-e02e3]:DecodeUtteranceLatticeFaster():decoder-wrappers.cc:375) Log-like per frame for utterance 150-132655-0025 is -8.63719 over 1422 frames.
150-132655-0029 THAT WE MUST HOLD OF A RETURN YOU ARE RIGHT SAID PAYNE WAS FOR ONE MAN WAS FIRST PLACED IN THE GARDEN OF THE NEWS HITHERTO DONE THERE ARE ENTERTAINING THAT HE MIGHT CULTIVATED TO SHOW OF THE MAN WAS NOT TOWARD THE IDEAL 
LOG (gmm-latgen-faster[5.5.1182~1-e02e3]:DecodeUtteranceLatticeFaster():decoder-wrappers.cc:375) Log-like per frame for utterance 150-132655-0029 is -8.62109 over 1519 frames.
163-121908-0006 NEXT NIGHT LONG FOR IT HAS A PROPER CAUSES THE UNFORESEEN AN UNEXPECTED CONCURRENCE OF WHICH HIS PROTECTION THAT FORMIDABLE TO CULTIVATE FOR BEEN TAKING 
LOG (gmm-latgen-faster[5.5.1182~1-e02e3]:DecodeUtteranceLatticeFaster():decoder-wrappers.cc:375) Log-like per frame for utterance 163-121908-0006 is -8.11397 over 1435 frames.
163-122947-0074 CREATURE IN A CREATOR CREMATED AND THEN THERE IS NOT ONLY MATTER SHRED OF SUCCESS THAT LAY MY EAR FLEET HE ALSO BROTHERS ALSO THE CREATOR 
LOG (gmm-latgen-faster[5.5.1182~1-e02e3]:DecodeUtteranceLatticeFaster():decoder-wrappers.cc:375) Log-like per frame for utterance 163-122947-0074 is -7.96273 over 1539 frames.
163-122947-0083 AUGUSTINE WENT INTO HIS VIRTUE OF WHICH WE CANNOT WITH HERSELF WE FREE SPIRITS WILL WHO LABORED WITH OR PREFERS THE PIANO ALONE 
LOG (gmm-latgen-faster[5.5.1182~1-e02e3]:DecodeUtteranceLatticeFaster():decoder-wrappers.cc:375) Log-like per frame for utterance 163-122947-0083 is -8.23007 over 1182 frames.
163-122947-0094 A SINCERELY WITH SO THOUGHTFUL TO THE SMALLEST SO WELL CERTAINLY REPLIED THE MOTIVES THAT WOMAN SCREAMED TO CONCEAL THIS TIME AND THEN TO FORM OF THE SCIENTIFIC SPIRIT 
LOG (gmm-latgen-faster[5.5.1182~1-e02e3]:DecodeUtteranceLatticeFaster():decoder-wrappers.cc:375) Log-like per frame for utterance 163-122947-0094 is -8.15815 over 1515 frames.
19-198-0003 THE PUBLIC COURT INTRIGUE TO THEIR MINDS THAN THIRTEEN YEARS HAD PASSED SOMETHING TO SPANISH MANY MORE FIT IT WAS THE TIME AND ENDURING AND CARE AND PLACES MANNERS BOOKS AND OPINIONS HAD UNDERGONE CONSIDERABLE CHANGES 
LOG (gmm-latgen-faster[5.5.1182~1-e02e3]:DecodeUtteranceLatticeFaster():decoder-wrappers.cc:375) Log-like per frame for utterance 19-198-0003 is -8.26745 over 1546 frames.
19-198-0036 ON THE CHIEF OF THE PROPERTY NOW FLOURISH ON THE VILLAGE WAS SURE WIDE IMPORTANCE WHICH WAS ALREADY ABOUT FOR THE BENEFIT OF ABOUT THE CONSTITUTION IN HIS LADY IN GOOD HUMORED WOMAN FOND OF SMILING AND PROBABLY WHEN THE DEATH 
LOG (gmm-latgen-faster[5.5.1182~1-e02e3]:DecodeUtteranceLatticeFaster():decoder-wrappers.cc:375) Log-like per frame for utterance 19-198-0036 is -8.38179 over 1583 frames.
19-227-0016 AS THE CAUSE OF HIS VISION HE ADDRESSED HIMSELF TRUNK AND INVENTION OR A RESENTFUL HOW FAR FROM COMPREHENDING YOU ARE HIS SISTER AND THEIR FATHERS THE SKY NONE 
LOG (gmm-latgen-faster[5.5.1182~1-e02e3]:DecodeUtteranceLatticeFaster():decoder-wrappers.cc:375) Log-like per frame for utterance 19-227-0016 is -8.14337 over 1267 frames.
19-227-0038 HAD ACCIDENTALLY INQUIRED OF FORT IF HE KNEW MOREOVER THAT HER NAME FOR THE MOST HAPPY TO BE AS THE HUNTERS WOULD COME AND GENERAL TO LEAVE IMPORTANCE HAD BEEN JOYFULLY AND PARTLY COMMUNICATED 
LOG (gmm-latgen-faster[5.5.1182~1-e02e3]:DecodeUtteranceLatticeFaster():decoder-wrappers.cc:375) Log-like per frame for utterance 19-227-0038 is -8.27179 over 1480 frames.
19-227-0046 UPON SENT INTELLIGENCE THE GENERAL HAD PRECEDED FOR I NEVER HAD OCCURRED TO HIM TO GO OUT HIS AUTHORITY FAWCETT AS THE FAMILY BY HIS SISTERS APPROACHING CONNECTION WITH ONE OF ITS MEMBERS 
LOG (gmm-latgen-faster[5.5.1182~1-e02e3]:DecodeUtteranceLatticeFaster():decoder-wrappers.cc:375) Log-like per frame for utterance 19-227-0046 is -8.18019 over 1382 frames.
19-227-0050 HELEN HERSELF ONE OF THE MORNING AND AT THE TIME OF THE LESS THAN HIS OWN CHILDREN AND RAN DOWN ON PERCEIVING THAT THING IN HIS SITUATION LIKELY TO ENGAGE THEIR FATHERS PARTICULARS THAT 
LOG (gmm-latgen-faster[5.5.1182~1-e02e3]:DecodeUtteranceLatticeFaster():decoder-wrappers.cc:375) Log-like per frame for utterance 19-227-0050 is -8.17083 over 1380 frames.
19-227-0063 EQUIPPED WITH HIS OWN CONCEPTIONS MY ASSISTANT AND WHY PORTION OF FACT REMAINED TO THE TOTAL OF HER FROM JENKS 
LOG (gmm-latgen-faster[5.5.1182~1-e02e3]:DecodeUtteranceLatticeFaster():decoder-wrappers.cc:375) Log-like per frame for utterance 19-227-0063 is -8.35478 over 847 frames.
19-227-0064 HAWTHORN AND ANY RATE ACCORDING AS TO FEEL THAT IS SOMETHING ABOUT EVERYBODY THEIR MOULDERING ARCHES AND OUT HIS LIFE SHE HAD SCARCELY SAID AGAINST HIS CHARACTER ARMAND FIRE HIS CRUELTY 
LOG (gmm-latgen-faster[5.5.1182~1-e02e3]:DecodeUtteranceLatticeFaster():decoder-wrappers.cc:375) Log-like per frame for utterance 19-227-0064 is -8.30943 over 1370 frames.
196-122150-0020 THE DETERMINATION TO WOUND SAFELY FOR EXISTENCE HEARD HIM THAT GOSSIPING CROWN US THE MAN SEATED AT FIRST MORE AND SUBSTANTIAL AND SO MANY SHADOWS BY APPLYING HE FOUND FASCINATION OF THE SIDE OF THOSE MEN 
LOG (gmm-latgen-faster[5.5.1182~1-e02e3]:DecodeUtteranceLatticeFaster():decoder-wrappers.cc:375) Log-like per frame for utterance 196-122150-0020 is -8.2692 over 1603 frames.
196-122150-0024 THE STREAM THE BOARD OVER THREE GREAT NOISE THE STREAM TO ENCOURAGE BY FAITH IN THE HOPE OF PARADISE THESE STREAMING WITH CONTINUOUS TRAP A SHOPFUL OF THEIR FEET WITH A WORD ON EARTH OR LOOK OUT 
LOG (gmm-latgen-faster[5.5.1182~1-e02e3]:DecodeUtteranceLatticeFaster():decoder-wrappers.cc:375) Log-like per frame for utterance 196-122150-0024 is -8.28486 over 1442 frames.
196-122150-0025 AND WHEN WE ARE CONFIDED ROSE FROM WALLACE WHITE OVER THE THAT FLEW FOR THEM AND OVER FLOWED DOWN THE MORNING THAT WAY IS FILLED THE RESOURCES OF THE SHOULD LIKE A WATERFALL IN THE SISTER 
LOG (gmm-latgen-faster[5.5.1182~1-e02e3]:DecodeUtteranceLatticeFaster():decoder-wrappers.cc:375) Log-like per frame for utterance 196-122150-0025 is -8.3959 over 1358 frames.
196-122150-0034 THAT WHITE FLAME AS IF IN CREATION OF HER HAIR AND IF THEY DECLARED THE STRAIGHT ACROSS THE BAY CONTINUED OUR WAY THROUGH THE ONE DEGREE PASSAGE HE HELD ON STRAINED FOR THE RED SEA AND RESTRAINTS GOD 
LOG (gmm-latgen-faster[5.5.1182~1-e02e3]:DecodeUtteranceLatticeFaster():decoder-wrappers.cc:375) Log-like per frame for utterance 196-122150-0034 is -8.2584 over 1577 frames.
196-122150-0037 WHY DID HOUSE THE DISTANCE AND INSIDE MYSTERIOUS LEANT ITS THE EVENING AFTER EVENING A SERVING STRANGE DISTANCES HAD EVER ADVANCING BOUGHS THE FIVE WHAT'S ON BOARD LOOKED MUCH ITS I SLIPPED FROM THE HUMAN CARGO 
LOG (gmm-latgen-faster[5.5.1182~1-e02e3]:DecodeUtteranceLatticeFaster():decoder-wrappers.cc:375) Log-like per frame for utterance 196-122150-0037 is -8.37796 over 1596 frames.
196-122152-0002 THE BIG FRAMEWORK HAS ACCUSED ME GENTLY TO AND FRO A HIGH UP OF HIS HEAD AND FROM BELOW MANY EYES WERE LOOKING AT HIM OUT OF THEIR FACES OF WHITE FACE AND SUMMER RED FACES OF THE FACE AS IT AND THAT STROLLED DOWN 
LOG (gmm-latgen-faster[5.5.1182~1-e02e3]:DecodeUtteranceLatticeFaster():decoder-wrappers.cc:375) Log-like per frame for utterance 196-122152-0002 is -8.43096 over 1524 frames.
196-122152-0032 PATRICIUS WOULD SOONER MOUNTAIN A SMALL RED CLOUD A WOMAN THE PRICKLY AND EXPANDING LIVE UP A FINGER'S LENGTH WOULD HAND TOWARD THE FACE AND PROFOUND POST OR FIVE CHICKENS AND CLEAN INTO THE PURPOSE UPON HIS 
LOG (gmm-latgen-faster[5.5.1182~1-e02e3]:DecodeUtteranceLatticeFaster():decoder-wrappers.cc:375) Log-like per frame for utterance 196-122152-0032 is -8.39992 over 1539 frames.
196-122159-0018 HIS VOICE AT UNREASONABLE SUPPOSE I DO NOT I MEAN THE SAKE SUPPOSE I AM SPOTTED FISH UP WELL HOW MUCH LONGER SAME AMOUNT OF FAMINE IT 
LOG (gmm-latgen-faster[5.5.1182~1-e02e3]:DecodeUtteranceLatticeFaster():decoder-wrappers.cc:375) Log-like per frame for utterance 196-122159-0018 is -8.35544 over 1216 frames.
198-126831-0017 THEN BEFORE GATHERED AROUND UPON YOU WOULD SPRING CAULDRON PLACED UNDER TO MAPLES AND A FIDDLE A PUPPY AND MISTER BERYL ALL THE SPELL OF THE HEART OF SPRING AGAIN NOW INCLINED WHEN THERE WHEN LADY ABOUT 
LOG (gmm-latgen-faster[5.5.1182~1-e02e3]:DecodeUtteranceLatticeFaster():decoder-wrappers.cc:375) Log-like per frame for utterance 198-126831-0017 is -8.81856 over 1292 frames.
198-126831-0041 WAS WHITE AND CARRIED CONSIDER THE PROUD OF SPICES TOO TROUBLED FOR A PERFECTLY COULD NOT FITFUL BECAUSE THE PATH OF SPEAKING IN THE FAMILY CLOSELY YOU SOMETHING LIKE TO DESTROY FUEL 
LOG (gmm-latgen-faster[5.5.1182~1-e02e3]:DecodeUtteranceLatticeFaster():decoder-wrappers.cc:375) Log-like per frame for utterance 198-126831-0041 is -8.82413 over 1142 frames.
198-126831-0044 THERE'S NO USE AS THE MONEY TO INVEST AS POSSIBLE GLAD TO THE THE COMMONS DESPAIR OF THE NOT FIND THAT THE YELLOW AND BITTER WITH THE DEEP BITE YE I NODDED AND HOLLAND 
LOG (gmm-latgen-faster[5.5.1182~1-e02e3]:DecodeUtteranceLatticeFaster():decoder-wrappers.cc:375) Log-like per frame for utterance 198-126831-0044 is -8.85455 over 1036 frames.
198-126831-0052 I AM ONE HAS DESTROYED HER LOVELY AT BOTTOM OF THE BEAR WHAT I HEARD A OF THE DOOR OPENED TO LET US BE CAREFUL STUDY 
LOG (gmm-latgen-faster[5.5.1182~1-e02e3]:DecodeUtteranceLatticeFaster():decoder-wrappers.cc:375) Log-like per frame for utterance 198-126831-0052 is -8.6505 over 857 frames.
198-129977-0004 AS YOU ARE NOT YET READY FOR BREAKFAST 
LOG (gmm-latgen-faster[5.5.1182~1-e02e3]:DecodeUtteranceLatticeFaster():decoder-wrappers.cc:375) Log-like per frame for utterance 198-129977-0004 is -8.9175 over 236 frames.
198-129977-0010 CONFIDED IS BUT IT FOR SEDENTARY AND THE WISE TO BOAST OF ITS I SUSPECT STRIVE TO AVOID WILL FIND THAT THE STATION HAD HEARD HER THOUGHTS INTO ANOTHER BECAUSE HE BUT THESE MANY PEOPLE PRETENDS TO WITH ADMIRATION OF THE BEAUTIES OF MAKING THEM A VERY WELL 
LOG (gmm-latgen-faster[5.5.1182~1-e02e3]:DecodeUtteranceLatticeFaster():decoder-wrappers.cc:375) Log-like per frame for utterance 198-129977-0010 is -8.91936 over 1587 frames.
198-129977-0013 EXCITED BY NO VIOLENT DESPAIR OF THEM IN THAT WHAT WAS MORE UNHAPPY DOUBTFUL SAID THE MEANING I DO THEN SAID ALBERT DID YOU REALLY FELL ON THE DELIGHTED IN FINE PARTS BUT WHATEVER AS THE HEALTH 
LOG (gmm-latgen-faster[5.5.1182~1-e02e3]:DecodeUtteranceLatticeFaster():decoder-wrappers.cc:375) Log-like per frame for utterance 198-129977-0013 is -8.88004 over 1319 frames.
198-129977-0014 BUT IN THE CHINESE IS JEALOUS ALLOW ME TO FEEL NO MORE THAN THAT FAST A VETERAN PROSPECT BANAL AND PICTURESQUE HEAD BOWED TO DO NOT LIKE A CONTEST AND BLASTED TREES ADMIRE THEM FOR THEIR PROSTRATE AND WORSHIP 
LOG (gmm-latgen-faster[5.5.1182~1-e02e3]:DecodeUtteranceLatticeFaster():decoder-wrappers.cc:375) Log-like per frame for utterance 198-129977-0014 is -8.85447 over 1429 frames.
198-209-0002 THEN I SUPPOSE WAVING PRODUCTIONS ONLY MADE MORE DOUBTFUL TO KNOW SOME STRANGE TO STRUTTED AND HAVING ITSELF PERFECT IN THE NUMBER HASTENED AWAY WITH A GUEST AT SOME OF THE HEART TO HER VISIT TO EXPLAIN CONDUCT OF THE FORGOTTEN 
LOG (gmm-latgen-faster[5.5.1182~1-e02e3]:DecodeUtteranceLatticeFaster():decoder-wrappers.cc:375) Log-like per frame for utterance 198-209-0002 is -8.91458 over 1481 frames.
198-209-0013 THAT IS WITHIN ONE ROUND THE STRANGER TO ALL THINGS 
LOG (gmm-latgen-faster[5.5.1182~1-e02e3]:DecodeUtteranceLatticeFaster():decoder-wrappers.cc:375) Log-like per frame for utterance 198-209-0013 is -8.86709 over 351 frames.
198-209-0024 POD SAID NOT KNOW I HAD BEEN THAT I WAS NOW WITHIN THE TIME AHEAD OF THAT IN ORDER AND AS TO WASHINGTON THIS LAST SEEMED TO SIGN OF BUSINESS AT ONCE TO SEE THE PASSAGE UNTIL IT IS WELL IT IS NOTHING MORE THAN THAT MY FATHER 
LOG (gmm-latgen-faster[5.5.1182~1-e02e3]:DecodeUtteranceLatticeFaster():decoder-wrappers.cc:375) Log-like per frame for utterance 198-209-0024 is -8.85545 over 1475 frames.
200-124140-0002 SHE WOULD NOT LISTEN THEREFORE TO HER DAUGHTERS UP THE SOUL THE AND CARRIED HOME THE FADED THE POND THEY CARRIED TO RIDE THE SAME KIND TO GET AT ALL EYES FULL OF SETTING A LITTLE WHILE STAYED 
LOG (gmm-latgen-faster[5.5.1182~1-e02e3]:DecodeUtteranceLatticeFaster():decoder-wrappers.cc:375) Log-like per frame for utterance 200-124140-0002 is -8.27516 over 1446 frames.
200-124140-0003 ONE THING THE APPEARANCE OF INVITATION THE MOTHER AND THREE DOLLARS OPENED HER INTO THE FURTHEST CORNER OF THE ONLY MET THEM I HOPE THAT MASSES AND HAD NOT HOW MISTAKEN I WAS THE CHEEKS OF THEM 
LOG (gmm-latgen-faster[5.5.1182~1-e02e3]:DecodeUtteranceLatticeFaster():decoder-wrappers.cc:375) Log-like per frame for utterance 200-124140-0003 is -8.44113 over 1373 frames.
200-126784-0000 CHAPTER FIVE OF HER SOUL AWAY FRANZ TOOK HER SMILE IS BLIND O THE NEW THE PATH OF GROWTH BY A WHILE THE PRINCE FIVE THOUSAND POUNDS HAD BAFFLED PERCEIVED PATH LED HANDS 
LOG (gmm-latgen-faster[5.5.1182~1-e02e3]:DecodeUtteranceLatticeFaster():decoder-wrappers.cc:375) Log-like per frame for utterance 200-126784-0000 is -8.26486 over 1431 frames.
200-126784-0002 ALL POSSIBLE FOR ALL THE MEMBERS OF THE WAR AND THEN REMAIN THERE HAVE SOME OF PILLARS THAT NIGHT WITH A FOREBODINGS ANY INTRODUCTION TO THE ORDINARY QUITE AN EASY TASK OF THE SUSPICION UNTIL I VERY USUAL PURPOSE 
LOG (gmm-latgen-faster[5.5.1182~1-e02e3]:DecodeUtteranceLatticeFaster():decoder-wrappers.cc:375) Log-like per frame for utterance 200-126784-0002 is -8.30095 over 1550 frames.
200-126784-0028 HE PROCEEDS WITH A VERY COMMON FRIEND THE FUTILE ABOUT CONTINUED I AM SORRY FOR THE SEVERE COLD TO HAVE YOUR ANSWER I THINK OF AND SURPRISE 
LOG (gmm-latgen-faster[5.5.1182~1-e02e3]:DecodeUtteranceLatticeFaster():decoder-wrappers.cc:375) Log-like per frame for utterance 200-126784-0028 is -8.01862 over 1342 frames.
201-122255-0025 SO BE VEXED TO HIS PART BY THIS HE SET FORTH UP ON A DAY TO SEE THE BROAD ABOVE TWO OR MORE OF THE STUDY THE OLD LADIES HIS HARD WOOD HE THOUGHT OF THE MATTER 
LOG (gmm-latgen-faster[5.5.1182~1-e02e3]:DecodeUtteranceLatticeFaster():decoder-wrappers.cc:375) Log-like per frame for utterance 201-122255-0025 is -8.64547 over 1023 frames.
201-122255-0031 I FEAR ME THOUGH THERE IS BUT FOR A CHANCE OF MY SCENE SUCH A PAUSE IN SIGHT SOME SAY THE STATUTES OF PUBLIC UPON THE GROUND WHICH HE WOULD NOT ONLY SEEN THE STORK THE BOWER BOTHERED HIM I'D ENJOY THE MARRY SIGHT OF HIS EASE 
LOG (gmm-latgen-faster[5.5.1182~1-e02e3]:DecodeUtteranceLatticeFaster():decoder-wrappers.cc:375) Log-like per frame for utterance 201-122255-0031 is -8.64689 over 1309 frames.
201-122255-0044 THE PRINCIPAL NOTES JUST A BOX 
LOG (gmm-latgen-faster[5.5.1182~1-e02e3]:DecodeUtteranceLatticeFaster():decoder-wrappers.cc:375) Log-like per frame for utterance 201-122255-0044 is -8.58578 over 307 frames.
201-127786-0010 OR DELICATE THE KINGDOM ABLE TO BEAR AND ROUGHNESS OF STONES SAYING WITH THE THREE DECENT ORDER THAN THE CURATE A DRESSING HER FIRST AND STATION OR WHETHER YOU MAY BE FROM THOSE WHOM YOU SEE YOUR ONLY DESIRE TO BE A SERVICE TO YOU 
LOG (gmm-latgen-faster[5.5.1182~1-e02e3]:DecodeUtteranceLatticeFaster():decoder-wrappers.cc:375) Log-like per frame for utterance 201-127786-0010 is -8.54592 over 1459 frames.
201-127786-0025 BUT AS THEY HAVE NO OTHER CHOKED ME FOR HER TENDER AFFECTION APPEARANCE I WAS ONE OF THE MOST OF GOLD BARS THE OTHER PERSON GOLDS 
LOG (gmm-latgen-faster[5.5.1182~1-e02e3]:DecodeUtteranceLatticeFaster():decoder-wrappers.cc:375) Log-like per frame for utterance 201-127786-0025 is -8.39834 over 902 frames.
201-127786-0056 THE SOUL WAS WITH THEM I NEED IT CEASE TO THE WIND THEN HE BECAME A TRADER AN APERTURE IN THE DAY WHICH FOLLOWED THE NIGHT MY MISFORTUNE HUNG UPON SO QUICKLY I IMAGINE HIS COMFORT AND WISHED 
LOG (gmm-latgen-faster[5.5.1182~1-e02e3]:DecodeUtteranceLatticeFaster():decoder-wrappers.cc:375) Log-like per frame for utterance 201-127786-0056 is -8.67656 over 1230 frames.
201-127786-0068 AND THAT ON THE BRIDLE AND APPROACHING TO UNLESS THE BOTTOM OF HER DRESS TO GIVE HER HAIR 
LOG (gmm-latgen-faster[5.5.1182~1-e02e3]:DecodeUtteranceLatticeFaster():decoder-wrappers.cc:375) Log-like per frame for utterance 201-127786-0068 is -8.77879 over 464 frames.
201-127786-0076 AND GIVING OF THE TO USE OF THE REGION OF THE FREE PRESS I WORE A LIAR IT SAID THE PLATTER CAME WITH THE TAKING THE WAY FOR MY FATHER'S HOUSE THE THING THE HABITUAL HEART SHOWING HOW LONELY BEGINNING IT FALLS IT WAS NOT AN OPPOSITION TO SUPPORT OF WHEAT 
LOG (gmm-latgen-faster[5.5.1182~1-e02e3]:DecodeUtteranceLatticeFaster():decoder-wrappers.cc:375) Log-like per frame for utterance 201-127786-0076 is -8.7765 over 1516 frames.
201-127786-0081 BUT ONLY CARRIED THINGS WERE A FEELING FOR MY MASTER ME THE DISCOVERY THAT I WAS NOT A MAN AND HARD REDUCING THE SUICIDE OF MISTER DURHAM 
LOG (gmm-latgen-faster[5.5.1182~1-e02e3]:DecodeUtteranceLatticeFaster():decoder-wrappers.cc:375) Log-like per frame for utterance 201-127786-0081 is -8.69901 over 810 frames.
211-122425-0023 BRING DOWN THEY HAD BEEN WORKING WELL HE DETERMINED THEN AM YOUR MAJESTY HAVING HIMSELF ON THE CHAMPION OF A FEW TO ASIA FOR A TERRIBLE FOR PRESS IT IS MADE A CARD ALSO ANGRY 
LOG (gmm-latgen-faster[5.5.1182~1-e02e3]:DecodeUtteranceLatticeFaster():decoder-wrappers.cc:375) Log-like per frame for utterance 211-122425-0023 is -8.54402 over 1374 frames.
211-122425-0024 YOU BLINDED SHE THOUGHT OCCURRED TO HEAR OF PLATE 
LOG (gmm-latgen-faster[5.5.1182~1-e02e3]:DecodeUtteranceLatticeFaster():decoder-wrappers.cc:375) Log-like per frame for utterance 211-122425-0024 is -8.63738 over 396 frames.
211-122425-0043 A RESULT WAS ROMANIANUS IT TO CONTEMPLATE INTRODUCED AN INSTANT DEATH WOULD CLEVER ENOUGH HE HAD THE SPRING UP HER FATHER FOR A WHOM 
LOG (gmm-latgen-faster[5.5.1182~1-e02e3]:DecodeUtteranceLatticeFaster():decoder-wrappers.cc:375) Log-like per frame for utterance 211-122425-0043 is -8.75451 over 975 frames.
211-122425-0045 AN UNCERTAIN STEP FOR USE HIS ADVERSARY MADE PRETTY THINGS THAN THE TURKEY MEAN FEAT UNDER MANY WAYS IN THIS MOVEMENT THE FOUR HUNDRED EIGHTY AT FROM MORNING HE HURRIED UP AND REALIZE THAT HIS ADVERSARY AND SHELTERED 
LOG (gmm-latgen-faster[5.5.1182~1-e02e3]:DecodeUtteranceLatticeFaster():decoder-wrappers.cc:375) Log-like per frame for utterance 211-122425-0045 is -8.73609 over 1620 frames.
211-122425-0048 AND THE MOMENT THAT APARTMENT I BEG YOUR COMPANION DRIVEN THE PERSIAN DOUBTFUL AS THE COURSE I'M ONLY TO GIVE US FOR THE BEGAN TO CRY TO THE REST YOU 
LOG (gmm-latgen-faster[5.5.1182~1-e02e3]:DecodeUtteranceLatticeFaster():decoder-wrappers.cc:375) Log-like per frame for utterance 211-122425-0048 is -8.74832 over 1142 frames.
211-122425-0049 THE SURPRISED ALL WHO RAN WHAT WELL DRESSED UP AND FELL UPON THE FOUR COMPANIONS TO CONVERSE I PRAYED ALOUD TO THE REST YOU MUST HERE IS TO DESCRIBE IS GENERALLY ATTIRED 
LOG (gmm-latgen-faster[5.5.1182~1-e02e3]:DecodeUtteranceLatticeFaster():decoder-wrappers.cc:375) Log-like per frame for utterance 211-122425-0049 is -8.56107 over 1250 frames.
211-122425-0052 HASTENED TO THE SCORE OF THE COMET A MALE I BECAME GENERAL THE STRENGTH OF ALL THE FIRE THE FIGURES 
LOG (gmm-latgen-faster[5.5.1182~1-e02e3]:DecodeUtteranceLatticeFaster():decoder-wrappers.cc:375) Log-like per frame for utterance 211-122425-0052 is -8.76112 over 698 frames.
211-122425-0066 HIS RELATIVES AS THE ALREADY KNEW THERE IS ALIVE 
LOG (gmm-latgen-faster[5.5.1182~1-e02e3]:DecodeUtteranceLatticeFaster():decoder-wrappers.cc:375) Log-like per frame for utterance 211-122425-0066 is -8.61051 over 346 frames.
211-122442-0002 WHEN YOU FLAG STAFF OF THE RUSSIAN ON THEM INTO THE MEANTIME BUCKINGHAM PROPHET AND PERHAPS HE TO THE BARS THE PATIO AND WRITE LETTERS FROM THE AFTER CLEANING THE DEBRIS 
LOG (gmm-latgen-faster[5.5.1182~1-e02e3]:DecodeUtteranceLatticeFaster():decoder-wrappers.cc:375) Log-like per frame for utterance 211-122442-0002 is -8.59027 over 1237 frames.
211-122442-0003 THE ONE OF COMMONS THAT FELL TO THE MEANEST LUCK THAT I MEAN THE FADED THE NIGHT HE KNEW AND ALTHOUGH I HAVE PITY FOR HIM INTO MY POCKET 
LOG (gmm-latgen-faster[5.5.1182~1-e02e3]:DecodeUtteranceLatticeFaster():decoder-wrappers.cc:375) Log-like per frame for utterance 211-122442-0003 is -8.38571 over 1012 frames.
211-122442-0011 EXACTLY BUT IT IS NOT LESS TROUBLED FOR SUCH KIND ENOUGH WET CONDITION OF HOW VERY OFTEN HAVE DONE MY FRIEND FAR FROM ONE 
LOG (gmm-latgen-faster[5.5.1182~1-e02e3]:DecodeUtteranceLatticeFaster():decoder-wrappers.cc:375) Log-like per frame for utterance 211-122442-0011 is -8.46009 over 900 frames.
211-122442-0021 THAT COMMUNION TENDERNESS TO GO OUT WITH US THE KING'S AUTHORITY MERCER THAT THE LATTER MADE FOR A PINE FRIEND THE FAIRY TALES AND AMAZEMENT FILLED OBLIGE NOT ONLY TO STOP TO ENTER INTO CONVERSATION WITH HIM 
LOG (gmm-latgen-faster[5.5.1182~1-e02e3]:DecodeUtteranceLatticeFaster():decoder-wrappers.cc:375) Log-like per frame for utterance 211-122442-0021 is -8.59278 over 1470 frames.
211-122442-0029 BUT MY FRIEND SOUNDING MUSIC AND HAPPINESS 
LOG (gmm-latgen-faster[5.5.1182~1-e02e3]:DecodeUtteranceLatticeFaster():decoder-wrappers.cc:375) Log-like per frame for utterance 211-122442-0029 is -8.59721 over 403 frames.
211-122442-0032 SO TRIFLING INDEED THE DOOR CAME INTO THE PRECEDED ME MORE THAN HE HAD A MOMENTARY SHAPE WHICH AN INSTANT BEFORE HAD DARTED A COUNTENANCE THAT MORNING IN PART MAY YET THE TEMPLE FOR SUPPORTING NOTHING NOW 
LOG (gmm-latgen-faster[5.5.1182~1-e02e3]:DecodeUtteranceLatticeFaster():decoder-wrappers.cc:375) Log-like per frame for utterance 211-122442-0032 is -8.78639 over 1439 frames.
211-122442-0048 I HAD GIVEN THE MATCH TO EARLY LITTLE 
LOG (gmm-latgen-faster[5.5.1182~1-e02e3]:DecodeUtteranceLatticeFaster():decoder-wrappers.cc:375) Log-like per frame for utterance 211-122442-0048 is -8.38847 over 352 frames.
211-122442-0078 BUT I HAD SEEN BY FLAT WHITE SHAPE OF THE MAN 
LOG (gmm-latgen-faster[5.5.1182~1-e02e3]:DecodeUtteranceLatticeFaster():decoder-wrappers.cc:375) Log-like per frame for utterance 211-122442-0078 is -8.51355 over 447 frames.
226-122538-0006 THAT SHE WAS GOING TO HIM SHE KNEW THAT SHE THOUGHT BITTERLY UNABLE TO REACH HOW OR WHAT WAY FOR GOING TO BE MANAGED TO THAT IT WAS THE COMPLICATED PROBLEM HER COMMON SENSE TOLD HER 
LOG (gmm-latgen-faster[5.5.1182~1-e02e3]:DecodeUtteranceLatticeFaster():decoder-wrappers.cc:375) Log-like per frame for utterance 226-122538-0006 is -8.25316 over 1374 frames.
226-122538-0017 HERE YOU HADN'T VERY WELL FOR ME THOUGH NEVER MIND THE CHANGE COPIED MOMENTS MUCH EXCITED THAT THE PRICE THAN BY THE TREE MOVED ON AN THE PORTER'S GOOD LOOKING AFTER WHICH YEARS IN HIS EYES 
LOG (gmm-latgen-faster[5.5.1182~1-e02e3]:DecodeUtteranceLatticeFaster():decoder-wrappers.cc:375) Log-like per frame for utterance 226-122538-0017 is -8.27046 over 1514 frames.
226-122538-0018 OVER THE FIRST HALF CROWN HE HAD SAT HIMSELF MILK HANG LAID AND IS NOW AS HE POCKETED THE SECOND HE ADDED THE OTHER TWO THINGS MENTIONED BY THE PERCHED ON HER STOOL AND JERRY IN HIS HEART GLOBE 
LOG (gmm-latgen-faster[5.5.1182~1-e02e3]:DecodeUtteranceLatticeFaster():decoder-wrappers.cc:375) Log-like per frame for utterance 226-122538-0018 is -8.44909 over 1450 frames.
226-122538-0029 DON'T WANT HIM TO BREAK EVERY POSSIBLE WOOLEN REGULATION WENT EACH TIME TO BE THE FIRST PERSON IN FRONT ROLL REALLY THE PATIENT IN GREAT NUMBER OF RAILWAY OFFICIAL SHOULD TEACH THE REST OF MANKIND CLASS IN THE DOCTOR POPPING OF THE TIME 
LOG (gmm-latgen-faster[5.5.1182~1-e02e3]:DecodeUtteranceLatticeFaster():decoder-wrappers.cc:375) Log-like per frame for utterance 226-122538-0029 is -8.50111 over 1579 frames.
226-131532-0011 HE RAN TO PERFORM I BEEN EXACTLY RETURNED WITH HIS MOTHER A LOVELY SHE LOOKED WITH HER DARTED THROUGH LIFE SPRINGING IN LIKE SENTRIES HER FOR SHE SIGHED THE FOX HUNTER HAVING TREATED WITH SMILES 
LOG (gmm-latgen-faster[5.5.1182~1-e02e3]:DecodeUtteranceLatticeFaster():decoder-wrappers.cc:375) Log-like per frame for utterance 226-131532-0011 is -8.35895 over 1402 frames.
226-131532-0013 WELL THE SUMMER HOME WITH THE CITY AND MOTHER IT COST A NEW DEVICES SMILED I AM LIKELY TO THE GOODS THE PEOPLE AND IF HE PLEASED TO TAKE IT IN PRISON AT YOUR MEASURE 
LOG (gmm-latgen-faster[5.5.1182~1-e02e3]:DecodeUtteranceLatticeFaster():decoder-wrappers.cc:375) Log-like per frame for utterance 226-131532-0013 is -8.39114 over 1172 frames.
226-131532-0017 BUT STILL I SAID NOTHING CAN DOUBLE AND SHE TURNED TO BE NO REPLY UNTIL IN PASSING THE MONSTROSITY THAT I HAD BROUGHT HER SON ME SINCE IN MASSES HIS NAME 
LOG (gmm-latgen-faster[5.5.1182~1-e02e3]:DecodeUtteranceLatticeFaster():decoder-wrappers.cc:375) Log-like per frame for utterance 226-131532-0017 is -8.38811 over 1085 frames.
226-131532-0023 I NEVER GO OVER WITH ME TO THE PEOPLE NECESSITY EVERY HUMAN I HAVE JUST NOW SAID YOU SHE EARNESTLY ADDED TO DO YOUR HANDS TEARING ITS KIND THIS HOUSE THE HONEY IS A MILE NAME SOUNDED IN HER MOUTH 
LOG (gmm-latgen-faster[5.5.1182~1-e02e3]:DecodeUtteranceLatticeFaster():decoder-wrappers.cc:375) Log-like per frame for utterance 226-131532-0023 is -8.19543 over 1479 frames.
226-131532-0026 BUT THERE WHEN THE TRAP OF HORSES OF SELL MY EAR AND DROVE THE STILLNESS OF THE DUKE REMAIN AND LOOKING TOWARDS THE QUEEN I SAW HER SOLITARY QUESTION YOU CANNOT ENTIRELY TO JUST AS A WISE 
LOG (gmm-latgen-faster[5.5.1182~1-e02e3]:DecodeUtteranceLatticeFaster():decoder-wrappers.cc:375) Log-like per frame for utterance 226-131532-0026 is -8.37972 over 1453 frames.
226-131533-0023 WITH HIS HANDS PASS UPON IT HAD I HAVE BEEN EASY I SAID FOR AN APOLOGY WAS EVIDENTLY DEMAND IT IS THE TURKEYS THESE PERVERSE EVERY THE BEST YOU KNOW I THINKING HIM I HATE 
LOG (gmm-latgen-faster[5.5.1182~1-e02e3]:DecodeUtteranceLatticeFaster():decoder-wrappers.cc:375) Log-like per frame for utterance 226-131533-0023 is -8.20366 over 1445 frames.
226-131533-0036 DIAMOND SEEKER TO FANCY TO HER THAT WAS CERTAIN WELL WHAT TO SAY HOW TO HAVE I HAVE NO BAFFLING IDEAL 
LOG (gmm-latgen-faster[5.5.1182~1-e02e3]:DecodeUtteranceLatticeFaster():decoder-wrappers.cc:375) Log-like per frame for utterance 226-131533-0036 is -8.2238 over 862 frames.
229-130880-0011 THE SEEDS OF TIME OF JAPAN POSSIBLE SEIZED SOUND OF THE UNITED STATES THE GULF UPON MIND OF KELLS FOR THAT THIS OR SOME ON THE SUCH FISHING GREATEST RICHES REWARDS NO DOUBT WOULD BE WRITING TO THE DOORWAY 
LOG (gmm-latgen-faster[5.5.1182~1-e02e3]:DecodeUtteranceLatticeFaster():decoder-wrappers.cc:375) Log-like per frame for utterance 229-130880-0011 is -8.55422 over 1600 frames.
229-130880-0052 TO ALL SMILES JENKINS AND SAW THEMSELVES QUICKLY ALL THOSE THE SECRET MOTHER FOR ANOTHER WORD THAT BLEW THE AZURE VIOLENT OR TWICE A SENSE 
LOG (gmm-latgen-faster[5.5.1182~1-e02e3]:DecodeUtteranceLatticeFaster():decoder-wrappers.cc:375) Log-like per frame for utterance 229-130880-0052 is -8.27353 over 1451 frames.
229-130880-0062 THE FIRST THE REMOVAL OR SOME OTHER WORLD WHICH I KNOW ANY MINISTER BY THE NAMES LEGITIMATE SOLDIER AS ARE QUITE WORN FASTENED BLACK 
LOG (gmm-latgen-faster[5.5.1182~1-e02e3]:DecodeUtteranceLatticeFaster():decoder-wrappers.cc:375) Log-like per frame for utterance 229-130880-0062 is -8.58169 over 976 frames.
229-130880-0091 OPENING THE BOY A WORD ABOUT THE HARDENED HOUSES AND SEE SO THAT FURNISH HIM OH YES PRECISELY AND THE WATER IN THE WATER THE GODS JUST INDEED THE HARP HOME 
LOG (gmm-latgen-faster[5.5.1182~1-e02e3]:DecodeUtteranceLatticeFaster():decoder-wrappers.cc:375) Log-like per frame for utterance 229-130880-0091 is -8.13027 over 1554 frames.
233-134440-0004 WHO HAD BEEN FOR YOU KNOW MYSTERY HAD REGARD TO THE BEAST IN HIS CAGE BIRDS LIKEWISE WILLIAMS SUICIDE OF THE ASSISTANT ON THEIR PIECES OF THE POOL I DON'T WANT 
LOG (gmm-latgen-faster[5.5.1182~1-e02e3]:DecodeUtteranceLatticeFaster():decoder-wrappers.cc:375) Log-like per frame for utterance 233-134440-0004 is -7.96894 over 1392 frames.
233-134440-0005 SITTING ON THE PRESERVATION OF SOME REMAINING AT HIS FORCES OPPOSED TO THE NIGHT WATCH WILLIAMS BUT LEOPOLD RETURNED WITH COVERED WITH THE EVERYTHING IN TOWN HIS EARTH WAS MENACE 
LOG (gmm-latgen-faster[5.5.1182~1-e02e3]:DecodeUtteranceLatticeFaster():decoder-wrappers.cc:375) Log-like per frame for utterance 233-134440-0005 is -7.99986 over 1541 frames.
233-134440-0007 HE TOOK CARE OF HIS HANDS HIS FINGERS WERE FAST COULD DO SOMETHING SAID TO SUCH A PLEA OF HEAVILY MY TAIL BY MEANS AMONG THEM WHOEVER APPROACHES HIM A YOUTH 
LOG (gmm-latgen-faster[5.5.1182~1-e02e3]:DecodeUtteranceLatticeFaster():decoder-wrappers.cc:375) Log-like per frame for utterance 233-134440-0007 is -7.95016 over 1366 frames.
233-134440-0031 INTO MY SOUL YOU TALK ABOUT YESTERDAY OVER THEIR OWN GOOD BYE TO A VERY SEVERE AND BOTH HOUSES MAY RETURN MY WIFE WAS DEAD FOR SHE MADE ME 
LOG (gmm-latgen-faster[5.5.1182~1-e02e3]:DecodeUtteranceLatticeFaster():decoder-wrappers.cc:375) Log-like per frame for utterance 233-134440-0031 is -8.04946 over 1429 frames.
233-134440-0049 AND KISSED HER SHOE MADE MANY ANGLO IRISH IN ONE HAND OVER A LITTLE WHITE FACE AND TREMBLE WITH AVIDITY TO THE LIFE 
LOG (gmm-latgen-faster[5.5.1182~1-e02e3]:DecodeUtteranceLatticeFaster():decoder-wrappers.cc:375) Log-like per frame for utterance 233-134440-0049 is -7.87511 over 1294 frames.
233-155990-0009 ENOUGH TO INFRINGE THE NATIONAL RESPONSIBILITY OF JUSTICE AMONG THE GREAT CIVILIZED NATIONS DURING THE PATH OF GREASE OR FORCE WARRIORS THERE HAS BEEN OF THE OAK GROVE OF RECREATION IN THE FIGHT 
LOG (gmm-latgen-faster[5.5.1182~1-e02e3]:DecodeUtteranceLatticeFaster():decoder-wrappers.cc:375) Log-like per frame for utterance 233-155990-0009 is -8.44019 over 1276 frames.
233-155990-0012 FRANCE FALSELY UPON THE JUDGE TO THE PLACE MEN AND COMPLETE ABSENCE OF THE PLACE MEN AND MOST AND THE ABSENCE OF THE JORDAN AND THE NATIONAL AFFAIRS OF PENNSYLVANIA THE AT ANY REAL A MOLDY 
LOG (gmm-latgen-faster[5.5.1182~1-e02e3]:DecodeUtteranceLatticeFaster():decoder-wrappers.cc:375) Log-like per frame for utterance 233-155990-0012 is -8.5409 over 1373 frames.
233-155990-0024 BECAUSE IT IS EXPENSIVE THIS IS PRECISELY WHAT ARE DOING NOW WE SHOULD DESCEND THE POLICE AND VOTE OR SOLD AGINT PURSUING CRIMINALS 
LOG (gmm-latgen-faster[5.5.1182~1-e02e3]:DecodeUtteranceLatticeFaster():decoder-wrappers.cc:375) Log-like per frame for utterance 233-155990-0024 is -8.51059 over 1005 frames.
233-155990-0037 AND THE MIGHTY FOR A DOZEN YEARS OF GERMANS THE FIGURES OF THE BIGOTRY TYRANNY AND CRUEL VILLAGES AND TOWNS WERE SAGES FLOURISHED IN THE SEVENTH CENTURY THE ENTIRE SYSTEM A SLAVE TRADE 
LOG (gmm-latgen-faster[5.5.1182~1-e02e3]:DecodeUtteranceLatticeFaster():decoder-wrappers.cc:375) Log-like per frame for utterance 233-155990-0037 is -8.62345 over 1320 frames.
233-155990-0041 THE CESSATION OF THE POND IN THE NAVY AND PROMISED TO MAKE UPON THE CHIEF ALL MATTERS INCLUDING THE IS AFFECTING THE NATIONAL AND JUST AN HONOUR WITH ALL FOUR NATIONS THIS REASON WHY DO NO HARM 
LOG (gmm-latgen-faster[5.5.1182~1-e02e3]:DecodeUtteranceLatticeFaster():decoder-wrappers.cc:375) Log-like per frame for utterance 233-155990-0041 is -8.39422 over 1378 frames.
233-155990-0045 IT IS NOT EASY TO PAY ANY VAIN THE USE THEIR HOME IN SAFETY OF THE BRAVE MAN TO PAY BLIND AND CAUSED THEM TO PAY SAME FAVOR FOR A PATROL IS THE NORTH POLICY IS OUT TO GO WITH A SENSE 
LOG (gmm-latgen-faster[5.5.1182~1-e02e3]:DecodeUtteranceLatticeFaster():decoder-wrappers.cc:375) Log-like per frame for utterance 233-155990-0045 is -8.41924 over 1649 frames.
248-130644-0006 THAT SHE WAS TO NARRATE SOME TIME OR OTHER SHE WOULD HAVE FALLEN LIGHT'S LIVID HAND AFTER MARRIED WITHOUT THE MIDDLING KIND SENSES MUST PRESERVE CONTENTED WITH SHE FELT LIKE THE KHAN OF ARGUMENT TO BE SURE 
LOG (gmm-latgen-faster[5.5.1182~1-e02e3]:DecodeUtteranceLatticeFaster():decoder-wrappers.cc:375) Log-like per frame for utterance 248-130644-0006 is -8.43798 over 1502 frames.
248-130644-0013 AND HAVING LIVED ALONE HITHER AND OTHER SIDE AND THESE SHIPS OF WHICH YOU WILL WAS PRESENT IT WAS NOT BE SO WITH HER SHE WOULD NO LONGER BE SACRIFICE TWO TEACHERS WERE LESS THAN HERSELF 
LOG (gmm-latgen-faster[5.5.1182~1-e02e3]:DecodeUtteranceLatticeFaster():decoder-wrappers.cc:375) Log-like per frame for utterance 248-130644-0013 is -8.44788 over 1266 frames.
248-130644-0014 BUT WHAT MADE THE VERY BEST OF A CHANCE OF THE LIFE OFFER HER AND OTHER CIRCUMSTANCES BY HER EXCEPTIONAL CLEVERNESS 
LOG (gmm-latgen-faster[5.5.1182~1-e02e3]:DecodeUtteranceLatticeFaster():decoder-wrappers.cc:375) Log-like per frame for utterance 248-130644-0014 is -8.45498 over 751 frames.
248-130644-0016 SHE FELT WELL EQUIPPED WITH A VAST REPLIED WITH REGARD TO MY CHILDHOOD NOT HITHERTO SHE FELT HERSELF FROM THEIR PARTY THOUGH WITH A DESPERATE EDUCATION SHE WAS EVIDENT THAT THEY HAD LEFT HER TENDER NOTICE OF APPETITES 
LOG (gmm-latgen-faster[5.5.1182~1-e02e3]:DecodeUtteranceLatticeFaster():decoder-wrappers.cc:375) Log-like per frame for utterance 248-130644-0016 is -8.43007 over 1522 frames.
248-130644-0018 WHO REMAINED OF ALL THESE NOBLE SHE WAS CONSCIOUS OF BEING SUFFICIENTLY ACQUAINTED WITH YOUR NOVELS PLACED UPON US ABOUT HER FRIENDS IN MUSIC THE TWO JUSTIFYING CONSCIOUSNESS OF THE YOUNG LADY SHE FELT NO GROUNDS FOR ANYTHING ELSE 
LOG (gmm-latgen-faster[5.5.1182~1-e02e3]:DecodeUtteranceLatticeFaster():decoder-wrappers.cc:375) Log-like per frame for utterance 248-130644-0018 is -8.45603 over 1556 frames.
248-130652-0007 AND CHORAL TO FIND HIS FACE HER HALF A MANNER AND AND THAT FELL TO LAY DOWN HIS GUARD WELL ENOUGH TO THE COMMONS HAD SHOVED OFF CONSTANCE CHANNING A FAVORITE CHRISTENED HALF FLOUR GRAVY WATCHING FACTS 
LOG (gmm-latgen-faster[5.5.1182~1-e02e3]:DecodeUtteranceLatticeFaster():decoder-wrappers.cc:375) Log-like per frame for utterance 248-130652-0007 is -8.32027 over 1504 frames.
248-130652-0015 THEN THERE MUST HOLD SUDDENLY THE FOUR HUNDRED CASH AT SEA AND ALMOST RATHER MORE I DID NOT REMARKED FRANK FOR AFTER A WHILE WITH IT PASSED CLOSE 
LOG (gmm-latgen-faster[5.5.1182~1-e02e3]:DecodeUtteranceLatticeFaster():decoder-wrappers.cc:375) Log-like per frame for utterance 248-130652-0015 is -8.183 over 1308 frames.
248-130652-0024 AND THEN HE SAID THAT THE VOICE OF REMONSTRANCE COULD DIVE AGAIN FOR AFTER YOUR SERIOUSLY OF WINDY AND FUTURE CONVULSIVELY INTO MY SPARE YOU ARE DORMITORY I KNOW WHAT I AM GOING TO DO 
LOG (gmm-latgen-faster[5.5.1182~1-e02e3]:DecodeUtteranceLatticeFaster():decoder-wrappers.cc:375) Log-like per frame for utterance 248-130652-0024 is -8.29475 over 1610 frames.
248-130697-0001 HE SAID THE PALACE OF TRYING HIS BEING LIFE AND TRY TO START ON TRYING TO SPEAK AND MUST ROBBED WITHOUT REFERENCE TO KIND FOLK BE MADE IN DARKNESS 
LOG (gmm-latgen-faster[5.5.1182~1-e02e3]:DecodeUtteranceLatticeFaster():decoder-wrappers.cc:375) Log-like per frame for utterance 248-130697-0001 is -8.34758 over 1121 frames.
248-130697-0002 AND THE UNIVERSE QUIVER EVERY HOPE I KNOWN OR MORE IN THE EVENING SHE SENT FOR HIM AGAIN HE WAS ALREADY KNEW THE POWER WHICH SHE HAD BEEN WRITING FANCY THE EVENING BEFORE 
LOG (gmm-latgen-faster[5.5.1182~1-e02e3]:DecodeUtteranceLatticeFaster():decoder-wrappers.cc:375) Log-like per frame for utterance 248-130697-0002 is -7.88666 over 1523 frames.
248-130697-0003 AND THE LIGHT WAS ENDUED ENOUGH WITH BLIND STRONG HOPE AND WINDOWS OPENED TO SEE THE GAZING FAITHFULLY AND SEE DRESSING HER CHEEK ON HER HAND LOOK IN THE SHATTERED SUN WENT WELL AFTER THE WITH THE DEEP MELANCHOLY IN HER EXPRESSION 
LOG (gmm-latgen-faster[5.5.1182~1-e02e3]:DecodeUtteranceLatticeFaster():decoder-wrappers.cc:375) Log-like per frame for utterance 248-130697-0003 is -8.23586 over 1618 frames.
250-140277-0002 THE SEAMEN AND MADE OF SPIRITUAL WHITE THEM TO GATHER THE PIOUS PURPOSES NOW THEN ADDED TO PROVIDE HIM TO SOME OF ANTI PRUSSIAN 
LOG (gmm-latgen-faster[5.5.1182~1-e02e3]:DecodeUtteranceLatticeFaster():decoder-wrappers.cc:375) Log-like per frame for utterance 250-140277-0002 is -8.38512 over 992 frames.
250-140277-0010 AND BERRIES TO WORK IN PSYCHOLOGY THE ARTISTIC BOTTOM OF SUCCESS IN THESE INVESTIGATION TO THE PRACTICAL INCHES FOR EVERY MAN WHO DESIRED TO BE THE CAPTAIN OF HIS SOUL 
LOG (gmm-latgen-faster[5.5.1182~1-e02e3]:DecodeUtteranceLatticeFaster():decoder-wrappers.cc:375) Log-like per frame for utterance 250-140277-0010 is -8.37736 over 1162 frames.
250-142276-0025 SHE FELT A YOWLING HER LIKE BUT INSTEAD OF THE FRAGRANCE PECULIAR TO GET OUR CAMP RIGHT COMMAND INTO THE PLUME STOOD LIKE A SINGLE CUTTING THE WHILE FREEING OF LIVING CREATURES TRAVELING IN SUNSHINE 
LOG (gmm-latgen-faster[5.5.1182~1-e02e3]:DecodeUtteranceLatticeFaster():decoder-wrappers.cc:375) Log-like per frame for utterance 250-142276-0025 is -8.71893 over 1556 frames.
250-142276-0051 ONCE OR TWICE A LARGE FOX ON THE COUNTRY COUNTING THE REPETITION OF PERMANENCE AND TOSS YOU BLINDED SHE MIGHT OBJECT TO CONSTANCE TOUCHING THE REPUTE OF HER HEART AND ASKED HER FREDERICK WAS NOW 
LOG (gmm-latgen-faster[5.5.1182~1-e02e3]:DecodeUtteranceLatticeFaster():decoder-wrappers.cc:375) Log-like per frame for utterance 250-142276-0051 is -8.78976 over 1443 frames.
250-142286-0007 MOST SPORTING WAS NOT WILL NOT GIVEN TO EVERYTHING WORKED WITH A JUDGMENT AND RESOLUTIONS WERE TURNED ITS REMEDY OF LONG ARGUMENTS AND DISTRESSES WITH HERSELF SHE SPOKE INSTINCTIVELY THE NODDED ASSENT AND READY TO VENTURE HER SUSPICIOUSLY 
LOG (gmm-latgen-faster[5.5.1182~1-e02e3]:DecodeUtteranceLatticeFaster():decoder-wrappers.cc:375) Log-like per frame for utterance 250-142286-0007 is -8.61516 over 1616 frames.
250-142286-0017 BUT THE WHOLE ALTERCATION BETWEEN HER SON CATERPILLAR COULD NOT APPLIANCES THOUGH MORE FAVORABLY TOWARDS THE SCALES THE JEALOUS HEART THE HIDDEN POWERS QUESTION 
LOG (gmm-latgen-faster[5.5.1182~1-e02e3]:DecodeUtteranceLatticeFaster():decoder-wrappers.cc:375) Log-like per frame for utterance 250-142286-0017 is -8.52641 over 1135 frames.
250-142286-0027 WHEN I REQUIRE MORE HAD NOT THE WORDS READY FOR AN INDISCRETION MUCH TROUBLE BY SURPRISE SO AS THOUGH SHE REPLIED 
LOG (gmm-latgen-faster[5.5.1182~1-e02e3]:DecodeUtteranceLatticeFaster():decoder-wrappers.cc:375) Log-like per frame for utterance 250-142286-0027 is -8.35945 over 997 frames.
26-495-0001 HE WAS ABOUT THE BEGINNINGS OF SEPTEMBER SIXTEEN SIXTY FOUR THAT I COME AND DRESSED MY NEIGHBORS HEARD IN THE ORDINARY DISCOURSE THAT THE PLAGUE WAS LITTERED AGAIN AND HOLLAND 
LOG (gmm-latgen-faster[5.5.1182~1-e02e3]:DecodeUtteranceLatticeFaster():decoder-wrappers.cc:375) Log-like per frame for utterance 26-495-0001 is -8.66622 over 1348 frames.
26-495-0035 I NEVER COULD CONTINUED VERY EASY BUT SAID THE OTHER END OF THE TOWN THE TRANSFORMATION WAS VERY GREAT AND RICHNESS OF THE PEOPLE ESPECIALLY THE NOBILITY OF GENTRY AND WHISPERED SUBSIDY 
LOG (gmm-latgen-faster[5.5.1182~1-e02e3]:DecodeUtteranceLatticeFaster():decoder-wrappers.cc:375) Log-like per frame for utterance 26-495-0035 is -8.72426 over 1424 frames.
26-495-0041 TO DAY PASSES IN CERTIFICATES OF HOLES FOR SUCH SCRUBBED UPRIGHT FOR WITHOUT THESE THERE WAS NO BE DONE BUT IT PASSED THROUGH THE POWERS BY THE ROBE WERE TWINED COMMUNION 
LOG (gmm-latgen-faster[5.5.1182~1-e02e3]:DecodeUtteranceLatticeFaster():decoder-wrappers.cc:375) Log-like per frame for utterance 26-495-0041 is -8.64812 over 1284 frames.
26-495-0082 IN HIM WELL I TRUST SHORTLY HE SHOWED EVERY DAY FROM THIS MANNER OF THE FLOUR AND FROM THE NOISE AND CASTLES BE SHOWN COVERED THE WITH HIS BROTHERS AND UNDER HIS WINGS AND SHOWED ABOUT FIRST 
LOG (gmm-latgen-faster[5.5.1182~1-e02e3]:DecodeUtteranceLatticeFaster():decoder-wrappers.cc:375) Log-like per frame for utterance 26-495-0082 is -8.66931 over 1558 frames.
26-495-0090 AS WITH A DOUBLE AND WAS MUCH REFRESHED THE APPREHENSIONS OF ITS BEING THE AFFECTION AND ALSO QUITE AWAY WITH MY ILLNESS AND I WENT ABOUT MY BUSINESS AS USUAL 
LOG (gmm-latgen-faster[5.5.1182~1-e02e3]:DecodeUtteranceLatticeFaster():decoder-wrappers.cc:375) Log-like per frame for utterance 26-495-0090 is -8.61892 over 1476 frames.
27-123349-0021 LOKI'S HOUSE WENT ON THE CONTINENT PHYSICAL ONE HE LEARNED HE HAD BEEN THE PRIDE OF HIS HOME AND OF HIS FRIEND THE FATHER TALL OR EVEN NOTICE 
LOG (gmm-latgen-faster[5.5.1182~1-e02e3]:DecodeUtteranceLatticeFaster():decoder-wrappers.cc:375) Log-like per frame for utterance 27-123349-0021 is -8.47755 over 948 frames.
27-123349-0040 AT THE HOUSE OF MYSELF UNABLE ADMINISTRATION OF THE NIGHT OF PROVINCES WAS CONDUCTED BY FIVE DISTANT FOREST OF THAT MUST SEE ONE OF THOSE FOUR TO SAY THAT ACTS OF THEM WHISPERED DENOMINATED BY THE AUTHORITY SO THAT CITY 
LOG (gmm-latgen-faster[5.5.1182~1-e02e3]:DecodeUtteranceLatticeFaster():decoder-wrappers.cc:375) Log-like per frame for utterance 27-123349-0040 is -8.43474 over 1513 frames.
27-123349-0052 AFTER INDUCING THREE DAYS SAILED AWAY DISPLAY WAS FULL OF DANGER IT WOULD SPEEDILY KNOWN THAT THE TEMPORAL THAT THE BUNDLES OR PERHAPS WHICH AT ALL THESE SHOES WERE ASLEEP IN MOTION 
LOG (gmm-latgen-faster[5.5.1182~1-e02e3]:DecodeUtteranceLatticeFaster():decoder-wrappers.cc:375) Log-like per frame for utterance 27-123349-0052 is -8.32951 over 1327 frames.
27-124992-0002 SAW BY HIS THRONE IN THINKING THAT HE WOULD REVENGE HIMSELF OF ALMOST ENGINES 
LOG (gmm-latgen-faster[5.5.1182~1-e02e3]:DecodeUtteranceLatticeFaster():decoder-wrappers.cc:375) Log-like per frame for utterance 27-124992-0002 is -8.28964 over 597 frames.
27-124992-0008 WITH ALL PROVISIONS SUFFICIENT FOR THE ARMIES AN ABUNDANCE AND HEARD OF FLOTSAM AND FOX THE SHEEP 
LOG (gmm-latgen-faster[5.5.1182~1-e02e3]:DecodeUtteranceLatticeFaster():decoder-wrappers.cc:375) Log-like per frame for utterance 27-124992-0008 is -8.33869 over 692 frames.
27-124992-0009 WITH PARENTS AND HORSEMAN AND ORPHEUS 
LOG (gmm-latgen-faster[5.5.1182~1-e02e3]:DecodeUtteranceLatticeFaster():decoder-wrappers.cc:375) Log-like per frame for utterance 27-124992-0009 is -8.32075 over 333 frames.
27-124992-0028 LEST HE SHOULD DESCEND TO JERUSALEM AND THE TEMPLE OF THE WATER 
LOG (gmm-latgen-faster[5.5.1182~1-e02e3]:DecodeUtteranceLatticeFaster():decoder-wrappers.cc:375) Log-like per frame for utterance 27-124992-0028 is -8.45877 over 404 frames.
27-124992-0032 AND THE CAUSE TO WATCH OVER TO LIVE PROSTRATE BEFORE THE TEMPLE OF LORD 
LOG (gmm-latgen-faster[5.5.1182~1-e02e3]:DecodeUtteranceLatticeFaster():decoder-wrappers.cc:375) Log-like per frame for utterance 27-124992-0032 is -8.46472 over 464 frames.
27-124992-0049 FROM DIFFERENT PLACES WHERE IN THE WERE SCATTERED THEY ARE CALLED TOGETHER 
LOG (gmm-latgen-faster[5.5.1182~1-e02e3]:DecodeUtteranceLatticeFaster():decoder-wrappers.cc:375) Log-like per frame for utterance 27-124992-0049 is -8.40112 over 464 frames.
27-124992-0056 WHEN THEY HAD LEFT OFF SPEAKING THE COFFIN YES BE NO VIOLENT PASSION 
LOG (gmm-latgen-faster[5.5.1182~1-e02e3]:DecodeUtteranceLatticeFaster():decoder-wrappers.cc:375) Log-like per frame for utterance 27-124992-0056 is -8.30606 over 522 frames.
27-124992-0075 THE CHURCH THAT IS THIS IN THE BOTTOM WERE PLACED WITH A MATTER PRAYER TOO IF CHAPTER SEVEN O'CLOCK FROM US THE SIEGE OF THE STUDIO 
LOG (gmm-latgen-faster[5.5.1182~1-e02e3]:DecodeUtteranceLatticeFaster():decoder-wrappers.cc:375) Log-like per frame for utterance 27-124992-0075 is -7.85932 over 1295 frames.
32-21625-0009 OF COURSE YOUR MONEY MIGHT BE ABLE TO SWIM AS WELL AS YOU IT MAY BE YOU THINK TWICE OR EVEN THREE TIMES BEFORE YOU AND PROWL INFERIOR TO CALL FOR A FEW HAD ENORMOUS STRONG A SHARP TEETH 
LOG (gmm-latgen-faster[5.5.1182~1-e02e3]:DecodeUtteranceLatticeFaster():decoder-wrappers.cc:375) Log-like per frame for utterance 32-21625-0009 is -8.6028 over 1375 frames.
32-21631-0008 HE TOO MANY TITLES WELL WELL BROUGHT THE BEAVER MURMURED AS HE SAID IT ASKED MISTER PROTESTED THE MUD TURTLE AND RECTITUDE MORE NAMES 
LOG (gmm-latgen-faster[5.5.1182~1-e02e3]:DecodeUtteranceLatticeFaster():decoder-wrappers.cc:375) Log-like per frame for utterance 32-21631-0008 is -8.71908 over 1183 frames.
32-21634-0016 THE SIGN ATHENAEUM HUNTING IN FISHING NET OF THE SPOT IT MEANS THAT NO ONE INSIDE THE DREAM IS GOING BACK ON CONDITION DISMEMBERMENT 
LOG (gmm-latgen-faster[5.5.1182~1-e02e3]:DecodeUtteranceLatticeFaster():decoder-wrappers.cc:375) Log-like per frame for utterance 32-21634-0016 is -8.9012 over 889 frames.
32-4137-0038 YES OR TRUST AND JERRY AS WHITE FIGURES FROM HIS EYES FIXED UPON HIS POCKET THE BOAT SAIL AND HANDED IT JOHNSON OF THE SAME TIME SAYING 
LOG (gmm-latgen-faster[5.5.1182~1-e02e3]:DecodeUtteranceLatticeFaster():decoder-wrappers.cc:375) Log-like per frame for utterance 32-4137-0038 is -8.48285 over 1127 frames.
32-4137-0040 THE NEXT MORNING AS THE PASSENGERS RESEMBLING A BREAKFAST LANDS AND A COMMON CAUSE OF THE VESSEL ANCESTOR SEABRIGHT HIM ABOUT WITH A PARTOOK OF MASTERS OR JERRY WAS UNDER HIS PAYMASTERS STATEROOM WHEN HIS BOOTS 
LOG (gmm-latgen-faster[5.5.1182~1-e02e3]:DecodeUtteranceLatticeFaster():decoder-wrappers.cc:375) Log-like per frame for utterance 32-4137-0040 is -8.77273 over 1481 frames.
32-4137-0044 TILL OLD PARSON STABLES AND CYMBALS CABIN HALF DOZEN AND FIND IT CAUGHT HIM ON THE PISTOLS BOY MUST ALL AND CONFUSION TABLES IS WHAT MAY BE SEEN IT ALMOST IN A PRIME MINISTER FOR THEM FOR A WHILE ATTACHES 
LOG (gmm-latgen-faster[5.5.1182~1-e02e3]:DecodeUtteranceLatticeFaster():decoder-wrappers.cc:375) Log-like per frame for utterance 32-4137-0044 is -8.86882 over 1551 frames.
32-4137-0057 THE MANTEL SUCH A TREE OF HIS SOUL AWAY RECEIVE YOU HAVE SURVEYED THE COURSE OF ROME SLAVE TRADE THERE IS ALIVE QUICK SOME LIKE HAIRS ONE OF US MIGHT WHICH SOON HOUR LATE 
LOG (gmm-latgen-faster[5.5.1182~1-e02e3]:DecodeUtteranceLatticeFaster():decoder-wrappers.cc:375) Log-like per frame for utterance 32-4137-0057 is -8.45695 over 1472 frames.
39-121914-0006 HE SAID HAD HAVING PROMISED OF HAPPINESS FOR HIS FRIEND MISTER WILSON WITH A MAN HAVE BEEN EXCEPTIONABLE PART TOO EASY FORTUNE SYLLABLE EACH ONE PLEASANT MENACE 
LOG (gmm-latgen-faster[5.5.1182~1-e02e3]:DecodeUtteranceLatticeFaster():decoder-wrappers.cc:375) Log-like per frame for utterance 39-121914-0006 is -8.4821 over 1265 frames.
39-121915-0005 THIS IS LESS THAN LIGHT THEREFORE MORE IN A FISHING THAT HAS BEEN ONE WARM HEARTED AND SEE TIMBER MADE SOMETHING TO EVERYTHING TO TO HER IN RETURN FOR THE GREAT GOODNESS OF THE NEW LIFE WITH HIM THAT THOUGH SHE AT ONCE OR THE SPIRIT 
LOG (gmm-latgen-faster[5.5.1182~1-e02e3]:DecodeUtteranceLatticeFaster():decoder-wrappers.cc:375) Log-like per frame for utterance 39-121915-0005 is -8.61038 over 1526 frames.
39-121915-0009 THEN MISTER MISSUS CHURCH OUR HAVING TWO CHILDREN OF THE END BONE NOR ANY OF NEW CREATURE OF THE WHOLE COMMUNITY CARE FOR COMFORT IT IS THE WHOLE CARCASS TO THE TO FRANK SOON AFTER HIS DECEASE 
LOG (gmm-latgen-faster[5.5.1182~1-e02e3]:DecodeUtteranceLatticeFaster():decoder-wrappers.cc:375) Log-like per frame for utterance 39-121915-0009 is -8.67348 over 1458 frames.
39-121915-0017 I'M COMING OF EACH IT WAS MOST AM LIKELY THEREFORE THAT HE SHOULD EVER FIND HIS FATHER'S ASSISTANCE HIS FATHER HAD NO APPREHENSION OF A THE EPITHET TO PIECES WOMAN ENDEAVORING TO HEAVEN INCARNATE 
LOG (gmm-latgen-faster[5.5.1182~1-e02e3]:DecodeUtteranceLatticeFaster():decoder-wrappers.cc:375) Log-like per frame for utterance 39-121915-0017 is -8.43269 over 1609 frames.
39-121915-0018 BUT ELSEWHERE HE MISTER WILSON THE CHIEF TO BE MENTIONED THAT A DEEPER PEACE TO THE STRONG ENOUGH TO LAUGH AT ONCE TO THE EARTH AND ITS EQUALLY SO IT ASSERTED THE KEEPER HE SAW HER SAD PITY REMINDED HIM SPOKE OF HIM 
LOG (gmm-latgen-faster[5.5.1182~1-e02e3]:DecodeUtteranceLatticeFaster():decoder-wrappers.cc:375) Log-like per frame for utterance 39-121915-0018 is -8.56102 over 1532 frames.
39-121915-0021 BY THE GRIMACES THEY CHUNKY WITH THE FIRST AND SPEAK ONLY MEANS FOR SADNESS THE STREET AND FACING BERYL WITH A KIND FOR ME SUFFERING CHURCH IT CAME AMONG THEM AND UNCALLED STRENGTH AND 
LOG (gmm-latgen-faster[5.5.1182~1-e02e3]:DecodeUtteranceLatticeFaster():decoder-wrappers.cc:375) Log-like per frame for utterance 39-121915-0021 is -8.51262 over 1357 frames.
39-121915-0026 THAT YOU ANNALS OF NO FEEL CHARACTER 
LOG (gmm-latgen-faster[5.5.1182~1-e02e3]:DecodeUtteranceLatticeFaster():decoder-wrappers.cc:375) Log-like per frame for utterance 39-121915-0026 is -8.37462 over 342 frames.
39-121916-0001 HE RECOMMENDED A SISTER'S LOVE THE CIRCLE IN A GREAT MEASURE ASKED WHY HE HAD NOT MUCH INTERESTED IN THE FAMILIES BEGAN A CIRCLE OF HIS HORROR OF THE HOUR SAID MARCHED IN A PRIEST 
LOG (gmm-latgen-faster[5.5.1182~1-e02e3]:DecodeUtteranceLatticeFaster():decoder-wrappers.cc:375) Log-like per frame for utterance 39-121916-0001 is -8.60381 over 1437 frames.
40-121026-0006 THAT YOU TO HIM PERFECTLY POSSIBLE IT WORTH HALF HOUR FOR HIS COMPANIONS GREAT FIELD FOR WITHIN A STEEP HILLSIDES AS WOULD LEAVE TAKING OUT OF THE BROKEN DOWN INTO THE MINDS OF THE DELIGHT OF OPEN 
LOG (gmm-latgen-faster[5.5.1182~1-e02e3]:DecodeUtteranceLatticeFaster():decoder-wrappers.cc:375) Log-like per frame for utterance 40-121026-0006 is -8.51795 over 1400 frames.
40-121026-0008 I AM ANXIOUS TO SEE HER CONSCIENCE HE HAD REFINED AND PERCEIVING TO DIFFUSE FIREPLACE WASTE OF HOPE THAT IS JUST ELEVEN STONE WHICH HAD BARBERS IN HER BENEATH WHICH WOULD HAVE ANY CONSIDERABLE THAT 
LOG (gmm-latgen-faster[5.5.1182~1-e02e3]:DecodeUtteranceLatticeFaster():decoder-wrappers.cc:375) Log-like per frame for utterance 40-121026-0008 is -8.53393 over 1485 frames.
40-121026-0011 THE WINDOW OPEN EVEN THE FOLDS OF CATHOLICS THESE PEARLS INSISTED FIX UPON THE FOURTH INCHES WIDE AND BECAME ON THEIR OAK IF WE MIGHT THINK OF FREEDOM BY DEPRIVING SO PLENTIFUL THAT THE CASE OF THESE REPEATED 
LOG (gmm-latgen-faster[5.5.1182~1-e02e3]:DecodeUtteranceLatticeFaster():decoder-wrappers.cc:375) Log-like per frame for utterance 40-121026-0011 is -8.55051 over 1565 frames.
40-121026-0019 AS THE WORST THE SAVAGES HIMSELF THE FIRM ENOUGH HAVING FELT THAT THE DIFFERENT FAITH IN THE OFFICE THAT FUNNY BONE 
LOG (gmm-latgen-faster[5.5.1182~1-e02e3]:DecodeUtteranceLatticeFaster():decoder-wrappers.cc:375) Log-like per frame for utterance 40-121026-0019 is -8.47771 over 783 frames.
40-121026-0023 A SEPARATE FROM HIM EXCEPT THE MOUTH THAT CONSUMMATE OIL FEEDERS MEN AND SO SAYING HE THOUGHT EVEN TO DISAPPOINT THE SENTINEL SCENES CAN HAVE TO THE NATION 
LOG (gmm-latgen-faster[5.5.1182~1-e02e3]:DecodeUtteranceLatticeFaster():decoder-wrappers.cc:375) Log-like per frame for utterance 40-121026-0023 is -8.46378 over 1413 frames.
40-121026-0024 UNNOTICED AND PRETENDED THEN I HAD BESOUGHT OF THIS HINT AT LAST WHEN A FOOL FOR WHICH WAS HEAVILY SUPPLIES HAD HASTILY DEFENDING THE GOOD WORKING AT FONTAINEBLEAU IS TO UTTER HIS HEAD TO GAIN HIS BREAST 
LOG (gmm-latgen-faster[5.5.1182~1-e02e3]:DecodeUtteranceLatticeFaster():decoder-wrappers.cc:375) Log-like per frame for utterance 40-121026-0024 is -8.51345 over 1520 frames.
40-121026-0025 IF BOBO WHO OWNED BY THE PRESIDENTS WITH STRATA FAIRIES MIND YOU HAVE NOT SEEM THOUGH YOU CONTINUED FIGHTING FOR I DID NOT THINK OF WHITE TIPS ON MY CONSCIOUSNESS IN HIDING PLACE FITTEST OF THIS WINDOW 
LOG (gmm-latgen-faster[5.5.1182~1-e02e3]:DecodeUtteranceLatticeFaster():decoder-wrappers.cc:375) Log-like per frame for utterance 40-121026-0025 is -8.35571 over 1472 frames.
40-121026-0028 THAT I HAD BEEN ABLE TO FURNISH WHAT WORK HIM AND WAS NOT SATISFY YOU SHOOT ONE HAND 
LOG (gmm-latgen-faster[5.5.1182~1-e02e3]:DecodeUtteranceLatticeFaster():decoder-wrappers.cc:375) Log-like per frame for utterance 40-121026-0028 is -8.46536 over 655 frames.
40-222-0006 EVEN MORE WAYWARD WILL BE MADE THE SOOTHING POLITENESS AND HER SPIRIT WERE GRADUALLY LEAST ARE MODEST AND QUALITY SHE DID NOT RETURN EITHER TO FORGET BOY DEFEND THE PAST 
LOG (gmm-latgen-faster[5.5.1182~1-e02e3]:DecodeUtteranceLatticeFaster():decoder-wrappers.cc:375) Log-like per frame for utterance 40-222-0006 is -8.46663 over 1255 frames.
40-222-0008 THEN THAT IT HAD BEEN ALL ABOUT THIRTY SEVEN FEET AND DELUSION EACH TRIFLING CIRCUMSTANCES HE EMPLOYED IN SOME IMAGINATIONS ALL THE LION AND EVERYTHING FOR SOMETHING TO WONDER THIS BY NIGHT WHICH 
LOG (gmm-latgen-faster[5.5.1182~1-e02e3]:DecodeUtteranceLatticeFaster():decoder-wrappers.cc:375) Log-like per frame for utterance 40-222-0008 is -8.29483 over 1500 frames.
40-222-0010 STANDING AS WALLACE HIS RELATIVES WERE SENT AN EVEN AS WELL WORTH MORE INTIMATE DELICATE A MAN PERHAPS THE HUMAN NATURE EVERYTHING IN A GREAT CLOUD EVEN THE MINK WITH THE THE FORM 
LOG (gmm-latgen-faster[5.5.1182~1-e02e3]:DecodeUtteranceLatticeFaster():decoder-wrappers.cc:375) Log-like per frame for utterance 40-222-0010 is -8.49571 over 1353 frames.
40-222-0017 SHE HAD HAPPENED TO THE TO FORGIVE HERSELF AND THE HAPPY THAN EVER ONLY MEANS HAVE BUT I DID NOT FOR HER BY A SENSE OF TONE CREATIONS INTERCOURSE WITH ANOTHER DAY AT LEAST AS THE NATION GENEROSITY 
LOG (gmm-latgen-faster[5.5.1182~1-e02e3]:DecodeUtteranceLatticeFaster():decoder-wrappers.cc:375) Log-like per frame for utterance 40-222-0017 is -8.46638 over 1391 frames.
40-222-0018 THE NOBLEST POND THEN ENTERED INTO THE GUN ASIDE THIS WAY TO WHAT HAD PASSED WAS OF THE GREATEST ASSISTANT HAD ASSUMED AN END SHE HAD SUPPOSED IMPOSSIBLE IN THE BEGINNING OF THE DISTRESS HER SPIRIT THE QUEEN HERSELF THE CAPITOL 
LOG (gmm-latgen-faster[5.5.1182~1-e02e3]:DecodeUtteranceLatticeFaster():decoder-wrappers.cc:375) Log-like per frame for utterance 40-222-0018 is -8.65489 over 1510 frames.
40-222-0026 WHICH MIGHT ENTER AND THAT IF HE HAS DEARLY PAID YOU KNOW ENOUGH TO UNITE NOW FROM NOW THEN POINTED TO KNOW WHEN LIFE OF RAIN 
LOG (gmm-latgen-faster[5.5.1182~1-e02e3]:DecodeUtteranceLatticeFaster():decoder-wrappers.cc:375) Log-like per frame for utterance 40-222-0026 is -8.38253 over 878 frames.
40-222-0045 I HAD WON FAVOUR TO BREAK HIS CAVERN TIDY EXPLOITS IN ACTIVE THAN THAT IF YOU AND WHEN THEY SHOULD BE CONVENIENT YOU THE QUEEN ELIZABETH AND A DROLL WAY OF OUR BREATH AND FRO FROM THIS 
LOG (gmm-latgen-faster[5.5.1182~1-e02e3]:DecodeUtteranceLatticeFaster():decoder-wrappers.cc:375) Log-like per frame for utterance 40-222-0045 is -8.29957 over 1580 frames.
60-121082-0003 YOU NOTICE TO APPROACH OF OVERCOME AND A GARTER AT THE SENTENCE ALL THAT HAD PASSED BETWEEN THEM THOUGH THE WORST OF THE MATTER DO SO VOICE 
LOG (gmm-latgen-faster[5.5.1182~1-e02e3]:DecodeUtteranceLatticeFaster():decoder-wrappers.cc:375) Log-like per frame for utterance 60-121082-0003 is -8.25949 over 951 frames.
60-121082-0008 AND TAKEN INTO CONSIDERATION HOSPITALITY THE COUNT MADE UP HIS MIND TO USE IN THIS SCIENCE A NEIGHBOR ON ACCOUNT OF HERS TO FINISHED THE WORLD THE AGITATION OF THESE ARE 
LOG (gmm-latgen-faster[5.5.1182~1-e02e3]:DecodeUtteranceLatticeFaster():decoder-wrappers.cc:375) Log-like per frame for utterance 60-121082-0008 is -8.2374 over 1236 frames.
60-121082-0057 HAS BEEN TRYING TO ME FOR SHE HAS BEEN TRYING TO YOU THEN TUCKED A VERY FEW GROOM TOOK HOMES AND NOT UNHEARD OF 
LOG (gmm-latgen-faster[5.5.1182~1-e02e3]:DecodeUtteranceLatticeFaster():decoder-wrappers.cc:375) Log-like per frame for utterance 60-121082-0057 is -7.9034 over 1331 frames.
60-121082-0076 I SHOULD LIVE FOX AND RETIRED THE TURRET THAT IS WHAT I WOULD COME TO SLEEP WITH THIS SEEMED EXECUTION IN THE CITY OF THE TO BE BETTER 
LOG (gmm-latgen-faster[5.5.1182~1-e02e3]:DecodeUtteranceLatticeFaster():decoder-wrappers.cc:375) Log-like per frame for utterance 60-121082-0076 is -8.07618 over 1390 frames.
60-121082-0081 WHAT WAS THERE BEFORE THE KING IN ALL ABOUT TO A GOOD FRIENDS WHY I SHOULD CERTAINLY THE REST OF THE BARRIERS THAN HE JUSTIFIES HIMSELF I SHOULD SAY THAT YOU THE FREE THE MONEY 
LOG (gmm-latgen-faster[5.5.1182~1-e02e3]:DecodeUtteranceLatticeFaster():decoder-wrappers.cc:375) Log-like per frame for utterance 60-121082-0081 is -8.23529 over 1570 frames.
60-121082-0082 THIS BECAUSE INGLORIOUS IT WOULD BE FOUND THAT I LEFT HIM ALL WITHOUT GIVING THE MOTIVES AND THAT I SHOULD THEN THE SORT OF THAT TO THE SHORES OF THE MAGISTRATE YOUNG MEN WHY SHOULD BECOME SIMPLY 
LOG (gmm-latgen-faster[5.5.1182~1-e02e3]:DecodeUtteranceLatticeFaster():decoder-wrappers.cc:375) Log-like per frame for utterance 60-121082-0082 is -8.28257 over 1482 frames.
60-121082-0086 WHO HAD NEVER TAKE IT DESIRES OF HIS COMPANION HIS HAND THE PINES BACK AND OPENED TO HIM ON SPANISH NIGHT WHICH HE ALWAYS TRIED WITH HIM TO BE READY AND HASTENED TO EAT 
LOG (gmm-latgen-faster[5.5.1182~1-e02e3]:DecodeUtteranceLatticeFaster():decoder-wrappers.cc:375) Log-like per frame for utterance 60-121082-0086 is -8.0847 over 1470 frames.
60-121082-0088 HE SAID HOW HAPPY WITH THE DOORWAY INTO MY BEST SAID THE INN KEEPER OF THE POND AGAIN SHUTTING OF HIS KNIFE AND THEN WE'LL GET OTHERS 
LOG (gmm-latgen-faster[5.5.1182~1-e02e3]:DecodeUtteranceLatticeFaster():decoder-wrappers.cc:375) Log-like per frame for utterance 60-121082-0088 is -7.74307 over 1489 frames.
60-121082-0090 WE SHALL SEE HE VENTURED TO BREAK OVER WITH LARGE COLOR WHICH THE GROOM OF LEFT BEHIND IT OVER A COUPLE OF ON THIS FACT THEN HE TOOK UP ALL PARTIES AT THAT HE PLACED UPON HIS OWN HEAD AND FINALLY 
LOG (gmm-latgen-faster[5.5.1182~1-e02e3]:DecodeUtteranceLatticeFaster():decoder-wrappers.cc:375) Log-like per frame for utterance 60-121082-0090 is -8.13415 over 1550 frames.
78-368-0001 THE WAY AND PITIFUL TO MYSELF NOW ROSE WITH A VIOLENT WINDS THE MOST EGREGIOUS AND IN HEAVEN'S WAS BEGINNING TO DESCEND 
LOG (gmm-latgen-faster[5.5.1182~1-e02e3]:DecodeUtteranceLatticeFaster():decoder-wrappers.cc:375) Log-like per frame for utterance 78-368-0001 is -8.1489 over 1126 frames.
78-368-0036 AND TOLD THEM THAT AN ACCUSATION TO MAKE THEM TO DESTROY REPLY FAMILY AND AMERICAN LET HIM TO EXERT SO FOR ME FOR THE APPREHENSION OF MARGUERITE 
LOG (gmm-latgen-faster[5.5.1182~1-e02e3]:DecodeUtteranceLatticeFaster():decoder-wrappers.cc:375) Log-like per frame for utterance 78-368-0036 is -8.16706 over 1148 frames.
78-369-0000 CHAPTER TWENTY FOUR OR WHAT HAS A SITUATION WAS ONE IN WHICH ONLY THREE FOR THE SUPPORT OF THEM OFF I WAS CARRIED AWAY BY FURY 
LOG (gmm-latgen-faster[5.5.1182~1-e02e3]:DecodeUtteranceLatticeFaster():decoder-wrappers.cc:375) Log-like per frame for utterance 78-369-0000 is -7.65101 over 1567 frames.
78-369-0006 THE EPITHET TO WAIT FOR THE CRANES EVERYTHING STYLE OF ITS INFLUENCE OF THE TREES WHICH WOULD GENTLY ASKED HIM BY THE WIND THEN I WAS DULY DARK AND SEEN ONE OF ITS OWN 
LOG (gmm-latgen-faster[5.5.1182~1-e02e3]:DecodeUtteranceLatticeFaster():decoder-wrappers.cc:375) Log-like per frame for utterance 78-369-0006 is -7.74372 over 1587 frames.
78-369-0009 OF WHICH I KNEW BY THE SHADE OF ON HER DUTY BY THE DEEP IN ETERNAL GRIEF I FEEL I SWEAR AND BY DEAL MIGHT THEN DISAPPEARED SUPPOSE I HOPE OF THE PURSUIT OF THE MAN 
LOG (gmm-latgen-faster[5.5.1182~1-e02e3]:DecodeUtteranceLatticeFaster():decoder-wrappers.cc:375) Log-like per frame for utterance 78-369-0009 is -7.79828 over 1467 frames.
78-369-0013 THE TRAIN OF MY EARS MORNING HAVE ONLY THE MOMENT WE COULD GIVE THEM I FELT HIS FAULTLESS ROUND THE MAUSOLEUM OF HIM 
LOG (gmm-latgen-faster[5.5.1182~1-e02e3]:DecodeUtteranceLatticeFaster():decoder-wrappers.cc:375) Log-like per frame for utterance 78-369-0013 is -7.74911 over 986 frames.
78-369-0023 OFTEN ALMOST NEW VOICE INTERPOSED THE QUEEN FLORINA HE BEGAN TO FLATTER HIS POOR THING GUARDED THE DIVIDED THE MOMENT WHETHER POWERS OF HAPPINESS TIME I CAN STRIVE TO FILL A PILGRIMAGE 
LOG (gmm-latgen-faster[5.5.1182~1-e02e3]:DecodeUtteranceLatticeFaster():decoder-wrappers.cc:375) Log-like per frame for utterance 78-369-0023 is -7.98533 over 1609 frames.
78-369-0031 THE PIANO I VOW VENGEANCE BEGAN TO I BEHOLD THE HIS VEHEMENT SPOKEN THERE NEVER LIKED THE PLACE FOR CONTROL HE TRIED FOR THE MAN LIVED WITH ITS SKIN 
LOG (gmm-latgen-faster[5.5.1182~1-e02e3]:DecodeUtteranceLatticeFaster():decoder-wrappers.cc:375) Log-like per frame for utterance 78-369-0031 is -7.80469 over 1438 frames.
78-369-0041 THEN I HOPE TO EXPECT INFORMATION REACHED THE BEACH WITH NEW COMERS THEREFORE I PASSED ON THEM INTO THESE RIGHT IN WHICH HE BEHELD THE SEASHORE THE INQUIRED OF THE INHABITANTS 
LOG (gmm-latgen-faster[5.5.1182~1-e02e3]:DecodeUtteranceLatticeFaster():decoder-wrappers.cc:375) Log-like per frame for utterance 78-369-0041 is -7.94435 over 1522 frames.
78-369-0044 HE HAD SPENT WEDNESDAY NIGHT THE JOY OF THE HORSE TOOK THE OLD ENOUGH TO PURSUE THESE THREE PROPHECIES OF ELECTION THE DELIGHT TO KNOW WHEN ANYTHING GET HEARD 
LOG (gmm-latgen-faster[5.5.1182~1-e02e3]:DecodeUtteranceLatticeFaster():decoder-wrappers.cc:375) Log-like per frame for utterance 78-369-0044 is -7.94004 over 1325 frames.
83-11691-0007 FOR NO DOUBT YOUR LITTLE WHILE MISSUS CONEY HANDS HE BEGAN MY TENT POLES LAY THERE WAS ANTONINUS STIFF IN FRONT OF WHICH IS BLIND O SEVEN I HAVE THE VOICES 
LOG (gmm-latgen-faster[5.5.1182~1-e02e3]:DecodeUtteranceLatticeFaster():decoder-wrappers.cc:375) Log-like per frame for utterance 83-11691-0007 is -8.30705 over 1545 frames.
83-11691-0030 HE DARED TO ITSELF OF THE SEA 
LOG (gmm-latgen-faster[5.5.1182~1-e02e3]:DecodeUtteranceLatticeFaster():decoder-wrappers.cc:375) Log-like per frame for utterance 83-11691-0030 is -8.52317 over 337 frames.
83-11691-0033 THAT THE REMEMBRANCE OF HIS APPEARANCE I DID HIM OFF AGAIN I POINTED STAINED WITH HIM A MOMENT LONGER HE THOUGHT I SHOULD HAVE ASKED 
LOG (gmm-latgen-faster[5.5.1182~1-e02e3]:DecodeUtteranceLatticeFaster():decoder-wrappers.cc:375) Log-like per frame for utterance 83-11691-0033 is -8.59886 over 1044 frames.
83-11691-0045 BUT NO DOUBT HE WOULD THINK OF SUNSHINE AND ASLEEP AGAIN DEVICE LATER ON TO YOU REALLY IT AND WITH ALL THIS THAT HE STARTED OFF 
LOG (gmm-latgen-faster[5.5.1182~1-e02e3]:DecodeUtteranceLatticeFaster():decoder-wrappers.cc:375) Log-like per frame for utterance 83-11691-0045 is -8.6103 over 1089 frames.
83-3054-0001 I COMMITTED SEVERAL THERE A MATERIAL PARTS IN MY FATHER'S JOURNEY ACROSS THE ENGLISH CHANNELS HALL AND WHICH THAT THEY MAY NOT BE TOTALLY LOST 
LOG (gmm-latgen-faster[5.5.1182~1-e02e3]:DecodeUtteranceLatticeFaster():decoder-wrappers.cc:375) Log-like per frame for utterance 83-3054-0001 is -8.8302 over 1038 frames.
83-9960-0025 FOR SEVERAL MINUTES HE UTTERED NOT TOWARD IT SWUNG HIS RIGHT FLOOD WHICH HUNG DOWN AND STARED AT THE DANGER WITH AN AIR AND SAVAGE BRAVERY 
LOG (gmm-latgen-faster[5.5.1182~1-e02e3]:DecodeUtteranceLatticeFaster():decoder-wrappers.cc:375) Log-like per frame for utterance 83-9960-0025 is -8.54247 over 1049 frames.
83-9960-0035 IN THIS WAS HERE I DON'T WANT SPRING AND THIS WOULD SPRING CART WE HAD ALL POSSIBLE IN SIZE CHAINS AND WAS OF IRON THE UNFORTUNATE CONVEYED TO SUPPOSE IT IS AS THE EARLIEST YOUTH NOT AT ALL 
LOG (gmm-latgen-faster[5.5.1182~1-e02e3]:DecodeUtteranceLatticeFaster():decoder-wrappers.cc:375) Log-like per frame for utterance 83-9960-0035 is -8.61966 over 1551 frames.
83-9960-0043 SEES AND SENT AN IDEA A TWO OF THE RUFFIANS LAID THEIR HANDS ON HIS SHOULDER AND THEN ASKED MAN WITH A BEEN FILLED WITH SOME BOYS TOGETHER STATION IN FRONT OF THEM 
LOG (gmm-latgen-faster[5.5.1182~1-e02e3]:DecodeUtteranceLatticeFaster():decoder-wrappers.cc:375) Log-like per frame for utterance 83-9960-0043 is -8.55682 over 1279 frames.
87-121553-0013 DOCTOR HIMSELF WITH HIM SINCE THERE AGAIN RAISED NOW TO THE SENSE OF TWO WITH THE FOUR SACKS OF A FORTUNATE FIRST THEY CAN STAY ON THE FAMOUS WHISTLED PAPA DAY 
LOG (gmm-latgen-faster[5.5.1182~1-e02e3]:DecodeUtteranceLatticeFaster():decoder-wrappers.cc:375) Log-like per frame for utterance 87-121553-0013 is -9.11418 over 1186 frames.
87-121553-0030 ITSELF ENTIRELY REMAIN IN ONE BENEFITS AND CIVIL AS POLICIES AND LURCHED OUT AT THE COMMON SENSE THAT ONLY THREE COMPANIONS THESE DAYS AND THE CITY IN HADES I TOLD BECAME DECORATED 
LOG (gmm-latgen-faster[5.5.1182~1-e02e3]:DecodeUtteranceLatticeFaster():decoder-wrappers.cc:375) Log-like per frame for utterance 87-121553-0030 is -9.10336 over 1355 frames.
LOG (apply-cmvn[5.5.1182~1-e02e3]:main():apply-cmvn.cc:162) Applied cepstral mean normalization to 226 utterances, errors on 0
87-121553-0044 IF IT TO REMAIN SAME WHAT MATTER OF THE AIR AGAIN A VISIBLE BEHIND THE DEDICATION OUTSIDE AS THY GREAT POLITENESS AND A DRAWN THEY WERE DANCING TRAINS OF PRINCIPLE OF THE VOICES AN EMOTION SCOTLAND 
LOG (gmm-latgen-faster[5.5.1182~1-e02e3]:DecodeUtteranceLatticeFaster():decoder-wrappers.cc:375) Log-like per frame for utterance 87-121553-0044 is -9.0531 over 1490 frames.
87-121553-0056 INTO MY MEMORY OVERCOME IDEAS FROM THE CROSS OF LOVE HIM GLOOMED FULL OF CHRIST SO THAT I CANNOT FLY HIS SADDLE WOULD BE A FEW PACES CROSS IF WALLACE PRICE AGAIN UP OR AMUSED I HAD SEEN THAT THERE ARE LADEN CHRIST 
LOG (gmm-latgen-faster[5.5.1182~1-e02e3]:DecodeUtteranceLatticeFaster():decoder-wrappers.cc:375) Log-like per frame for utterance 87-121553-0056 is -9.07797 over 1586 frames.
89-219-0010 UNHOLY MADE BY ACCIDENT I DIDN'T 
LOG (gmm-latgen-faster[5.5.1182~1-e02e3]:DecodeUtteranceLatticeFaster():decoder-wrappers.cc:375) Log-like per frame for utterance 89-219-0010 is -8.1789 over 314 frames.
89-219-0055 MADAME DE VILLEFORT I'M GOING THROUGH THICKETS OF FRANCE 
LOG (gmm-latgen-faster[5.5.1182~1-e02e3]:DecodeUtteranceLatticeFaster():decoder-wrappers.cc:375) Log-like per frame for utterance 89-219-0055 is -8.3854 over 423 frames.
LOG (gmm-latgen-faster[5.5.1182~1-e02e3]:main():gmm-latgen-faster.cc:176) Time taken 1671.52s: real-time factor assuming 100 frames/sec is 0.58893
LOG (gmm-latgen-faster[5.5.1182~1-e02e3]:main():gmm-latgen-faster.cc:179) Done 226 utterances, failed for 0
LOG (gmm-latgen-faster[5.5.1182~1-e02e3]:main():gmm-latgen-faster.cc:181) Overall log-likelihood per frame is -8.4393 over 283824 frames.
# Accounting: time=1671 threads=1
# Ended (code 0) at Thu Apr 30 10:52:14 IST 2026, elapsed time 1671 seconds
